Flow report for jtag_uart_top
Wed Feb 06 15:49:49 2019
Quartus II 64-Bit Version 13.1.0 Build 162 10/23/2013 SJ Full Version


---------------------
; Table of Contents ;
---------------------
  1. Legal Notice
  2. Flow Summary
  3. Flow Settings
  4. Flow Non-Default Global Settings
  5. Flow Elapsed Time
  6. Flow OS Summary
  7. Flow Log
  8. Flow Messages
  9. Flow Suppressed Messages



----------------
; Legal Notice ;
----------------
Copyright (C) 1991-2013 Altera Corporation
Your use of Altera Corporation's design tools, logic functions 
and other software and tools, and its AMPP partner logic 
functions, and any output files from any of the foregoing 
(including device programming or simulation files), and any 
associated documentation or information are expressly subject 
to the terms and conditions of the Altera Program License 
Subscription Agreement, Altera MegaCore Function License 
Agreement, or other applicable license agreement, including, 
without limitation, that your use is for the sole purpose of 
programming logic devices manufactured by Altera and sold by 
Altera or its authorized distributors.  Please refer to the 
applicable agreement for further details.



+----------------------------------------------------------------------------------+
; Flow Summary                                                                     ;
+------------------------------------+---------------------------------------------+
; Flow Status                        ; Successful - Wed Feb 06 15:49:49 2019       ;
; Quartus II 64-Bit Version          ; 13.1.0 Build 162 10/23/2013 SJ Full Version ;
; Revision Name                      ; jtag_uart_top                               ;
; Top-level Entity Name              ; jtag_uart_top                               ;
; Family                             ; Cyclone III                                 ;
; Device                             ; EP3C16F256C8                                ;
; Timing Models                      ; Final                                       ;
; Total logic elements               ; 470                                         ;
;     Total combinational functions  ; 290                                         ;
;     Dedicated logic registers      ; 301                                         ;
; Total registers                    ; 301                                         ;
; Total pins                         ; 45                                          ;
; Total virtual pins                 ; 0                                           ;
; Total memory bits                  ; 0                                           ;
; Embedded Multiplier 9-bit elements ; 0                                           ;
; Total PLLs                         ; 0                                           ;
+------------------------------------+---------------------------------------------+


+-----------------------------------------+
; Flow Settings                           ;
+-------------------+---------------------+
; Option            ; Setting             ;
+-------------------+---------------------+
; Start date & time ; 02/06/2019 15:49:43 ;
; Main task         ; Compilation         ;
; Revision Name     ; jtag_uart_top       ;
+-------------------+---------------------+


+----------------------------------------------------------------------------------------------------------------------------------------------------------+
; Flow Non-Default Global Settings                                                                                                                         ;
+-------------------------------------+-------------------------------------------------------------+---------------+-------------------------+------------+
; Assignment Name                     ; Value                                                       ; Default Value ; Entity Name             ; Section Id ;
+-------------------------------------+-------------------------------------------------------------+---------------+-------------------------+------------+
; COMPILER_SIGNATURE_ID               ; 22727978484957.154942138302676                              ; --            ; --                      ; --         ;
; IP_TOOL_ENV                         ; Qsys                                                        ; --            ; altera_reset_controller ; --         ;
; IP_TOOL_ENV                         ; Qsys                                                        ; --            ; jtag_uart               ; --         ;
; IP_TOOL_ENV                         ; Qsys                                                        ; --            ; jtag_uart_jtag_uart     ; --         ;
; IP_TOOL_NAME                        ; altera_reset_controller                                     ; --            ; altera_reset_controller ; --         ;
; IP_TOOL_NAME                        ; Qsys                                                        ; --            ; jtag_uart               ; --         ;
; IP_TOOL_NAME                        ; altera_avalon_jtag_uart                                     ; --            ; jtag_uart_jtag_uart     ; --         ;
; IP_TOOL_VERSION                     ; 13.1                                                        ; --            ; altera_reset_controller ; --         ;
; IP_TOOL_VERSION                     ; 13.1                                                        ; --            ; jtag_uart               ; --         ;
; IP_TOOL_VERSION                     ; 13.1                                                        ; --            ; jtag_uart_jtag_uart     ; --         ;
; MAX_CORE_JUNCTION_TEMP              ; 85                                                          ; --            ; --                      ; --         ;
; MIN_CORE_JUNCTION_TEMP              ; 0                                                           ; --            ; --                      ; --         ;
; MISC_FILE                           ; jtag_uart/synthesis/../../jtag_uart.cmp                     ; --            ; --                      ; --         ;
; MISC_FILE                           ; jtag_uart/synthesis/../../jtag_uart.qsys                    ; --            ; --                      ; --         ;
; PARTITION_COLOR                     ; 16764057                                                    ; --            ; --                      ; Top        ;
; PARTITION_FITTER_PRESERVATION_LEVEL ; PLACEMENT_AND_ROUTING                                       ; --            ; --                      ; Top        ;
; PARTITION_NETLIST_TYPE              ; SOURCE                                                      ; --            ; --                      ; Top        ;
; POWER_BOARD_THERMAL_MODEL           ; None (CONSERVATIVE)                                         ; --            ; --                      ; --         ;
; POWER_PRESET_COOLING_SOLUTION       ; 23 MM HEAT SINK WITH 200 LFPM AIRFLOW                       ; --            ; --                      ; --         ;
; PROJECT_OUTPUT_DIRECTORY            ; output_files                                                ; --            ; --                      ; --         ;
; SLD_FILE                            ; jtag_uart/synthesis/jtag_uart.regmap                        ; --            ; --                      ; --         ;
; SLD_FILE                            ; jtag_uart/synthesis/jtag_uart.debuginfo                     ; --            ; --                      ; --         ;
; SLD_INFO                            ; QSYS_NAME jtag_uart HAS_SOPCINFO 1 GENERATION_ID 1549420767 ; --            ; jtag_uart               ; --         ;
; SOPCINFO_FILE                       ; jtag_uart/synthesis/../../jtag_uart.sopcinfo                ; --            ; --                      ; --         ;
; SYNTHESIS_ONLY_QIP                  ; On                                                          ; --            ; --                      ; --         ;
+-------------------------------------+-------------------------------------------------------------+---------------+-------------------------+------------+


+--------------------------------------------------------------------------------------------------------------------------+
; Flow Elapsed Time                                                                                                        ;
+----------------------+--------------+-------------------------+---------------------+------------------------------------+
; Module Name          ; Elapsed Time ; Average Processors Used ; Peak Virtual Memory ; Total CPU Time (on all processors) ;
+----------------------+--------------+-------------------------+---------------------+------------------------------------+
; Analysis & Synthesis ; 00:00:06     ; 1.0                     ; 4722 MB             ; 00:00:04                           ;
; Total                ; 00:00:06     ; --                      ; --                  ; 00:00:04                           ;
+----------------------+--------------+-------------------------+---------------------+------------------------------------+


+-----------------------------------------------------------------------------------+
; Flow OS Summary                                                                   ;
+----------------------+------------------+-----------+------------+----------------+
; Module Name          ; Machine Hostname ; OS Name   ; OS Version ; Processor type ;
+----------------------+------------------+-----------+------------+----------------+
; Analysis & Synthesis ; DESKTOP-5HOG89F  ; Windows 7 ; 6.2        ; x86_64         ;
+----------------------+------------------+-----------+------------+----------------+


------------
; Flow Log ;
------------
quartus_map --read_settings_files=on --write_settings_files=off jtag_uart_top -c jtag_uart_top



