Archive member included to satisfy reference by file (symbol)

../convolution_bringup_bsp/\libhal_bsp.a(alt_load.o)
                              ../convolution_bringup_bsp//obj/HAL/src/crt0.o (alt_load)
../convolution_bringup_bsp/\libhal_bsp.a(alt_main.o)
                              ../convolution_bringup_bsp//obj/HAL/src/crt0.o (alt_main)
../convolution_bringup_bsp/\libhal_bsp.a(alt_putstr.o)
                              obj/default/convolution_bringup.o (alt_putstr)
../convolution_bringup_bsp/\libhal_bsp.a(alt_sys_init.o)
                              ../convolution_bringup_bsp/\libhal_bsp.a(alt_main.o) (alt_irq_init)
../convolution_bringup_bsp/\libhal_bsp.a(altera_avalon_jtag_uart_write.o)
                              ../convolution_bringup_bsp/\libhal_bsp.a(alt_putstr.o) (altera_avalon_jtag_uart_write)
../convolution_bringup_bsp/\libhal_bsp.a(alt_dcache_flush_all.o)
                              ../convolution_bringup_bsp/\libhal_bsp.a(alt_load.o) (alt_dcache_flush_all)
../convolution_bringup_bsp/\libhal_bsp.a(alt_icache_flush_all.o)
                              ../convolution_bringup_bsp/\libhal_bsp.a(alt_load.o) (alt_icache_flush_all)
../convolution_bringup_bsp/\libhal_bsp.a(altera_nios2_gen2_irq.o)
                              ../convolution_bringup_bsp/\libhal_bsp.a(alt_sys_init.o) (altera_nios2_gen2_irq_init)
c:/intelfpga/18.1/nios2eds/bin/gnu/h-x86_64-mingw32/bin/../lib/gcc/nios2-elf/5.3.0/../../../../../H-x86_64-mingw32/nios2-elf/lib/mno-hw-mul\libsmallc.a(lib_a-strlen.o)
                              ../convolution_bringup_bsp/\libhal_bsp.a(alt_putstr.o) (strlen)

Memory Configuration

Name             Origin             Length             Attributes
reset            0x0000000000004000 0x0000000000000020
onchip_ram       0x0000000000004020 0x0000000000003fe0
sdram            0x0000000004000000 0x0000000004000000
*default*        0x0000000000000000 0xffffffffffffffff

Linker script and memory map

LOAD ../convolution_bringup_bsp//obj/HAL/src/crt0.o
LOAD obj/default/convolution_bringup.o
LOAD c:/intelfpga/18.1/nios2eds/bin/gnu/h-x86_64-mingw32/bin/../lib/gcc/nios2-elf/5.3.0/../../../../../H-x86_64-mingw32/nios2-elf/lib/mno-hw-mul\libstdc++.a
LOAD c:/intelfpga/18.1/nios2eds/bin/gnu/h-x86_64-mingw32/bin/../lib/gcc/nios2-elf/5.3.0/../../../../../H-x86_64-mingw32/nios2-elf/lib/mno-hw-mul\libm.a
LOAD c:/intelfpga/18.1/nios2eds/bin/gnu/h-x86_64-mingw32/bin/../lib/gcc/nios2-elf/5.3.0/mno-hw-mul\libgcc.a
START GROUP
LOAD c:/intelfpga/18.1/nios2eds/bin/gnu/h-x86_64-mingw32/bin/../lib/gcc/nios2-elf/5.3.0/../../../../../H-x86_64-mingw32/nios2-elf/lib/mno-hw-mul\libsmallc.a
LOAD c:/intelfpga/18.1/nios2eds/bin/gnu/h-x86_64-mingw32/bin/../lib/gcc/nios2-elf/5.3.0/mno-hw-mul\libgcc.a
LOAD ../convolution_bringup_bsp/\libhal_bsp.a
LOAD c:/intelfpga/18.1/nios2eds/bin/gnu/h-x86_64-mingw32/bin/../lib/gcc/nios2-elf/5.3.0/../../../../../H-x86_64-mingw32/nios2-elf/lib/mno-hw-mul\libm.a
END GROUP
LOAD c:/intelfpga/18.1/nios2eds/bin/gnu/h-x86_64-mingw32/bin/../lib/gcc/nios2-elf/5.3.0/mno-hw-mul\libgcc.a
                0x0000000000004000                __alt_mem_onchip_ram = 0x4000
                0x0000000004000000                __alt_mem_sdram = 0x4000000

.entry          0x0000000000004000       0x20
 *(.entry)
 .entry         0x0000000000004000       0x20 ../convolution_bringup_bsp//obj/HAL/src/crt0.o
                0x0000000000004000                __reset
                0x000000000000400c                _exit

.exceptions     0x0000000000004020        0x0
                0x0000000000004020                PROVIDE (__ram_exceptions_start, ABSOLUTE (.))
                0x0000000000004020                . = ALIGN (0x20)
 *(.irq)
 *(.exceptions.entry.label)
 *(.exceptions.entry.user)
 *(.exceptions.entry.ecc_fatal)
 *(.exceptions.entry)
 *(.exceptions.irqtest.user)
 *(.exceptions.irqtest)
 *(.exceptions.irqhandler.user)
 *(.exceptions.irqhandler)
 *(.exceptions.irqreturn.user)
 *(.exceptions.irqreturn)
 *(.exceptions.notirq.label)
 *(.exceptions.notirq.user)
 *(.exceptions.notirq)
 *(.exceptions.soft.user)
 *(.exceptions.soft)
 *(.exceptions.unknown.user)
 *(.exceptions.unknown)
 *(.exceptions.exit.label)
 *(.exceptions.exit.user)
 *(.exceptions.exit)
 *(.exceptions)
                0x0000000000004020                PROVIDE (__ram_exceptions_end, ABSOLUTE (.))
                0x0000000000004020                PROVIDE (__flash_exceptions_start, LOADADDR (.exceptions))

.text           0x0000000000004020      0x21c
                [!provide]                        PROVIDE (stext, ABSOLUTE (.))
 *(.interp)
 *(.hash)
 *(.dynsym)
 *(.dynstr)
 *(.gnu.version)
 *(.gnu.version_d)
 *(.gnu.version_r)
 *(.rel.init)
 *(.rela.init)
 *(.rel.text .rel.text.* .rel.gnu.linkonce.t.*)
 *(.rela.text .rela.text.* .rela.gnu.linkonce.t.*)
 *(.rel.fini)
 *(.rela.fini)
 *(.rel.rodata .rel.rodata.* .rel.gnu.linkonce.r.*)
 *(.rela.rodata .rela.rodata.* .rela.gnu.linkonce.r.*)
 *(.rel.data .rel.data.* .rel.gnu.linkonce.d.*)
 *(.rela.data .rela.data.* .rela.gnu.linkonce.d.*)
 *(.rel.tdata .rel.tdata.* .rel.gnu.linkonce.td.*)
 *(.rela.tdata .rela.tdata.* .rela.gnu.linkonce.td.*)
 *(.rel.tbss .rel.tbss.* .rel.gnu.linkonce.tb.*)
 *(.rela.tbss .rela.tbss.* .rela.gnu.linkonce.tb.*)
 *(.rel.ctors)
 *(.rela.ctors)
 *(.rel.dtors)
 *(.rela.dtors)
 *(.rel.got)
 *(.rela.got)
 *(.rel.sdata .rel.sdata.* .rel.gnu.linkonce.s.*)
 *(.rela.sdata .rela.sdata.* .rela.gnu.linkonce.s.*)
 *(.rel.sbss .rel.sbss.* .rel.gnu.linkonce.sb.*)
 *(.rela.sbss .rela.sbss.* .rela.gnu.linkonce.sb.*)
 *(.rel.sdata2 .rel.sdata2.* .rel.gnu.linkonce.s2.*)
 *(.rela.sdata2 .rela.sdata2.* .rela.gnu.linkonce.s2.*)
 *(.rel.sbss2 .rel.sbss2.* .rel.gnu.linkonce.sb2.*)
 *(.rela.sbss2 .rela.sbss2.* .rela.gnu.linkonce.sb2.*)
 *(.rel.bss .rel.bss.* .rel.gnu.linkonce.b.*)
 *(.rela.bss .rela.bss.* .rela.gnu.linkonce.b.*)
 *(.rel.plt)
 *(.rela.plt)
 *(.rel.dyn)
 *(.init)
 *(.plt)
 *(.text .stub .text.* .gnu.linkonce.t.*)
 .text          0x0000000000004020       0x3c ../convolution_bringup_bsp//obj/HAL/src/crt0.o
                0x0000000000004020                _start
 .text          0x000000000000405c        0x0 obj/default/convolution_bringup.o
 .text.startup  0x000000000000405c       0x18 obj/default/convolution_bringup.o
                0x000000000000405c                main
 .text          0x0000000000004074       0xe0 ../convolution_bringup_bsp/\libhal_bsp.a(alt_load.o)
                0x0000000000004074                alt_load
 .text          0x0000000000004154       0x2c ../convolution_bringup_bsp/\libhal_bsp.a(alt_main.o)
                0x0000000000004154                alt_main
 .text          0x0000000000004180       0x38 ../convolution_bringup_bsp/\libhal_bsp.a(alt_putstr.o)
                0x0000000000004180                alt_putstr
 .text          0x00000000000041b8       0x24 ../convolution_bringup_bsp/\libhal_bsp.a(alt_sys_init.o)
                0x00000000000041b8                alt_irq_init
                0x00000000000041d8                alt_sys_init
 .text          0x00000000000041dc       0x34 ../convolution_bringup_bsp/\libhal_bsp.a(altera_avalon_jtag_uart_write.o)
                0x00000000000041dc                altera_avalon_jtag_uart_write
 .text          0x0000000000004210        0x4 ../convolution_bringup_bsp/\libhal_bsp.a(alt_dcache_flush_all.o)
                0x0000000000004210                alt_dcache_flush_all
 .text          0x0000000000004214        0x4 ../convolution_bringup_bsp/\libhal_bsp.a(alt_icache_flush_all.o)
                0x0000000000004214                alt_icache_flush_all
 .text          0x0000000000004218        0x8 ../convolution_bringup_bsp/\libhal_bsp.a(altera_nios2_gen2_irq.o)
                0x0000000000004218                altera_nios2_gen2_irq_init
 .text          0x0000000000004220        0x0 c:/intelfpga/18.1/nios2eds/bin/gnu/h-x86_64-mingw32/bin/../lib/gcc/nios2-elf/5.3.0/../../../../../H-x86_64-mingw32/nios2-elf/lib/mno-hw-mul\libsmallc.a(lib_a-strlen.o)
 .text.strlen   0x0000000000004220       0x1c c:/intelfpga/18.1/nios2eds/bin/gnu/h-x86_64-mingw32/bin/../lib/gcc/nios2-elf/5.3.0/../../../../../H-x86_64-mingw32/nios2-elf/lib/mno-hw-mul\libsmallc.a(lib_a-strlen.o)
                0x0000000000004220                strlen
 *(.gnu.warning.*)
 *(.fini)
                [!provide]                        PROVIDE (__etext, ABSOLUTE (.))
                [!provide]                        PROVIDE (_etext, ABSOLUTE (.))
                [!provide]                        PROVIDE (etext, ABSOLUTE (.))
 *(.eh_frame_hdr)
                0x000000000000423c                . = ALIGN (0x4)
                [!provide]                        PROVIDE (__preinit_array_start, ABSOLUTE (.))
 *(.preinit_array)
                [!provide]                        PROVIDE (__preinit_array_end, ABSOLUTE (.))
                [!provide]                        PROVIDE (__init_array_start, ABSOLUTE (.))
 *(.init_array)
                [!provide]                        PROVIDE (__init_array_end, ABSOLUTE (.))
                [!provide]                        PROVIDE (__fini_array_start, ABSOLUTE (.))
 *(.fini_array)
                [!provide]                        PROVIDE (__fini_array_end, ABSOLUTE (.))
 *(.eh_frame)
 *(.gcc_except_table .gcc_except_table.*)
 *(.dynamic)
                [!provide]                        PROVIDE (__CTOR_LIST__, ABSOLUTE (.))
 *(.ctors)
 *(SORT(.ctors.*))
                [!provide]                        PROVIDE (__CTOR_END__, ABSOLUTE (.))
                [!provide]                        PROVIDE (__DTOR_LIST__, ABSOLUTE (.))
 *(.dtors)
 *(SORT(.dtors.*))
                [!provide]                        PROVIDE (__DTOR_END__, ABSOLUTE (.))
 *(.jcr)
                0x000000000000423c                . = ALIGN (0x4)

.rodata         0x000000000000423c       0x18
                0x000000000000423c                PROVIDE (__ram_rodata_start, ABSOLUTE (.))
                0x000000000000423c                . = ALIGN (0x4)
 *(.rodata .rodata.* .gnu.linkonce.r.*)
 .rodata.str1.4
                0x000000000000423c       0x18 obj/default/convolution_bringup.o
                                         0x15 (size before relaxing)
 *(.rodata1)
                0x0000000000004254                . = ALIGN (0x4)
                0x0000000000004254                PROVIDE (__ram_rodata_end, ABSOLUTE (.))
                0x000000000000423c                PROVIDE (__flash_rodata_start, LOADADDR (.rodata))

.rwdata         0x0000000000004254        0x4 load address 0x0000000000004258
                0x0000000000004254                PROVIDE (__ram_rwdata_start, ABSOLUTE (.))
                0x0000000000004254                . = ALIGN (0x4)
 *(.got.plt)
 *(.got)
 *(.data1)
 *(.data .data.* .gnu.linkonce.d.*)
 .data          0x0000000000004254        0x0 ../convolution_bringup_bsp//obj/HAL/src/crt0.o
 .data          0x0000000000004254        0x0 obj/default/convolution_bringup.o
 .data          0x0000000000004254        0x0 ../convolution_bringup_bsp/\libhal_bsp.a(alt_load.o)
 .data          0x0000000000004254        0x0 ../convolution_bringup_bsp/\libhal_bsp.a(alt_main.o)
 .data          0x0000000000004254        0x0 ../convolution_bringup_bsp/\libhal_bsp.a(alt_putstr.o)
 .data          0x0000000000004254        0x0 ../convolution_bringup_bsp/\libhal_bsp.a(alt_sys_init.o)
 .data          0x0000000000004254        0x0 ../convolution_bringup_bsp/\libhal_bsp.a(altera_avalon_jtag_uart_write.o)
 .data          0x0000000000004254        0x0 ../convolution_bringup_bsp/\libhal_bsp.a(alt_dcache_flush_all.o)
 .data          0x0000000000004254        0x0 ../convolution_bringup_bsp/\libhal_bsp.a(alt_icache_flush_all.o)
 .data          0x0000000000004254        0x0 ../convolution_bringup_bsp/\libhal_bsp.a(altera_nios2_gen2_irq.o)
 .data          0x0000000000004254        0x0 c:/intelfpga/18.1/nios2eds/bin/gnu/h-x86_64-mingw32/bin/../lib/gcc/nios2-elf/5.3.0/../../../../../H-x86_64-mingw32/nios2-elf/lib/mno-hw-mul\libsmallc.a(lib_a-strlen.o)
                0x000000000000c254                _gp = ABSOLUTE ((. + 0x8000))
                [!provide]                        PROVIDE (gp, _gp)
 *(.rwdata .rwdata.*)
 *(.sdata .sdata.* .gnu.linkonce.s.*)
 .sdata         0x0000000000004254        0x4 ../convolution_bringup_bsp/\libhal_bsp.a(alt_sys_init.o)
                0x0000000000004254                jtag_uart
 *(.sdata2 .sdata2.* .gnu.linkonce.s2.*)
                0x0000000000004258                . = ALIGN (0x4)
                0x0000000000004258                _edata = ABSOLUTE (.)
                [!provide]                        PROVIDE (edata, ABSOLUTE (.))
                0x0000000000004258                PROVIDE (__ram_rwdata_end, ABSOLUTE (.))
                0x0000000000004258                PROVIDE (__flash_rwdata_start, LOADADDR (.rwdata))

.bss            0x000000000000425c        0xc
                0x000000000000425c                __bss_start = ABSOLUTE (.)
                [!provide]                        PROVIDE (__sbss_start, ABSOLUTE (.))
                [!provide]                        PROVIDE (___sbss_start, ABSOLUTE (.))
 *(.dynsbss)
 *(.sbss .sbss.* .gnu.linkonce.sb.*)
 .sbss          0x000000000000425c        0xc ../convolution_bringup_bsp/\libhal_bsp.a(alt_main.o)
                0x000000000000425c                alt_envp
                0x0000000000004260                alt_argv
                0x0000000000004264                alt_argc
 *(.sbss2 .sbss2.* .gnu.linkonce.sb2.*)
 *(.scommon)
                [!provide]                        PROVIDE (__sbss_end, ABSOLUTE (.))
                [!provide]                        PROVIDE (___sbss_end, ABSOLUTE (.))
 *(.dynbss)
 *(.bss .bss.* .gnu.linkonce.b.*)
 .bss           0x0000000000004268        0x0 ../convolution_bringup_bsp//obj/HAL/src/crt0.o
 .bss           0x0000000000004268        0x0 obj/default/convolution_bringup.o
 .bss           0x0000000000004268        0x0 ../convolution_bringup_bsp/\libhal_bsp.a(alt_load.o)
 .bss           0x0000000000004268        0x0 ../convolution_bringup_bsp/\libhal_bsp.a(alt_main.o)
 .bss           0x0000000000004268        0x0 ../convolution_bringup_bsp/\libhal_bsp.a(alt_putstr.o)
 .bss           0x0000000000004268        0x0 ../convolution_bringup_bsp/\libhal_bsp.a(alt_sys_init.o)
 .bss           0x0000000000004268        0x0 ../convolution_bringup_bsp/\libhal_bsp.a(altera_avalon_jtag_uart_write.o)
 .bss           0x0000000000004268        0x0 ../convolution_bringup_bsp/\libhal_bsp.a(alt_dcache_flush_all.o)
 .bss           0x0000000000004268        0x0 ../convolution_bringup_bsp/\libhal_bsp.a(alt_icache_flush_all.o)
 .bss           0x0000000000004268        0x0 ../convolution_bringup_bsp/\libhal_bsp.a(altera_nios2_gen2_irq.o)
 .bss           0x0000000000004268        0x0 c:/intelfpga/18.1/nios2eds/bin/gnu/h-x86_64-mingw32/bin/../lib/gcc/nios2-elf/5.3.0/../../../../../H-x86_64-mingw32/nios2-elf/lib/mno-hw-mul\libsmallc.a(lib_a-strlen.o)
 *(COMMON)
                0x0000000000004268                . = ALIGN (0x4)
                0x0000000000004268                __bss_end = ABSOLUTE (.)

.onchip_ram     0x0000000000004268        0x0
                [!provide]                        PROVIDE (_alt_partition_onchip_ram_start, ABSOLUTE (.))
 *(.onchip_ram .onchip_ram. onchip_ram.*)
                0x0000000000004268                . = ALIGN (0x4)
                [!provide]                        PROVIDE (_alt_partition_onchip_ram_end, ABSOLUTE (.))
                0x0000000000004268                _end = ABSOLUTE (.)
                0x0000000000004268                end = ABSOLUTE (.)
                0x0000000000004268                __alt_stack_base = ABSOLUTE (.)
                [!provide]                        PROVIDE (_alt_partition_onchip_ram_load_addr, LOADADDR (.onchip_ram))

.sdram          0x0000000004000000        0x0 load address 0x0000000000004268
                [!provide]                        PROVIDE (_alt_partition_sdram_start, ABSOLUTE (.))
 *(.sdram .sdram. sdram.*)
                0x0000000004000000                . = ALIGN (0x4)
                [!provide]                        PROVIDE (_alt_partition_sdram_end, ABSOLUTE (.))
                [!provide]                        PROVIDE (_alt_partition_sdram_load_addr, LOADADDR (.sdram))

.stab
 *(.stab)

.stabstr
 *(.stabstr)

.stab.excl
 *(.stab.excl)

.stab.exclstr
 *(.stab.exclstr)

.stab.index
 *(.stab.index)

.stab.indexstr
 *(.stab.indexstr)

.comment        0x0000000000000000       0x23
 *(.comment)
 .comment       0x0000000000000000       0x23 obj/default/convolution_bringup.o
                                         0x24 (size before relaxing)
 .comment       0x0000000000000023       0x24 ../convolution_bringup_bsp/\libhal_bsp.a(alt_load.o)
 .comment       0x0000000000000023       0x24 ../convolution_bringup_bsp/\libhal_bsp.a(alt_main.o)
 .comment       0x0000000000000023       0x24 ../convolution_bringup_bsp/\libhal_bsp.a(alt_putstr.o)
 .comment       0x0000000000000023       0x24 ../convolution_bringup_bsp/\libhal_bsp.a(alt_sys_init.o)
 .comment       0x0000000000000023       0x24 ../convolution_bringup_bsp/\libhal_bsp.a(altera_avalon_jtag_uart_write.o)
 .comment       0x0000000000000023       0x24 ../convolution_bringup_bsp/\libhal_bsp.a(alt_dcache_flush_all.o)
 .comment       0x0000000000000023       0x24 ../convolution_bringup_bsp/\libhal_bsp.a(alt_icache_flush_all.o)
 .comment       0x0000000000000023       0x24 ../convolution_bringup_bsp/\libhal_bsp.a(altera_nios2_gen2_irq.o)
 .comment       0x0000000000000023       0x24 c:/intelfpga/18.1/nios2eds/bin/gnu/h-x86_64-mingw32/bin/../lib/gcc/nios2-elf/5.3.0/../../../../../H-x86_64-mingw32/nios2-elf/lib/mno-hw-mul\libsmallc.a(lib_a-strlen.o)

.debug
 *(.debug)

.line
 *(.line)

.debug_srcinfo
 *(.debug_srcinfo)

.debug_sfnames
 *(.debug_sfnames)

.debug_aranges  0x0000000000000000      0x168
 *(.debug_aranges)
 .debug_aranges
                0x0000000000000000       0x28 ../convolution_bringup_bsp//obj/HAL/src/crt0.o
 .debug_aranges
                0x0000000000000028       0x20 obj/default/convolution_bringup.o
 .debug_aranges
                0x0000000000000048       0x20 ../convolution_bringup_bsp/\libhal_bsp.a(alt_load.o)
 .debug_aranges
                0x0000000000000068       0x20 ../convolution_bringup_bsp/\libhal_bsp.a(alt_main.o)
 .debug_aranges
                0x0000000000000088       0x20 ../convolution_bringup_bsp/\libhal_bsp.a(alt_putstr.o)
 .debug_aranges
                0x00000000000000a8       0x20 ../convolution_bringup_bsp/\libhal_bsp.a(alt_sys_init.o)
 .debug_aranges
                0x00000000000000c8       0x20 ../convolution_bringup_bsp/\libhal_bsp.a(altera_avalon_jtag_uart_write.o)
 .debug_aranges
                0x00000000000000e8       0x20 ../convolution_bringup_bsp/\libhal_bsp.a(alt_dcache_flush_all.o)
 .debug_aranges
                0x0000000000000108       0x20 ../convolution_bringup_bsp/\libhal_bsp.a(alt_icache_flush_all.o)
 .debug_aranges
                0x0000000000000128       0x20 ../convolution_bringup_bsp/\libhal_bsp.a(altera_nios2_gen2_irq.o)
 .debug_aranges
                0x0000000000000148       0x20 c:/intelfpga/18.1/nios2eds/bin/gnu/h-x86_64-mingw32/bin/../lib/gcc/nios2-elf/5.3.0/../../../../../H-x86_64-mingw32/nios2-elf/lib/mno-hw-mul\libsmallc.a(lib_a-strlen.o)

.debug_pubnames
 *(.debug_pubnames)

.debug_info     0x0000000000000000      0xb59
 *(.debug_info .gnu.linkonce.wi.*)
 .debug_info    0x0000000000000000       0x99 ../convolution_bringup_bsp//obj/HAL/src/crt0.o
 .debug_info    0x0000000000000099       0xb9 obj/default/convolution_bringup.o
 .debug_info    0x0000000000000152      0x1c9 ../convolution_bringup_bsp/\libhal_bsp.a(alt_load.o)
 .debug_info    0x000000000000031b      0x169 ../convolution_bringup_bsp/\libhal_bsp.a(alt_main.o)
 .debug_info    0x0000000000000484      0x13a ../convolution_bringup_bsp/\libhal_bsp.a(alt_putstr.o)
 .debug_info    0x00000000000005be      0x185 ../convolution_bringup_bsp/\libhal_bsp.a(alt_sys_init.o)
 .debug_info    0x0000000000000743      0x197 ../convolution_bringup_bsp/\libhal_bsp.a(altera_avalon_jtag_uart_write.o)
 .debug_info    0x00000000000008da       0x92 ../convolution_bringup_bsp/\libhal_bsp.a(alt_dcache_flush_all.o)
 .debug_info    0x000000000000096c       0x92 ../convolution_bringup_bsp/\libhal_bsp.a(alt_icache_flush_all.o)
 .debug_info    0x00000000000009fe       0x92 ../convolution_bringup_bsp/\libhal_bsp.a(altera_nios2_gen2_irq.o)
 .debug_info    0x0000000000000a90       0xc9 c:/intelfpga/18.1/nios2eds/bin/gnu/h-x86_64-mingw32/bin/../lib/gcc/nios2-elf/5.3.0/../../../../../H-x86_64-mingw32/nios2-elf/lib/mno-hw-mul\libsmallc.a(lib_a-strlen.o)

.debug_abbrev   0x0000000000000000      0x63b
 *(.debug_abbrev)
 .debug_abbrev  0x0000000000000000       0x12 ../convolution_bringup_bsp//obj/HAL/src/crt0.o
 .debug_abbrev  0x0000000000000012       0x6f obj/default/convolution_bringup.o
 .debug_abbrev  0x0000000000000081       0xd8 ../convolution_bringup_bsp/\libhal_bsp.a(alt_load.o)
 .debug_abbrev  0x0000000000000159       0xee ../convolution_bringup_bsp/\libhal_bsp.a(alt_main.o)
 .debug_abbrev  0x0000000000000247       0xd3 ../convolution_bringup_bsp/\libhal_bsp.a(alt_putstr.o)
 .debug_abbrev  0x000000000000031a      0x107 ../convolution_bringup_bsp/\libhal_bsp.a(alt_sys_init.o)
 .debug_abbrev  0x0000000000000421       0xd5 ../convolution_bringup_bsp/\libhal_bsp.a(altera_avalon_jtag_uart_write.o)
 .debug_abbrev  0x00000000000004f6       0x42 ../convolution_bringup_bsp/\libhal_bsp.a(alt_dcache_flush_all.o)
 .debug_abbrev  0x0000000000000538       0x42 ../convolution_bringup_bsp/\libhal_bsp.a(alt_icache_flush_all.o)
 .debug_abbrev  0x000000000000057a       0x42 ../convolution_bringup_bsp/\libhal_bsp.a(altera_nios2_gen2_irq.o)
 .debug_abbrev  0x00000000000005bc       0x7f c:/intelfpga/18.1/nios2eds/bin/gnu/h-x86_64-mingw32/bin/../lib/gcc/nios2-elf/5.3.0/../../../../../H-x86_64-mingw32/nios2-elf/lib/mno-hw-mul\libsmallc.a(lib_a-strlen.o)

.debug_line     0x0000000000000000      0x71a
 *(.debug_line)
 .debug_line    0x0000000000000000       0x66 ../convolution_bringup_bsp//obj/HAL/src/crt0.o
 .debug_line    0x0000000000000066       0x7f obj/default/convolution_bringup.o
 .debug_line    0x00000000000000e5       0xa4 ../convolution_bringup_bsp/\libhal_bsp.a(alt_load.o)
 .debug_line    0x0000000000000189       0xbd ../convolution_bringup_bsp/\libhal_bsp.a(alt_main.o)
 .debug_line    0x0000000000000246       0x9b ../convolution_bringup_bsp/\libhal_bsp.a(alt_putstr.o)
 .debug_line    0x00000000000002e1      0x101 ../convolution_bringup_bsp/\libhal_bsp.a(alt_sys_init.o)
 .debug_line    0x00000000000003e2       0xf0 ../convolution_bringup_bsp/\libhal_bsp.a(altera_avalon_jtag_uart_write.o)
 .debug_line    0x00000000000004d2       0x4e ../convolution_bringup_bsp/\libhal_bsp.a(alt_dcache_flush_all.o)
 .debug_line    0x0000000000000520       0x4e ../convolution_bringup_bsp/\libhal_bsp.a(alt_icache_flush_all.o)
 .debug_line    0x000000000000056e       0x50 ../convolution_bringup_bsp/\libhal_bsp.a(altera_nios2_gen2_irq.o)
 .debug_line    0x00000000000005be      0x15c c:/intelfpga/18.1/nios2eds/bin/gnu/h-x86_64-mingw32/bin/../lib/gcc/nios2-elf/5.3.0/../../../../../H-x86_64-mingw32/nios2-elf/lib/mno-hw-mul\libsmallc.a(lib_a-strlen.o)

.debug_frame    0x0000000000000000      0x190
 *(.debug_frame)
 .debug_frame   0x0000000000000000       0x28 obj/default/convolution_bringup.o
 .debug_frame   0x0000000000000028       0x30 ../convolution_bringup_bsp/\libhal_bsp.a(alt_load.o)
 .debug_frame   0x0000000000000058       0x2c ../convolution_bringup_bsp/\libhal_bsp.a(alt_main.o)
 .debug_frame   0x0000000000000084       0x30 ../convolution_bringup_bsp/\libhal_bsp.a(alt_putstr.o)
 .debug_frame   0x00000000000000b4       0x3c ../convolution_bringup_bsp/\libhal_bsp.a(alt_sys_init.o)
 .debug_frame   0x00000000000000f0       0x20 ../convolution_bringup_bsp/\libhal_bsp.a(altera_avalon_jtag_uart_write.o)
 .debug_frame   0x0000000000000110       0x20 ../convolution_bringup_bsp/\libhal_bsp.a(alt_dcache_flush_all.o)
 .debug_frame   0x0000000000000130       0x20 ../convolution_bringup_bsp/\libhal_bsp.a(alt_icache_flush_all.o)
 .debug_frame   0x0000000000000150       0x20 ../convolution_bringup_bsp/\libhal_bsp.a(altera_nios2_gen2_irq.o)
 .debug_frame   0x0000000000000170       0x20 c:/intelfpga/18.1/nios2eds/bin/gnu/h-x86_64-mingw32/bin/../lib/gcc/nios2-elf/5.3.0/../../../../../H-x86_64-mingw32/nios2-elf/lib/mno-hw-mul\libsmallc.a(lib_a-strlen.o)

.debug_str      0x0000000000000000      0x600
 *(.debug_str)
 .debug_str     0x0000000000000000      0x130 obj/default/convolution_bringup.o
                                        0x16e (size before relaxing)
 .debug_str     0x0000000000000130      0x180 ../convolution_bringup_bsp/\libhal_bsp.a(alt_load.o)
                                        0x267 (size before relaxing)
 .debug_str     0x00000000000002b0       0x8f ../convolution_bringup_bsp/\libhal_bsp.a(alt_main.o)
                                        0x1e0 (size before relaxing)
 .debug_str     0x000000000000033f       0x64 ../convolution_bringup_bsp/\libhal_bsp.a(alt_putstr.o)
                                        0x1bb (size before relaxing)
 .debug_str     0x00000000000003a3       0x86 ../convolution_bringup_bsp/\libhal_bsp.a(alt_sys_init.o)
                                        0x24f (size before relaxing)
 .debug_str     0x0000000000000429       0x3f ../convolution_bringup_bsp/\libhal_bsp.a(altera_avalon_jtag_uart_write.o)
                                        0x240 (size before relaxing)
 .debug_str     0x0000000000000468       0x1f ../convolution_bringup_bsp/\libhal_bsp.a(alt_dcache_flush_all.o)
                                        0x180 (size before relaxing)
 .debug_str     0x0000000000000487       0x1f ../convolution_bringup_bsp/\libhal_bsp.a(alt_icache_flush_all.o)
                                        0x180 (size before relaxing)
 .debug_str     0x00000000000004a6       0x20 ../convolution_bringup_bsp/\libhal_bsp.a(altera_nios2_gen2_irq.o)
                                        0x187 (size before relaxing)
 .debug_str     0x00000000000004c6      0x13a c:/intelfpga/18.1/nios2eds/bin/gnu/h-x86_64-mingw32/bin/../lib/gcc/nios2-elf/5.3.0/../../../../../H-x86_64-mingw32/nios2-elf/lib/mno-hw-mul\libsmallc.a(lib_a-strlen.o)
                                        0x1e5 (size before relaxing)

.debug_loc      0x0000000000000000      0x101
 *(.debug_loc)
 .debug_loc     0x0000000000000000       0x37 ../convolution_bringup_bsp/\libhal_bsp.a(alt_putstr.o)
 .debug_loc     0x0000000000000037       0x21 ../convolution_bringup_bsp/\libhal_bsp.a(alt_sys_init.o)
 .debug_loc     0x0000000000000058       0x8b ../convolution_bringup_bsp/\libhal_bsp.a(altera_avalon_jtag_uart_write.o)
 .debug_loc     0x00000000000000e3       0x1e c:/intelfpga/18.1/nios2eds/bin/gnu/h-x86_64-mingw32/bin/../lib/gcc/nios2-elf/5.3.0/../../../../../H-x86_64-mingw32/nios2-elf/lib/mno-hw-mul\libsmallc.a(lib_a-strlen.o)

.debug_macinfo
 *(.debug_macinfo)

.debug_weaknames
 *(.debug_weaknames)

.debug_funcnames
 *(.debug_funcnames)

.debug_typenames
 *(.debug_typenames)

.debug_varnames
 *(.debug_varnames)

.debug_alt_sim_info
                0x0000000000000000       0x10
 *(.debug_alt_sim_info)
 .debug_alt_sim_info
                0x0000000000000000       0x10 ../convolution_bringup_bsp//obj/HAL/src/crt0.o
                0x0000000000008000                __alt_data_end = 0x8000
                0x0000000000008000                PROVIDE (__alt_stack_pointer, __alt_data_end)
                [!provide]                        PROVIDE (__alt_stack_limit, __alt_stack_base)
                [!provide]                        PROVIDE (__alt_heap_start, end)
                [!provide]                        PROVIDE (__alt_heap_limit, 0x8000)
OUTPUT(convolution_bringup.elf elf32-littlenios2)

.debug_ranges   0x0000000000000000       0x88
 .debug_ranges  0x0000000000000000       0x20 ../convolution_bringup_bsp//obj/HAL/src/crt0.o
 .debug_ranges  0x0000000000000020       0x10 obj/default/convolution_bringup.o
 .debug_ranges  0x0000000000000030       0x48 ../convolution_bringup_bsp/\libhal_bsp.a(alt_load.o)
 .debug_ranges  0x0000000000000078       0x10 c:/intelfpga/18.1/nios2eds/bin/gnu/h-x86_64-mingw32/bin/../lib/gcc/nios2-elf/5.3.0/../../../../../H-x86_64-mingw32/nios2-elf/lib/mno-hw-mul\libsmallc.a(lib_a-strlen.o)
