Archive member included to satisfy reference by file (symbol)

c:/intelfpga/18.1/nios2eds/bin/gnu/h-x86_64-mingw32/bin/../lib/gcc/nios2-elf/5.3.0/mno-hw-mul\libgcc.a(_udivdi3.o)
                              obj/default/vga_bringup_small.o (__udivdi3)
c:/intelfpga/18.1/nios2eds/bin/gnu/h-x86_64-mingw32/bin/../lib/gcc/nios2-elf/5.3.0/mno-hw-mul\libgcc.a(_umoddi3.o)
                              obj/default/vga_bringup_small.o (__umoddi3)
c:/intelfpga/18.1/nios2eds/bin/gnu/h-x86_64-mingw32/bin/../lib/gcc/nios2-elf/5.3.0/mno-hw-mul\libgcc.a(lib2-divmod.o)
                              obj/default/vga_bringup_small.o (__divsi3)
c:/intelfpga/18.1/nios2eds/bin/gnu/h-x86_64-mingw32/bin/../lib/gcc/nios2-elf/5.3.0/mno-hw-mul\libgcc.a(lib2-mul.o)
                              obj/default/vga_bringup_small.o (__mulsi3)
c:/intelfpga/18.1/nios2eds/bin/gnu/h-x86_64-mingw32/bin/../lib/gcc/nios2-elf/5.3.0/mno-hw-mul\libgcc.a(_clz.o)
                              c:/intelfpga/18.1/nios2eds/bin/gnu/h-x86_64-mingw32/bin/../lib/gcc/nios2-elf/5.3.0/mno-hw-mul\libgcc.a(_udivdi3.o) (__clz_tab)
c:/intelfpga/18.1/nios2eds/bin/gnu/h-x86_64-mingw32/bin/../lib/gcc/nios2-elf/5.3.0/../../../../../H-x86_64-mingw32/nios2-elf/lib/mno-hw-mul\libsmallc.a(lib_a-rand.o)
                              obj/default/vga_bringup_small.o (rand)
c:/intelfpga/18.1/nios2eds/bin/gnu/h-x86_64-mingw32/bin/../lib/gcc/nios2-elf/5.3.0/mno-hw-mul\libgcc.a(_muldi3.o)
                              c:/intelfpga/18.1/nios2eds/bin/gnu/h-x86_64-mingw32/bin/../lib/gcc/nios2-elf/5.3.0/../../../../../H-x86_64-mingw32/nios2-elf/lib/mno-hw-mul\libsmallc.a(lib_a-rand.o) (__muldi3)
../vga_bringup_small_bsp/\libhal_bsp.a(alt_load.o)
                              ../vga_bringup_small_bsp//obj/HAL/src/crt0.o (alt_load)
../vga_bringup_small_bsp/\libhal_bsp.a(alt_main.o)
                              ../vga_bringup_small_bsp//obj/HAL/src/crt0.o (alt_main)
../vga_bringup_small_bsp/\libhal_bsp.a(alt_putstr.o)
                              obj/default/vga_bringup_small.o (alt_putstr)
../vga_bringup_small_bsp/\libhal_bsp.a(alt_usleep.o)
                              obj/default/vga_bringup_small.o (usleep)
../vga_bringup_small_bsp/\libhal_bsp.a(alt_sys_init.o)
                              ../vga_bringup_small_bsp/\libhal_bsp.a(alt_main.o) (alt_irq_init)
../vga_bringup_small_bsp/\libhal_bsp.a(altera_avalon_jtag_uart_write.o)
                              ../vga_bringup_small_bsp/\libhal_bsp.a(alt_putstr.o) (altera_avalon_jtag_uart_write)
../vga_bringup_small_bsp/\libhal_bsp.a(alt_busy_sleep.o)
                              ../vga_bringup_small_bsp/\libhal_bsp.a(alt_usleep.o) (alt_busy_sleep)
../vga_bringup_small_bsp/\libhal_bsp.a(alt_dcache_flush_all.o)
                              ../vga_bringup_small_bsp/\libhal_bsp.a(alt_load.o) (alt_dcache_flush_all)
../vga_bringup_small_bsp/\libhal_bsp.a(alt_icache_flush_all.o)
                              ../vga_bringup_small_bsp/\libhal_bsp.a(alt_load.o) (alt_icache_flush_all)
../vga_bringup_small_bsp/\libhal_bsp.a(altera_nios2_gen2_irq.o)
                              ../vga_bringup_small_bsp/\libhal_bsp.a(alt_sys_init.o) (altera_nios2_gen2_irq_init)
c:/intelfpga/18.1/nios2eds/bin/gnu/h-x86_64-mingw32/bin/../lib/gcc/nios2-elf/5.3.0/../../../../../H-x86_64-mingw32/nios2-elf/lib/mno-hw-mul\libsmallc.a(lib_a-strlen.o)
                              ../vga_bringup_small_bsp/\libhal_bsp.a(alt_putstr.o) (strlen)

Allocating common symbols
Common symbol       size              file

frame1_base         0x4               obj/default/vga_bringup_small.o
cursor_flag         0x4               obj/default/vga_bringup_small.o
frame2_base         0x4               obj/default/vga_bringup_small.o

Memory Configuration

Name             Origin             Length             Attributes
reset            0x0000000000004000 0x0000000000000020
onchip_ram       0x0000000000004020 0x0000000000003fe0
sdram            0x0000000004000000 0x0000000004000000
*default*        0x0000000000000000 0xffffffffffffffff

Linker script and memory map

LOAD ../vga_bringup_small_bsp//obj/HAL/src/crt0.o
LOAD obj/default/vga_bringup_small.o
LOAD c:/intelfpga/18.1/nios2eds/bin/gnu/h-x86_64-mingw32/bin/../lib/gcc/nios2-elf/5.3.0/../../../../../H-x86_64-mingw32/nios2-elf/lib/mno-hw-mul\libstdc++.a
LOAD c:/intelfpga/18.1/nios2eds/bin/gnu/h-x86_64-mingw32/bin/../lib/gcc/nios2-elf/5.3.0/../../../../../H-x86_64-mingw32/nios2-elf/lib/mno-hw-mul\libm.a
LOAD c:/intelfpga/18.1/nios2eds/bin/gnu/h-x86_64-mingw32/bin/../lib/gcc/nios2-elf/5.3.0/mno-hw-mul\libgcc.a
START GROUP
LOAD c:/intelfpga/18.1/nios2eds/bin/gnu/h-x86_64-mingw32/bin/../lib/gcc/nios2-elf/5.3.0/../../../../../H-x86_64-mingw32/nios2-elf/lib/mno-hw-mul\libsmallc.a
LOAD c:/intelfpga/18.1/nios2eds/bin/gnu/h-x86_64-mingw32/bin/../lib/gcc/nios2-elf/5.3.0/mno-hw-mul\libgcc.a
LOAD ../vga_bringup_small_bsp/\libhal_bsp.a
LOAD c:/intelfpga/18.1/nios2eds/bin/gnu/h-x86_64-mingw32/bin/../lib/gcc/nios2-elf/5.3.0/../../../../../H-x86_64-mingw32/nios2-elf/lib/mno-hw-mul\libm.a
END GROUP
LOAD c:/intelfpga/18.1/nios2eds/bin/gnu/h-x86_64-mingw32/bin/../lib/gcc/nios2-elf/5.3.0/mno-hw-mul\libgcc.a
                0x0000000000004000                __alt_mem_onchip_ram = 0x4000
                0x0000000004000000                __alt_mem_sdram = 0x4000000

.entry          0x0000000000004000       0x20
 *(.entry)
 .entry         0x0000000000004000       0x20 ../vga_bringup_small_bsp//obj/HAL/src/crt0.o
                0x0000000000004000                __reset
                0x000000000000400c                _exit

.exceptions     0x0000000000004020        0x0
                0x0000000000004020                PROVIDE (__ram_exceptions_start, ABSOLUTE (.))
                0x0000000000004020                . = ALIGN (0x20)
 *(.irq)
 *(.exceptions.entry.label)
 *(.exceptions.entry.user)
 *(.exceptions.entry.ecc_fatal)
 *(.exceptions.entry)
 *(.exceptions.irqtest.user)
 *(.exceptions.irqtest)
 *(.exceptions.irqhandler.user)
 *(.exceptions.irqhandler)
 *(.exceptions.irqreturn.user)
 *(.exceptions.irqreturn)
 *(.exceptions.notirq.label)
 *(.exceptions.notirq.user)
 *(.exceptions.notirq)
 *(.exceptions.soft.user)
 *(.exceptions.soft)
 *(.exceptions.unknown.user)
 *(.exceptions.unknown)
 *(.exceptions.exit.label)
 *(.exceptions.exit.user)
 *(.exceptions.exit)
 *(.exceptions)
                0x0000000000004020                PROVIDE (__ram_exceptions_end, ABSOLUTE (.))
                0x0000000000004020                PROVIDE (__flash_exceptions_start, LOADADDR (.exceptions))

.text           0x0000000000004020     0x1b48
                [!provide]                        PROVIDE (stext, ABSOLUTE (.))
 *(.interp)
 *(.hash)
 *(.dynsym)
 *(.dynstr)
 *(.gnu.version)
 *(.gnu.version_d)
 *(.gnu.version_r)
 *(.rel.init)
 *(.rela.init)
 *(.rel.text .rel.text.* .rel.gnu.linkonce.t.*)
 *(.rela.text .rela.text.* .rela.gnu.linkonce.t.*)
 *(.rel.fini)
 *(.rela.fini)
 *(.rel.rodata .rel.rodata.* .rel.gnu.linkonce.r.*)
 *(.rela.rodata .rela.rodata.* .rela.gnu.linkonce.r.*)
 *(.rel.data .rel.data.* .rel.gnu.linkonce.d.*)
 *(.rela.data .rela.data.* .rela.gnu.linkonce.d.*)
 *(.rel.tdata .rel.tdata.* .rel.gnu.linkonce.td.*)
 *(.rela.tdata .rela.tdata.* .rela.gnu.linkonce.td.*)
 *(.rel.tbss .rel.tbss.* .rel.gnu.linkonce.tb.*)
 *(.rela.tbss .rela.tbss.* .rela.gnu.linkonce.tb.*)
 *(.rel.ctors)
 *(.rela.ctors)
 *(.rel.dtors)
 *(.rela.dtors)
 *(.rel.got)
 *(.rela.got)
 *(.rel.sdata .rel.sdata.* .rel.gnu.linkonce.s.*)
 *(.rela.sdata .rela.sdata.* .rela.gnu.linkonce.s.*)
 *(.rel.sbss .rel.sbss.* .rel.gnu.linkonce.sb.*)
 *(.rela.sbss .rela.sbss.* .rela.gnu.linkonce.sb.*)
 *(.rel.sdata2 .rel.sdata2.* .rel.gnu.linkonce.s2.*)
 *(.rela.sdata2 .rela.sdata2.* .rela.gnu.linkonce.s2.*)
 *(.rel.sbss2 .rel.sbss2.* .rel.gnu.linkonce.sb2.*)
 *(.rela.sbss2 .rela.sbss2.* .rela.gnu.linkonce.sb2.*)
 *(.rel.bss .rel.bss.* .rel.gnu.linkonce.b.*)
 *(.rela.bss .rela.bss.* .rela.gnu.linkonce.b.*)
 *(.rel.plt)
 *(.rela.plt)
 *(.rel.dyn)
 *(.init)
 *(.plt)
 *(.text .stub .text.* .gnu.linkonce.t.*)
 .text          0x0000000000004020       0x3c ../vga_bringup_small_bsp//obj/HAL/src/crt0.o
                0x0000000000004020                _start
 .text          0x000000000000405c      0x880 obj/default/vga_bringup_small.o
                0x000000000000405c                put_pixel
                0x00000000000040b0                get_pixel
                0x00000000000040fc                plot_cursor
                0x0000000000004194                remove_cursor
                0x0000000000004218                cursor_on
                0x0000000000004224                cursor_off
                0x000000000000422c                plot_line
                0x00000000000043cc                clear
                0x00000000000043f4                plot_char
                0x00000000000044c8                set_char
                0x00000000000044f4                print_pos
                0x0000000000004518                scroll_up
                0x000000000000459c                print_char
                0x000000000000460c                print_string
                0x0000000000004660                print_dec
                0x00000000000047e4                crlf
                0x0000000000004830                bringup_vga
                0x00000000000048a8                get_rand
 .text.startup  0x00000000000048dc      0x11c obj/default/vga_bringup_small.o
                0x00000000000048dc                main
 .text          0x00000000000049f8      0x5fc c:/intelfpga/18.1/nios2eds/bin/gnu/h-x86_64-mingw32/bin/../lib/gcc/nios2-elf/5.3.0/mno-hw-mul\libgcc.a(_udivdi3.o)
                0x00000000000049f8                __udivdi3
 .text          0x0000000000004ff4      0x5c4 c:/intelfpga/18.1/nios2eds/bin/gnu/h-x86_64-mingw32/bin/../lib/gcc/nios2-elf/5.3.0/mno-hw-mul\libgcc.a(_umoddi3.o)
                0x0000000000004ff4                __umoddi3
 .text          0x00000000000055b8      0x1b4 c:/intelfpga/18.1/nios2eds/bin/gnu/h-x86_64-mingw32/bin/../lib/gcc/nios2-elf/5.3.0/mno-hw-mul\libgcc.a(lib2-divmod.o)
                0x00000000000055b8                __divsi3
                0x000000000000563c                __modsi3
                0x00000000000056b0                __udivsi3
                0x0000000000005714                __umodsi3
 .text          0x000000000000576c       0x28 c:/intelfpga/18.1/nios2eds/bin/gnu/h-x86_64-mingw32/bin/../lib/gcc/nios2-elf/5.3.0/mno-hw-mul\libgcc.a(lib2-mul.o)
                0x000000000000576c                __mulsi3
 .text          0x0000000000005794        0x0 c:/intelfpga/18.1/nios2eds/bin/gnu/h-x86_64-mingw32/bin/../lib/gcc/nios2-elf/5.3.0/mno-hw-mul\libgcc.a(_clz.o)
 .text          0x0000000000005794        0x0 c:/intelfpga/18.1/nios2eds/bin/gnu/h-x86_64-mingw32/bin/../lib/gcc/nios2-elf/5.3.0/../../../../../H-x86_64-mingw32/nios2-elf/lib/mno-hw-mul\libsmallc.a(lib_a-rand.o)
 .text.srand    0x0000000000005794       0x14 c:/intelfpga/18.1/nios2eds/bin/gnu/h-x86_64-mingw32/bin/../lib/gcc/nios2-elf/5.3.0/../../../../../H-x86_64-mingw32/nios2-elf/lib/mno-hw-mul\libsmallc.a(lib_a-rand.o)
                0x0000000000005794                srand
 .text.rand     0x00000000000057a8       0x60 c:/intelfpga/18.1/nios2eds/bin/gnu/h-x86_64-mingw32/bin/../lib/gcc/nios2-elf/5.3.0/../../../../../H-x86_64-mingw32/nios2-elf/lib/mno-hw-mul\libsmallc.a(lib_a-rand.o)
                0x00000000000057a8                rand
 .text          0x0000000000005808      0x10c c:/intelfpga/18.1/nios2eds/bin/gnu/h-x86_64-mingw32/bin/../lib/gcc/nios2-elf/5.3.0/mno-hw-mul\libgcc.a(_muldi3.o)
                0x0000000000005808                __muldi3
 .text          0x0000000000005914       0xe0 ../vga_bringup_small_bsp/\libhal_bsp.a(alt_load.o)
                0x0000000000005914                alt_load
 .text          0x00000000000059f4       0x2c ../vga_bringup_small_bsp/\libhal_bsp.a(alt_main.o)
                0x00000000000059f4                alt_main
 .text          0x0000000000005a20       0x38 ../vga_bringup_small_bsp/\libhal_bsp.a(alt_putstr.o)
                0x0000000000005a20                alt_putstr
 .text          0x0000000000005a58        0x4 ../vga_bringup_small_bsp/\libhal_bsp.a(alt_usleep.o)
                0x0000000000005a58                usleep
 .text          0x0000000000005a5c       0x24 ../vga_bringup_small_bsp/\libhal_bsp.a(alt_sys_init.o)
                0x0000000000005a5c                alt_irq_init
                0x0000000000005a7c                alt_sys_init
 .text          0x0000000000005a80       0x34 ../vga_bringup_small_bsp/\libhal_bsp.a(altera_avalon_jtag_uart_write.o)
                0x0000000000005a80                altera_avalon_jtag_uart_write
 .text          0x0000000000005ab4       0x88 ../vga_bringup_small_bsp/\libhal_bsp.a(alt_busy_sleep.o)
                0x0000000000005ab4                alt_busy_sleep
 .text          0x0000000000005b3c        0x4 ../vga_bringup_small_bsp/\libhal_bsp.a(alt_dcache_flush_all.o)
                0x0000000000005b3c                alt_dcache_flush_all
 .text          0x0000000000005b40        0x4 ../vga_bringup_small_bsp/\libhal_bsp.a(alt_icache_flush_all.o)
                0x0000000000005b40                alt_icache_flush_all
 .text          0x0000000000005b44        0x8 ../vga_bringup_small_bsp/\libhal_bsp.a(altera_nios2_gen2_irq.o)
                0x0000000000005b44                altera_nios2_gen2_irq_init
 .text          0x0000000000005b4c        0x0 c:/intelfpga/18.1/nios2eds/bin/gnu/h-x86_64-mingw32/bin/../lib/gcc/nios2-elf/5.3.0/../../../../../H-x86_64-mingw32/nios2-elf/lib/mno-hw-mul\libsmallc.a(lib_a-strlen.o)
 .text.strlen   0x0000000000005b4c       0x1c c:/intelfpga/18.1/nios2eds/bin/gnu/h-x86_64-mingw32/bin/../lib/gcc/nios2-elf/5.3.0/../../../../../H-x86_64-mingw32/nios2-elf/lib/mno-hw-mul\libsmallc.a(lib_a-strlen.o)
                0x0000000000005b4c                strlen
 *(.gnu.warning.*)
 *(.fini)
                [!provide]                        PROVIDE (__etext, ABSOLUTE (.))
                [!provide]                        PROVIDE (_etext, ABSOLUTE (.))
                [!provide]                        PROVIDE (etext, ABSOLUTE (.))
 *(.eh_frame_hdr)
                0x0000000000005b68                . = ALIGN (0x4)
                [!provide]                        PROVIDE (__preinit_array_start, ABSOLUTE (.))
 *(.preinit_array)
                [!provide]                        PROVIDE (__preinit_array_end, ABSOLUTE (.))
                [!provide]                        PROVIDE (__init_array_start, ABSOLUTE (.))
 *(.init_array)
                [!provide]                        PROVIDE (__init_array_end, ABSOLUTE (.))
                [!provide]                        PROVIDE (__fini_array_start, ABSOLUTE (.))
 *(.fini_array)
                [!provide]                        PROVIDE (__fini_array_end, ABSOLUTE (.))
 *(.eh_frame)
 *(.gcc_except_table .gcc_except_table.*)
 *(.dynamic)
                [!provide]                        PROVIDE (__CTOR_LIST__, ABSOLUTE (.))
 *(.ctors)
 *(SORT(.ctors.*))
                [!provide]                        PROVIDE (__CTOR_END__, ABSOLUTE (.))
                [!provide]                        PROVIDE (__DTOR_LIST__, ABSOLUTE (.))
 *(.dtors)
 *(SORT(.dtors.*))
                [!provide]                        PROVIDE (__DTOR_END__, ABSOLUTE (.))
 *(.jcr)
                0x0000000000005b68                . = ALIGN (0x4)

.rodata         0x0000000000005b68      0x138
                0x0000000000005b68                PROVIDE (__ram_rodata_start, ABSOLUTE (.))
                0x0000000000005b68                . = ALIGN (0x4)
 *(.rodata .rodata.* .gnu.linkonce.r.*)
 .rodata.str1.4
                0x0000000000005b68       0x38 obj/default/vga_bringup_small.o
                                         0x36 (size before relaxing)
 .rodata        0x0000000000005ba0      0x100 c:/intelfpga/18.1/nios2eds/bin/gnu/h-x86_64-mingw32/bin/../lib/gcc/nios2-elf/5.3.0/mno-hw-mul\libgcc.a(_clz.o)
                0x0000000000005ba0                __clz_tab
 *(.rodata1)
                0x0000000000005ca0                . = ALIGN (0x4)
                0x0000000000005ca0                PROVIDE (__ram_rodata_end, ABSOLUTE (.))
                0x0000000000005b68                PROVIDE (__flash_rodata_start, LOADADDR (.rodata))

.rwdata         0x0000000000005ca0      0x404 load address 0x00000000000060a4
                0x0000000000005ca0                PROVIDE (__ram_rwdata_start, ABSOLUTE (.))
                0x0000000000005ca0                . = ALIGN (0x4)
 *(.got.plt)
 *(.got)
 *(.data1)
 *(.data .data.* .gnu.linkonce.d.*)
 .data          0x0000000000005ca0        0x0 ../vga_bringup_small_bsp//obj/HAL/src/crt0.o
 .data          0x0000000000005ca0      0x400 obj/default/vga_bringup_small.o
                0x0000000000005ca0                font
 .data          0x00000000000060a0        0x0 c:/intelfpga/18.1/nios2eds/bin/gnu/h-x86_64-mingw32/bin/../lib/gcc/nios2-elf/5.3.0/mno-hw-mul\libgcc.a(_udivdi3.o)
 .data          0x00000000000060a0        0x0 c:/intelfpga/18.1/nios2eds/bin/gnu/h-x86_64-mingw32/bin/../lib/gcc/nios2-elf/5.3.0/mno-hw-mul\libgcc.a(_umoddi3.o)
 .data          0x00000000000060a0        0x0 c:/intelfpga/18.1/nios2eds/bin/gnu/h-x86_64-mingw32/bin/../lib/gcc/nios2-elf/5.3.0/mno-hw-mul\libgcc.a(lib2-divmod.o)
 .data          0x00000000000060a0        0x0 c:/intelfpga/18.1/nios2eds/bin/gnu/h-x86_64-mingw32/bin/../lib/gcc/nios2-elf/5.3.0/mno-hw-mul\libgcc.a(lib2-mul.o)
 .data          0x00000000000060a0        0x0 c:/intelfpga/18.1/nios2eds/bin/gnu/h-x86_64-mingw32/bin/../lib/gcc/nios2-elf/5.3.0/mno-hw-mul\libgcc.a(_clz.o)
 .data          0x00000000000060a0        0x0 c:/intelfpga/18.1/nios2eds/bin/gnu/h-x86_64-mingw32/bin/../lib/gcc/nios2-elf/5.3.0/../../../../../H-x86_64-mingw32/nios2-elf/lib/mno-hw-mul\libsmallc.a(lib_a-rand.o)
 .data          0x00000000000060a0        0x0 c:/intelfpga/18.1/nios2eds/bin/gnu/h-x86_64-mingw32/bin/../lib/gcc/nios2-elf/5.3.0/mno-hw-mul\libgcc.a(_muldi3.o)
 .data          0x00000000000060a0        0x0 ../vga_bringup_small_bsp/\libhal_bsp.a(alt_load.o)
 .data          0x00000000000060a0        0x0 ../vga_bringup_small_bsp/\libhal_bsp.a(alt_main.o)
 .data          0x00000000000060a0        0x0 ../vga_bringup_small_bsp/\libhal_bsp.a(alt_putstr.o)
 .data          0x00000000000060a0        0x0 ../vga_bringup_small_bsp/\libhal_bsp.a(alt_usleep.o)
 .data          0x00000000000060a0        0x0 ../vga_bringup_small_bsp/\libhal_bsp.a(alt_sys_init.o)
 .data          0x00000000000060a0        0x0 ../vga_bringup_small_bsp/\libhal_bsp.a(altera_avalon_jtag_uart_write.o)
 .data          0x00000000000060a0        0x0 ../vga_bringup_small_bsp/\libhal_bsp.a(alt_busy_sleep.o)
 .data          0x00000000000060a0        0x0 ../vga_bringup_small_bsp/\libhal_bsp.a(alt_dcache_flush_all.o)
 .data          0x00000000000060a0        0x0 ../vga_bringup_small_bsp/\libhal_bsp.a(alt_icache_flush_all.o)
 .data          0x00000000000060a0        0x0 ../vga_bringup_small_bsp/\libhal_bsp.a(altera_nios2_gen2_irq.o)
 .data          0x00000000000060a0        0x0 c:/intelfpga/18.1/nios2eds/bin/gnu/h-x86_64-mingw32/bin/../lib/gcc/nios2-elf/5.3.0/../../../../../H-x86_64-mingw32/nios2-elf/lib/mno-hw-mul\libsmallc.a(lib_a-strlen.o)
                0x000000000000e0a0                _gp = ABSOLUTE ((. + 0x8000))
                [!provide]                        PROVIDE (gp, _gp)
 *(.rwdata .rwdata.*)
 *(.sdata .sdata.* .gnu.linkonce.s.*)
 .sdata         0x00000000000060a0        0x4 ../vga_bringup_small_bsp/\libhal_bsp.a(alt_sys_init.o)
                0x00000000000060a0                jtag_uart
 *(.sdata2 .sdata2.* .gnu.linkonce.s2.*)
                0x00000000000060a4                . = ALIGN (0x4)
                0x00000000000060a4                _edata = ABSOLUTE (.)
                [!provide]                        PROVIDE (edata, ABSOLUTE (.))
                0x00000000000060a4                PROVIDE (__ram_rwdata_end, ABSOLUTE (.))
                0x00000000000060a4                PROVIDE (__flash_rwdata_start, LOADADDR (.rwdata))

.bss            0x00000000000064a8       0x28
                0x00000000000064a8                __bss_start = ABSOLUTE (.)
                [!provide]                        PROVIDE (__sbss_start, ABSOLUTE (.))
                [!provide]                        PROVIDE (___sbss_start, ABSOLUTE (.))
 *(.dynsbss)
 *(.sbss .sbss.* .gnu.linkonce.sb.*)
 .sbss          0x00000000000064a8        0x8 obj/default/vga_bringup_small.o
                0x00000000000064a8                ch_ypos
                0x00000000000064ac                ch_xpos
 .sbss          0x00000000000064b0        0xc obj/default/vga_bringup_small.o
                0x00000000000064b0                frame1_base
                0x00000000000064b4                cursor_flag
                0x00000000000064b8                frame2_base
 .sbss._randbits
                0x00000000000064bc        0x8 c:/intelfpga/18.1/nios2eds/bin/gnu/h-x86_64-mingw32/bin/../lib/gcc/nios2-elf/5.3.0/../../../../../H-x86_64-mingw32/nios2-elf/lib/mno-hw-mul\libsmallc.a(lib_a-rand.o)
 .sbss          0x00000000000064c4        0xc ../vga_bringup_small_bsp/\libhal_bsp.a(alt_main.o)
                0x00000000000064c4                alt_envp
                0x00000000000064c8                alt_argv
                0x00000000000064cc                alt_argc
 *(.sbss2 .sbss2.* .gnu.linkonce.sb2.*)
 *(.scommon)
                [!provide]                        PROVIDE (__sbss_end, ABSOLUTE (.))
                [!provide]                        PROVIDE (___sbss_end, ABSOLUTE (.))
 *(.dynbss)
 *(.bss .bss.* .gnu.linkonce.b.*)
 .bss           0x00000000000064d0        0x0 ../vga_bringup_small_bsp//obj/HAL/src/crt0.o
 .bss           0x00000000000064d0        0x0 obj/default/vga_bringup_small.o
 .bss           0x00000000000064d0        0x0 c:/intelfpga/18.1/nios2eds/bin/gnu/h-x86_64-mingw32/bin/../lib/gcc/nios2-elf/5.3.0/mno-hw-mul\libgcc.a(_udivdi3.o)
 .bss           0x00000000000064d0        0x0 c:/intelfpga/18.1/nios2eds/bin/gnu/h-x86_64-mingw32/bin/../lib/gcc/nios2-elf/5.3.0/mno-hw-mul\libgcc.a(_umoddi3.o)
 .bss           0x00000000000064d0        0x0 c:/intelfpga/18.1/nios2eds/bin/gnu/h-x86_64-mingw32/bin/../lib/gcc/nios2-elf/5.3.0/mno-hw-mul\libgcc.a(lib2-divmod.o)
 .bss           0x00000000000064d0        0x0 c:/intelfpga/18.1/nios2eds/bin/gnu/h-x86_64-mingw32/bin/../lib/gcc/nios2-elf/5.3.0/mno-hw-mul\libgcc.a(lib2-mul.o)
 .bss           0x00000000000064d0        0x0 c:/intelfpga/18.1/nios2eds/bin/gnu/h-x86_64-mingw32/bin/../lib/gcc/nios2-elf/5.3.0/mno-hw-mul\libgcc.a(_clz.o)
 .bss           0x00000000000064d0        0x0 c:/intelfpga/18.1/nios2eds/bin/gnu/h-x86_64-mingw32/bin/../lib/gcc/nios2-elf/5.3.0/../../../../../H-x86_64-mingw32/nios2-elf/lib/mno-hw-mul\libsmallc.a(lib_a-rand.o)
 .bss           0x00000000000064d0        0x0 c:/intelfpga/18.1/nios2eds/bin/gnu/h-x86_64-mingw32/bin/../lib/gcc/nios2-elf/5.3.0/mno-hw-mul\libgcc.a(_muldi3.o)
 .bss           0x00000000000064d0        0x0 ../vga_bringup_small_bsp/\libhal_bsp.a(alt_load.o)
 .bss           0x00000000000064d0        0x0 ../vga_bringup_small_bsp/\libhal_bsp.a(alt_main.o)
 .bss           0x00000000000064d0        0x0 ../vga_bringup_small_bsp/\libhal_bsp.a(alt_putstr.o)
 .bss           0x00000000000064d0        0x0 ../vga_bringup_small_bsp/\libhal_bsp.a(alt_usleep.o)
 .bss           0x00000000000064d0        0x0 ../vga_bringup_small_bsp/\libhal_bsp.a(alt_sys_init.o)
 .bss           0x00000000000064d0        0x0 ../vga_bringup_small_bsp/\libhal_bsp.a(altera_avalon_jtag_uart_write.o)
 .bss           0x00000000000064d0        0x0 ../vga_bringup_small_bsp/\libhal_bsp.a(alt_busy_sleep.o)
 .bss           0x00000000000064d0        0x0 ../vga_bringup_small_bsp/\libhal_bsp.a(alt_dcache_flush_all.o)
 .bss           0x00000000000064d0        0x0 ../vga_bringup_small_bsp/\libhal_bsp.a(alt_icache_flush_all.o)
 .bss           0x00000000000064d0        0x0 ../vga_bringup_small_bsp/\libhal_bsp.a(altera_nios2_gen2_irq.o)
 .bss           0x00000000000064d0        0x0 c:/intelfpga/18.1/nios2eds/bin/gnu/h-x86_64-mingw32/bin/../lib/gcc/nios2-elf/5.3.0/../../../../../H-x86_64-mingw32/nios2-elf/lib/mno-hw-mul\libsmallc.a(lib_a-strlen.o)
 *(COMMON)
                0x00000000000064d0                . = ALIGN (0x4)
                0x00000000000064d0                __bss_end = ABSOLUTE (.)

.onchip_ram     0x00000000000064d0        0x0
                [!provide]                        PROVIDE (_alt_partition_onchip_ram_start, ABSOLUTE (.))
 *(.onchip_ram .onchip_ram. onchip_ram.*)
                0x00000000000064d0                . = ALIGN (0x4)
                [!provide]                        PROVIDE (_alt_partition_onchip_ram_end, ABSOLUTE (.))
                0x00000000000064d0                _end = ABSOLUTE (.)
                0x00000000000064d0                end = ABSOLUTE (.)
                0x00000000000064d0                __alt_stack_base = ABSOLUTE (.)
                [!provide]                        PROVIDE (_alt_partition_onchip_ram_load_addr, LOADADDR (.onchip_ram))

.sdram          0x0000000004000000        0x0 load address 0x00000000000064d0
                [!provide]                        PROVIDE (_alt_partition_sdram_start, ABSOLUTE (.))
 *(.sdram .sdram. sdram.*)
                0x0000000004000000                . = ALIGN (0x4)
                [!provide]                        PROVIDE (_alt_partition_sdram_end, ABSOLUTE (.))
                [!provide]                        PROVIDE (_alt_partition_sdram_load_addr, LOADADDR (.sdram))

.stab
 *(.stab)

.stabstr
 *(.stabstr)

.stab.excl
 *(.stab.excl)

.stab.exclstr
 *(.stab.exclstr)

.stab.index
 *(.stab.index)

.stab.indexstr
 *(.stab.indexstr)

.comment        0x0000000000000000       0x23
 *(.comment)
 .comment       0x0000000000000000       0x23 obj/default/vga_bringup_small.o
                                         0x24 (size before relaxing)
 .comment       0x0000000000000023       0x24 c:/intelfpga/18.1/nios2eds/bin/gnu/h-x86_64-mingw32/bin/../lib/gcc/nios2-elf/5.3.0/mno-hw-mul\libgcc.a(_udivdi3.o)
 .comment       0x0000000000000023       0x24 c:/intelfpga/18.1/nios2eds/bin/gnu/h-x86_64-mingw32/bin/../lib/gcc/nios2-elf/5.3.0/mno-hw-mul\libgcc.a(_umoddi3.o)
 .comment       0x0000000000000023       0x24 c:/intelfpga/18.1/nios2eds/bin/gnu/h-x86_64-mingw32/bin/../lib/gcc/nios2-elf/5.3.0/mno-hw-mul\libgcc.a(lib2-divmod.o)
 .comment       0x0000000000000023       0x24 c:/intelfpga/18.1/nios2eds/bin/gnu/h-x86_64-mingw32/bin/../lib/gcc/nios2-elf/5.3.0/mno-hw-mul\libgcc.a(lib2-mul.o)
 .comment       0x0000000000000023       0x24 c:/intelfpga/18.1/nios2eds/bin/gnu/h-x86_64-mingw32/bin/../lib/gcc/nios2-elf/5.3.0/mno-hw-mul\libgcc.a(_clz.o)
 .comment       0x0000000000000023       0x24 c:/intelfpga/18.1/nios2eds/bin/gnu/h-x86_64-mingw32/bin/../lib/gcc/nios2-elf/5.3.0/../../../../../H-x86_64-mingw32/nios2-elf/lib/mno-hw-mul\libsmallc.a(lib_a-rand.o)
 .comment       0x0000000000000023       0x24 c:/intelfpga/18.1/nios2eds/bin/gnu/h-x86_64-mingw32/bin/../lib/gcc/nios2-elf/5.3.0/mno-hw-mul\libgcc.a(_muldi3.o)
 .comment       0x0000000000000023       0x24 ../vga_bringup_small_bsp/\libhal_bsp.a(alt_load.o)
 .comment       0x0000000000000023       0x24 ../vga_bringup_small_bsp/\libhal_bsp.a(alt_main.o)
 .comment       0x0000000000000023       0x24 ../vga_bringup_small_bsp/\libhal_bsp.a(alt_putstr.o)
 .comment       0x0000000000000023       0x24 ../vga_bringup_small_bsp/\libhal_bsp.a(alt_usleep.o)
 .comment       0x0000000000000023       0x24 ../vga_bringup_small_bsp/\libhal_bsp.a(alt_sys_init.o)
 .comment       0x0000000000000023       0x24 ../vga_bringup_small_bsp/\libhal_bsp.a(altera_avalon_jtag_uart_write.o)
 .comment       0x0000000000000023       0x24 ../vga_bringup_small_bsp/\libhal_bsp.a(alt_busy_sleep.o)
 .comment       0x0000000000000023       0x24 ../vga_bringup_small_bsp/\libhal_bsp.a(alt_dcache_flush_all.o)
 .comment       0x0000000000000023       0x24 ../vga_bringup_small_bsp/\libhal_bsp.a(alt_icache_flush_all.o)
 .comment       0x0000000000000023       0x24 ../vga_bringup_small_bsp/\libhal_bsp.a(altera_nios2_gen2_irq.o)
 .comment       0x0000000000000023       0x24 c:/intelfpga/18.1/nios2eds/bin/gnu/h-x86_64-mingw32/bin/../lib/gcc/nios2-elf/5.3.0/../../../../../H-x86_64-mingw32/nios2-elf/lib/mno-hw-mul\libsmallc.a(lib_a-strlen.o)

.debug
 *(.debug)

.line
 *(.line)

.debug_srcinfo
 *(.debug_srcinfo)

.debug_sfnames
 *(.debug_sfnames)

.debug_aranges  0x0000000000000000      0x290
 *(.debug_aranges)
 .debug_aranges
                0x0000000000000000       0x28 ../vga_bringup_small_bsp//obj/HAL/src/crt0.o
 .debug_aranges
                0x0000000000000028       0x28 obj/default/vga_bringup_small.o
 .debug_aranges
                0x0000000000000050       0x20 c:/intelfpga/18.1/nios2eds/bin/gnu/h-x86_64-mingw32/bin/../lib/gcc/nios2-elf/5.3.0/mno-hw-mul\libgcc.a(_udivdi3.o)
 .debug_aranges
                0x0000000000000070       0x20 c:/intelfpga/18.1/nios2eds/bin/gnu/h-x86_64-mingw32/bin/../lib/gcc/nios2-elf/5.3.0/mno-hw-mul\libgcc.a(_umoddi3.o)
 .debug_aranges
                0x0000000000000090       0x20 c:/intelfpga/18.1/nios2eds/bin/gnu/h-x86_64-mingw32/bin/../lib/gcc/nios2-elf/5.3.0/mno-hw-mul\libgcc.a(lib2-divmod.o)
 .debug_aranges
                0x00000000000000b0       0x20 c:/intelfpga/18.1/nios2eds/bin/gnu/h-x86_64-mingw32/bin/../lib/gcc/nios2-elf/5.3.0/mno-hw-mul\libgcc.a(lib2-mul.o)
 .debug_aranges
                0x00000000000000d0       0x18 c:/intelfpga/18.1/nios2eds/bin/gnu/h-x86_64-mingw32/bin/../lib/gcc/nios2-elf/5.3.0/mno-hw-mul\libgcc.a(_clz.o)
 .debug_aranges
                0x00000000000000e8       0x28 c:/intelfpga/18.1/nios2eds/bin/gnu/h-x86_64-mingw32/bin/../lib/gcc/nios2-elf/5.3.0/../../../../../H-x86_64-mingw32/nios2-elf/lib/mno-hw-mul\libsmallc.a(lib_a-rand.o)
 .debug_aranges
                0x0000000000000110       0x20 c:/intelfpga/18.1/nios2eds/bin/gnu/h-x86_64-mingw32/bin/../lib/gcc/nios2-elf/5.3.0/mno-hw-mul\libgcc.a(_muldi3.o)
 .debug_aranges
                0x0000000000000130       0x20 ../vga_bringup_small_bsp/\libhal_bsp.a(alt_load.o)
 .debug_aranges
                0x0000000000000150       0x20 ../vga_bringup_small_bsp/\libhal_bsp.a(alt_main.o)
 .debug_aranges
                0x0000000000000170       0x20 ../vga_bringup_small_bsp/\libhal_bsp.a(alt_putstr.o)
 .debug_aranges
                0x0000000000000190       0x20 ../vga_bringup_small_bsp/\libhal_bsp.a(alt_usleep.o)
 .debug_aranges
                0x00000000000001b0       0x20 ../vga_bringup_small_bsp/\libhal_bsp.a(alt_sys_init.o)
 .debug_aranges
                0x00000000000001d0       0x20 ../vga_bringup_small_bsp/\libhal_bsp.a(altera_avalon_jtag_uart_write.o)
 .debug_aranges
                0x00000000000001f0       0x20 ../vga_bringup_small_bsp/\libhal_bsp.a(alt_busy_sleep.o)
 .debug_aranges
                0x0000000000000210       0x20 ../vga_bringup_small_bsp/\libhal_bsp.a(alt_dcache_flush_all.o)
 .debug_aranges
                0x0000000000000230       0x20 ../vga_bringup_small_bsp/\libhal_bsp.a(alt_icache_flush_all.o)
 .debug_aranges
                0x0000000000000250       0x20 ../vga_bringup_small_bsp/\libhal_bsp.a(altera_nios2_gen2_irq.o)
 .debug_aranges
                0x0000000000000270       0x20 c:/intelfpga/18.1/nios2eds/bin/gnu/h-x86_64-mingw32/bin/../lib/gcc/nios2-elf/5.3.0/../../../../../H-x86_64-mingw32/nios2-elf/lib/mno-hw-mul\libsmallc.a(lib_a-strlen.o)

.debug_pubnames
 *(.debug_pubnames)

.debug_info     0x0000000000000000     0x3162
 *(.debug_info .gnu.linkonce.wi.*)
 .debug_info    0x0000000000000000       0x8e ../vga_bringup_small_bsp//obj/HAL/src/crt0.o
 .debug_info    0x000000000000008e      0xaaa obj/default/vga_bringup_small.o
 .debug_info    0x0000000000000b38      0x712 c:/intelfpga/18.1/nios2eds/bin/gnu/h-x86_64-mingw32/bin/../lib/gcc/nios2-elf/5.3.0/mno-hw-mul\libgcc.a(_udivdi3.o)
 .debug_info    0x000000000000124a      0x767 c:/intelfpga/18.1/nios2eds/bin/gnu/h-x86_64-mingw32/bin/../lib/gcc/nios2-elf/5.3.0/mno-hw-mul\libgcc.a(_umoddi3.o)
 .debug_info    0x00000000000019b1      0x2c6 c:/intelfpga/18.1/nios2eds/bin/gnu/h-x86_64-mingw32/bin/../lib/gcc/nios2-elf/5.3.0/mno-hw-mul\libgcc.a(lib2-divmod.o)
 .debug_info    0x0000000000001c77       0xb4 c:/intelfpga/18.1/nios2eds/bin/gnu/h-x86_64-mingw32/bin/../lib/gcc/nios2-elf/5.3.0/mno-hw-mul\libgcc.a(lib2-mul.o)
 .debug_info    0x0000000000001d2b       0xb2 c:/intelfpga/18.1/nios2eds/bin/gnu/h-x86_64-mingw32/bin/../lib/gcc/nios2-elf/5.3.0/mno-hw-mul\libgcc.a(_clz.o)
 .debug_info    0x0000000000001ddd      0x5ec c:/intelfpga/18.1/nios2eds/bin/gnu/h-x86_64-mingw32/bin/../lib/gcc/nios2-elf/5.3.0/../../../../../H-x86_64-mingw32/nios2-elf/lib/mno-hw-mul\libsmallc.a(lib_a-rand.o)
 .debug_info    0x00000000000023c9      0x1e9 c:/intelfpga/18.1/nios2eds/bin/gnu/h-x86_64-mingw32/bin/../lib/gcc/nios2-elf/5.3.0/mno-hw-mul\libgcc.a(_muldi3.o)
 .debug_info    0x00000000000025b2      0x1c9 ../vga_bringup_small_bsp/\libhal_bsp.a(alt_load.o)
 .debug_info    0x000000000000277b      0x169 ../vga_bringup_small_bsp/\libhal_bsp.a(alt_main.o)
 .debug_info    0x00000000000028e4      0x13a ../vga_bringup_small_bsp/\libhal_bsp.a(alt_putstr.o)
 .debug_info    0x0000000000002a1e       0xd1 ../vga_bringup_small_bsp/\libhal_bsp.a(alt_usleep.o)
 .debug_info    0x0000000000002aef      0x185 ../vga_bringup_small_bsp/\libhal_bsp.a(alt_sys_init.o)
 .debug_info    0x0000000000002c74      0x197 ../vga_bringup_small_bsp/\libhal_bsp.a(altera_avalon_jtag_uart_write.o)
 .debug_info    0x0000000000002e0b       0xd8 ../vga_bringup_small_bsp/\libhal_bsp.a(alt_busy_sleep.o)
 .debug_info    0x0000000000002ee3       0x92 ../vga_bringup_small_bsp/\libhal_bsp.a(alt_dcache_flush_all.o)
 .debug_info    0x0000000000002f75       0x92 ../vga_bringup_small_bsp/\libhal_bsp.a(alt_icache_flush_all.o)
 .debug_info    0x0000000000003007       0x92 ../vga_bringup_small_bsp/\libhal_bsp.a(altera_nios2_gen2_irq.o)
 .debug_info    0x0000000000003099       0xc9 c:/intelfpga/18.1/nios2eds/bin/gnu/h-x86_64-mingw32/bin/../lib/gcc/nios2-elf/5.3.0/../../../../../H-x86_64-mingw32/nios2-elf/lib/mno-hw-mul\libsmallc.a(lib_a-strlen.o)

.debug_abbrev   0x0000000000000000     0x1040
 *(.debug_abbrev)
 .debug_abbrev  0x0000000000000000       0x12 ../vga_bringup_small_bsp//obj/HAL/src/crt0.o
 .debug_abbrev  0x0000000000000012      0x206 obj/default/vga_bringup_small.o
 .debug_abbrev  0x0000000000000218      0x167 c:/intelfpga/18.1/nios2eds/bin/gnu/h-x86_64-mingw32/bin/../lib/gcc/nios2-elf/5.3.0/mno-hw-mul\libgcc.a(_udivdi3.o)
 .debug_abbrev  0x000000000000037f      0x193 c:/intelfpga/18.1/nios2eds/bin/gnu/h-x86_64-mingw32/bin/../lib/gcc/nios2-elf/5.3.0/mno-hw-mul\libgcc.a(_umoddi3.o)
 .debug_abbrev  0x0000000000000512      0x10e c:/intelfpga/18.1/nios2eds/bin/gnu/h-x86_64-mingw32/bin/../lib/gcc/nios2-elf/5.3.0/mno-hw-mul\libgcc.a(lib2-divmod.o)
 .debug_abbrev  0x0000000000000620       0x6f c:/intelfpga/18.1/nios2eds/bin/gnu/h-x86_64-mingw32/bin/../lib/gcc/nios2-elf/5.3.0/mno-hw-mul\libgcc.a(lib2-mul.o)
 .debug_abbrev  0x000000000000068f       0x5d c:/intelfpga/18.1/nios2eds/bin/gnu/h-x86_64-mingw32/bin/../lib/gcc/nios2-elf/5.3.0/mno-hw-mul\libgcc.a(_clz.o)
 .debug_abbrev  0x00000000000006ec      0x1a0 c:/intelfpga/18.1/nios2eds/bin/gnu/h-x86_64-mingw32/bin/../lib/gcc/nios2-elf/5.3.0/../../../../../H-x86_64-mingw32/nios2-elf/lib/mno-hw-mul\libsmallc.a(lib_a-rand.o)
 .debug_abbrev  0x000000000000088c       0xe0 c:/intelfpga/18.1/nios2eds/bin/gnu/h-x86_64-mingw32/bin/../lib/gcc/nios2-elf/5.3.0/mno-hw-mul\libgcc.a(_muldi3.o)
 .debug_abbrev  0x000000000000096c       0xd8 ../vga_bringup_small_bsp/\libhal_bsp.a(alt_load.o)
 .debug_abbrev  0x0000000000000a44       0xee ../vga_bringup_small_bsp/\libhal_bsp.a(alt_main.o)
 .debug_abbrev  0x0000000000000b32       0xd3 ../vga_bringup_small_bsp/\libhal_bsp.a(alt_putstr.o)
 .debug_abbrev  0x0000000000000c05       0x8d ../vga_bringup_small_bsp/\libhal_bsp.a(alt_usleep.o)
 .debug_abbrev  0x0000000000000c92      0x107 ../vga_bringup_small_bsp/\libhal_bsp.a(alt_sys_init.o)
 .debug_abbrev  0x0000000000000d99       0xd5 ../vga_bringup_small_bsp/\libhal_bsp.a(altera_avalon_jtag_uart_write.o)
 .debug_abbrev  0x0000000000000e6e       0x8d ../vga_bringup_small_bsp/\libhal_bsp.a(alt_busy_sleep.o)
 .debug_abbrev  0x0000000000000efb       0x42 ../vga_bringup_small_bsp/\libhal_bsp.a(alt_dcache_flush_all.o)
 .debug_abbrev  0x0000000000000f3d       0x42 ../vga_bringup_small_bsp/\libhal_bsp.a(alt_icache_flush_all.o)
 .debug_abbrev  0x0000000000000f7f       0x42 ../vga_bringup_small_bsp/\libhal_bsp.a(altera_nios2_gen2_irq.o)
 .debug_abbrev  0x0000000000000fc1       0x7f c:/intelfpga/18.1/nios2eds/bin/gnu/h-x86_64-mingw32/bin/../lib/gcc/nios2-elf/5.3.0/../../../../../H-x86_64-mingw32/nios2-elf/lib/mno-hw-mul\libsmallc.a(lib_a-strlen.o)

.debug_line     0x0000000000000000     0x1269
 *(.debug_line)
 .debug_line    0x0000000000000000       0x66 ../vga_bringup_small_bsp//obj/HAL/src/crt0.o
 .debug_line    0x0000000000000066      0x387 obj/default/vga_bringup_small.o
 .debug_line    0x00000000000003ed      0x12f c:/intelfpga/18.1/nios2eds/bin/gnu/h-x86_64-mingw32/bin/../lib/gcc/nios2-elf/5.3.0/mno-hw-mul\libgcc.a(_udivdi3.o)
 .debug_line    0x000000000000051c      0x142 c:/intelfpga/18.1/nios2eds/bin/gnu/h-x86_64-mingw32/bin/../lib/gcc/nios2-elf/5.3.0/mno-hw-mul\libgcc.a(_umoddi3.o)
 .debug_line    0x000000000000065e      0x105 c:/intelfpga/18.1/nios2eds/bin/gnu/h-x86_64-mingw32/bin/../lib/gcc/nios2-elf/5.3.0/mno-hw-mul\libgcc.a(lib2-divmod.o)
 .debug_line    0x0000000000000763       0x80 c:/intelfpga/18.1/nios2eds/bin/gnu/h-x86_64-mingw32/bin/../lib/gcc/nios2-elf/5.3.0/mno-hw-mul\libgcc.a(lib2-mul.o)
 .debug_line    0x00000000000007e3       0x56 c:/intelfpga/18.1/nios2eds/bin/gnu/h-x86_64-mingw32/bin/../lib/gcc/nios2-elf/5.3.0/mno-hw-mul\libgcc.a(_clz.o)
 .debug_line    0x0000000000000839      0x1eb c:/intelfpga/18.1/nios2eds/bin/gnu/h-x86_64-mingw32/bin/../lib/gcc/nios2-elf/5.3.0/../../../../../H-x86_64-mingw32/nios2-elf/lib/mno-hw-mul\libsmallc.a(lib_a-rand.o)
 .debug_line    0x0000000000000a24       0x91 c:/intelfpga/18.1/nios2eds/bin/gnu/h-x86_64-mingw32/bin/../lib/gcc/nios2-elf/5.3.0/mno-hw-mul\libgcc.a(_muldi3.o)
 .debug_line    0x0000000000000ab5       0xa4 ../vga_bringup_small_bsp/\libhal_bsp.a(alt_load.o)
 .debug_line    0x0000000000000b59       0xbd ../vga_bringup_small_bsp/\libhal_bsp.a(alt_main.o)
 .debug_line    0x0000000000000c16       0x9b ../vga_bringup_small_bsp/\libhal_bsp.a(alt_putstr.o)
 .debug_line    0x0000000000000cb1       0xca ../vga_bringup_small_bsp/\libhal_bsp.a(alt_usleep.o)
 .debug_line    0x0000000000000d7b      0x101 ../vga_bringup_small_bsp/\libhal_bsp.a(alt_sys_init.o)
 .debug_line    0x0000000000000e7c       0xf0 ../vga_bringup_small_bsp/\libhal_bsp.a(altera_avalon_jtag_uart_write.o)
 .debug_line    0x0000000000000f6c       0xb5 ../vga_bringup_small_bsp/\libhal_bsp.a(alt_busy_sleep.o)
 .debug_line    0x0000000000001021       0x4e ../vga_bringup_small_bsp/\libhal_bsp.a(alt_dcache_flush_all.o)
 .debug_line    0x000000000000106f       0x4e ../vga_bringup_small_bsp/\libhal_bsp.a(alt_icache_flush_all.o)
 .debug_line    0x00000000000010bd       0x50 ../vga_bringup_small_bsp/\libhal_bsp.a(altera_nios2_gen2_irq.o)
 .debug_line    0x000000000000110d      0x15c c:/intelfpga/18.1/nios2eds/bin/gnu/h-x86_64-mingw32/bin/../lib/gcc/nios2-elf/5.3.0/../../../../../H-x86_64-mingw32/nios2-elf/lib/mno-hw-mul\libsmallc.a(lib_a-strlen.o)

.debug_frame    0x0000000000000000      0x614
 *(.debug_frame)
 .debug_frame   0x0000000000000000      0x2b0 obj/default/vga_bringup_small.o
 .debug_frame   0x00000000000002b0       0x54 c:/intelfpga/18.1/nios2eds/bin/gnu/h-x86_64-mingw32/bin/../lib/gcc/nios2-elf/5.3.0/mno-hw-mul\libgcc.a(_udivdi3.o)
 .debug_frame   0x0000000000000304       0x54 c:/intelfpga/18.1/nios2eds/bin/gnu/h-x86_64-mingw32/bin/../lib/gcc/nios2-elf/5.3.0/mno-hw-mul\libgcc.a(_umoddi3.o)
 .debug_frame   0x0000000000000358       0x50 c:/intelfpga/18.1/nios2eds/bin/gnu/h-x86_64-mingw32/bin/../lib/gcc/nios2-elf/5.3.0/mno-hw-mul\libgcc.a(lib2-divmod.o)
 .debug_frame   0x00000000000003a8       0x20 c:/intelfpga/18.1/nios2eds/bin/gnu/h-x86_64-mingw32/bin/../lib/gcc/nios2-elf/5.3.0/mno-hw-mul\libgcc.a(lib2-mul.o)
 .debug_frame   0x00000000000003c8       0x40 c:/intelfpga/18.1/nios2eds/bin/gnu/h-x86_64-mingw32/bin/../lib/gcc/nios2-elf/5.3.0/../../../../../H-x86_64-mingw32/nios2-elf/lib/mno-hw-mul\libsmallc.a(lib_a-rand.o)
 .debug_frame   0x0000000000000408       0x54 c:/intelfpga/18.1/nios2eds/bin/gnu/h-x86_64-mingw32/bin/../lib/gcc/nios2-elf/5.3.0/mno-hw-mul\libgcc.a(_muldi3.o)
 .debug_frame   0x000000000000045c       0x30 ../vga_bringup_small_bsp/\libhal_bsp.a(alt_load.o)
 .debug_frame   0x000000000000048c       0x2c ../vga_bringup_small_bsp/\libhal_bsp.a(alt_main.o)
 .debug_frame   0x00000000000004b8       0x30 ../vga_bringup_small_bsp/\libhal_bsp.a(alt_putstr.o)
 .debug_frame   0x00000000000004e8       0x20 ../vga_bringup_small_bsp/\libhal_bsp.a(alt_usleep.o)
 .debug_frame   0x0000000000000508       0x3c ../vga_bringup_small_bsp/\libhal_bsp.a(alt_sys_init.o)
 .debug_frame   0x0000000000000544       0x20 ../vga_bringup_small_bsp/\libhal_bsp.a(altera_avalon_jtag_uart_write.o)
 .debug_frame   0x0000000000000564       0x30 ../vga_bringup_small_bsp/\libhal_bsp.a(alt_busy_sleep.o)
 .debug_frame   0x0000000000000594       0x20 ../vga_bringup_small_bsp/\libhal_bsp.a(alt_dcache_flush_all.o)
 .debug_frame   0x00000000000005b4       0x20 ../vga_bringup_small_bsp/\libhal_bsp.a(alt_icache_flush_all.o)
 .debug_frame   0x00000000000005d4       0x20 ../vga_bringup_small_bsp/\libhal_bsp.a(altera_nios2_gen2_irq.o)
 .debug_frame   0x00000000000005f4       0x20 c:/intelfpga/18.1/nios2eds/bin/gnu/h-x86_64-mingw32/bin/../lib/gcc/nios2-elf/5.3.0/../../../../../H-x86_64-mingw32/nios2-elf/lib/mno-hw-mul\libsmallc.a(lib_a-strlen.o)

.debug_str      0x0000000000000000      0xe63
 *(.debug_str)
 .debug_str     0x0000000000000000      0x26f obj/default/vga_bringup_small.o
                                        0x2b7 (size before relaxing)
 .debug_str     0x000000000000026f      0x203 c:/intelfpga/18.1/nios2eds/bin/gnu/h-x86_64-mingw32/bin/../lib/gcc/nios2-elf/5.3.0/mno-hw-mul\libgcc.a(_udivdi3.o)
                                        0x29c (size before relaxing)
 .debug_str     0x0000000000000472        0xa c:/intelfpga/18.1/nios2eds/bin/gnu/h-x86_64-mingw32/bin/../lib/gcc/nios2-elf/5.3.0/mno-hw-mul\libgcc.a(_umoddi3.o)
                                        0x29c (size before relaxing)
 .debug_str     0x000000000000047c       0xff c:/intelfpga/18.1/nios2eds/bin/gnu/h-x86_64-mingw32/bin/../lib/gcc/nios2-elf/5.3.0/mno-hw-mul\libgcc.a(lib2-divmod.o)
                                        0x1d2 (size before relaxing)
 .debug_str     0x000000000000057b       0x40 c:/intelfpga/18.1/nios2eds/bin/gnu/h-x86_64-mingw32/bin/../lib/gcc/nios2-elf/5.3.0/mno-hw-mul\libgcc.a(lib2-mul.o)
                                        0x193 (size before relaxing)
 .debug_str     0x00000000000005bb      0x1e3 c:/intelfpga/18.1/nios2eds/bin/gnu/h-x86_64-mingw32/bin/../lib/gcc/nios2-elf/5.3.0/mno-hw-mul\libgcc.a(_clz.o)
 .debug_str     0x00000000000005bb      0x3fe c:/intelfpga/18.1/nios2eds/bin/gnu/h-x86_64-mingw32/bin/../lib/gcc/nios2-elf/5.3.0/../../../../../H-x86_64-mingw32/nios2-elf/lib/mno-hw-mul\libsmallc.a(lib_a-rand.o)
                                        0x4bf (size before relaxing)
 .debug_str     0x00000000000009b9        0x9 c:/intelfpga/18.1/nios2eds/bin/gnu/h-x86_64-mingw32/bin/../lib/gcc/nios2-elf/5.3.0/mno-hw-mul\libgcc.a(_muldi3.o)
                                        0x225 (size before relaxing)
 .debug_str     0x00000000000009c2      0x16d ../vga_bringup_small_bsp/\libhal_bsp.a(alt_load.o)
                                        0x25c (size before relaxing)
 .debug_str     0x0000000000000b2f       0x8a ../vga_bringup_small_bsp/\libhal_bsp.a(alt_main.o)
                                        0x1d5 (size before relaxing)
 .debug_str     0x0000000000000bb9       0x64 ../vga_bringup_small_bsp/\libhal_bsp.a(alt_putstr.o)
                                        0x1b0 (size before relaxing)
 .debug_str     0x0000000000000c1d       0x2f ../vga_bringup_small_bsp/\libhal_bsp.a(alt_usleep.o)
                                        0x177 (size before relaxing)
 .debug_str     0x0000000000000c4c       0x81 ../vga_bringup_small_bsp/\libhal_bsp.a(alt_sys_init.o)
                                        0x244 (size before relaxing)
 .debug_str     0x0000000000000ccd       0x2c ../vga_bringup_small_bsp/\libhal_bsp.a(altera_avalon_jtag_uart_write.o)
                                        0x235 (size before relaxing)
 .debug_str     0x0000000000000cf9       0x33 ../vga_bringup_small_bsp/\libhal_bsp.a(alt_busy_sleep.o)
                                        0x18b (size before relaxing)
 .debug_str     0x0000000000000d2c       0x1f ../vga_bringup_small_bsp/\libhal_bsp.a(alt_dcache_flush_all.o)
                                        0x175 (size before relaxing)
 .debug_str     0x0000000000000d4b       0x1f ../vga_bringup_small_bsp/\libhal_bsp.a(alt_icache_flush_all.o)
                                        0x175 (size before relaxing)
 .debug_str     0x0000000000000d6a       0x20 ../vga_bringup_small_bsp/\libhal_bsp.a(altera_nios2_gen2_irq.o)
                                        0x17c (size before relaxing)
 .debug_str     0x0000000000000d8a       0xd9 c:/intelfpga/18.1/nios2eds/bin/gnu/h-x86_64-mingw32/bin/../lib/gcc/nios2-elf/5.3.0/../../../../../H-x86_64-mingw32/nios2-elf/lib/mno-hw-mul\libsmallc.a(lib_a-strlen.o)
                                        0x1e5 (size before relaxing)

.debug_loc      0x0000000000000000     0x37d2
 *(.debug_loc)
 .debug_loc     0x0000000000000000      0xda7 obj/default/vga_bringup_small.o
 .debug_loc     0x0000000000000da7     0x1110 c:/intelfpga/18.1/nios2eds/bin/gnu/h-x86_64-mingw32/bin/../lib/gcc/nios2-elf/5.3.0/mno-hw-mul\libgcc.a(_udivdi3.o)
 .debug_loc     0x0000000000001eb7     0x10d4 c:/intelfpga/18.1/nios2eds/bin/gnu/h-x86_64-mingw32/bin/../lib/gcc/nios2-elf/5.3.0/mno-hw-mul\libgcc.a(_umoddi3.o)
 .debug_loc     0x0000000000002f8b      0x4ce c:/intelfpga/18.1/nios2eds/bin/gnu/h-x86_64-mingw32/bin/../lib/gcc/nios2-elf/5.3.0/mno-hw-mul\libgcc.a(lib2-divmod.o)
 .debug_loc     0x0000000000003459       0x93 c:/intelfpga/18.1/nios2eds/bin/gnu/h-x86_64-mingw32/bin/../lib/gcc/nios2-elf/5.3.0/mno-hw-mul\libgcc.a(lib2-mul.o)
 .debug_loc     0x00000000000034ec      0x15d c:/intelfpga/18.1/nios2eds/bin/gnu/h-x86_64-mingw32/bin/../lib/gcc/nios2-elf/5.3.0/mno-hw-mul\libgcc.a(_muldi3.o)
 .debug_loc     0x0000000000003649       0x37 ../vga_bringup_small_bsp/\libhal_bsp.a(alt_putstr.o)
 .debug_loc     0x0000000000003680       0x21 ../vga_bringup_small_bsp/\libhal_bsp.a(alt_usleep.o)
 .debug_loc     0x00000000000036a1       0x21 ../vga_bringup_small_bsp/\libhal_bsp.a(alt_sys_init.o)
 .debug_loc     0x00000000000036c2       0x8b ../vga_bringup_small_bsp/\libhal_bsp.a(altera_avalon_jtag_uart_write.o)
 .debug_loc     0x000000000000374d       0x67 ../vga_bringup_small_bsp/\libhal_bsp.a(alt_busy_sleep.o)
 .debug_loc     0x00000000000037b4       0x1e c:/intelfpga/18.1/nios2eds/bin/gnu/h-x86_64-mingw32/bin/../lib/gcc/nios2-elf/5.3.0/../../../../../H-x86_64-mingw32/nios2-elf/lib/mno-hw-mul\libsmallc.a(lib_a-strlen.o)

.debug_macinfo
 *(.debug_macinfo)

.debug_weaknames
 *(.debug_weaknames)

.debug_funcnames
 *(.debug_funcnames)

.debug_typenames
 *(.debug_typenames)

.debug_varnames
 *(.debug_varnames)

.debug_alt_sim_info
                0x0000000000000000       0x40
 *(.debug_alt_sim_info)
 .debug_alt_sim_info
                0x0000000000000000       0x10 ../vga_bringup_small_bsp//obj/HAL/src/crt0.o
 .debug_alt_sim_info
                0x0000000000000010       0x30 ../vga_bringup_small_bsp/\libhal_bsp.a(alt_busy_sleep.o)
                0x0000000000008000                __alt_data_end = 0x8000
                0x0000000000008000                PROVIDE (__alt_stack_pointer, __alt_data_end)
                [!provide]                        PROVIDE (__alt_stack_limit, __alt_stack_base)
                [!provide]                        PROVIDE (__alt_heap_start, end)
                [!provide]                        PROVIDE (__alt_heap_limit, 0x8000)
OUTPUT(vga_bringup_small.elf elf32-littlenios2)

.debug_ranges   0x0000000000000000      0x3e0
 .debug_ranges  0x0000000000000000       0x20 ../vga_bringup_small_bsp//obj/HAL/src/crt0.o
 .debug_ranges  0x0000000000000020       0x18 obj/default/vga_bringup_small.o
 .debug_ranges  0x0000000000000038      0x148 c:/intelfpga/18.1/nios2eds/bin/gnu/h-x86_64-mingw32/bin/../lib/gcc/nios2-elf/5.3.0/mno-hw-mul\libgcc.a(_udivdi3.o)
 .debug_ranges  0x0000000000000180      0x160 c:/intelfpga/18.1/nios2eds/bin/gnu/h-x86_64-mingw32/bin/../lib/gcc/nios2-elf/5.3.0/mno-hw-mul\libgcc.a(_umoddi3.o)
 .debug_ranges  0x00000000000002e0       0x60 c:/intelfpga/18.1/nios2eds/bin/gnu/h-x86_64-mingw32/bin/../lib/gcc/nios2-elf/5.3.0/mno-hw-mul\libgcc.a(lib2-divmod.o)
 .debug_ranges  0x0000000000000340       0x18 c:/intelfpga/18.1/nios2eds/bin/gnu/h-x86_64-mingw32/bin/../lib/gcc/nios2-elf/5.3.0/../../../../../H-x86_64-mingw32/nios2-elf/lib/mno-hw-mul\libsmallc.a(lib_a-rand.o)
 .debug_ranges  0x0000000000000358       0x30 c:/intelfpga/18.1/nios2eds/bin/gnu/h-x86_64-mingw32/bin/../lib/gcc/nios2-elf/5.3.0/mno-hw-mul\libgcc.a(_muldi3.o)
 .debug_ranges  0x0000000000000388       0x48 ../vga_bringup_small_bsp/\libhal_bsp.a(alt_load.o)
 .debug_ranges  0x00000000000003d0       0x10 c:/intelfpga/18.1/nios2eds/bin/gnu/h-x86_64-mingw32/bin/../lib/gcc/nios2-elf/5.3.0/../../../../../H-x86_64-mingw32/nios2-elf/lib/mno-hw-mul\libsmallc.a(lib_a-strlen.o)
