Info: Starting: Create block symbol file (.bsf)
Info: qsys-generate C:\Quartus_Projects\FPGA_Inference\Development_Kits\Terasic_DE10_Lite\Inference_Engine\pd_block.qsys --block-symbol-file --output-directory=C:\Quartus_Projects\FPGA_Inference\Development_Kits\Terasic_DE10_Lite\Inference_Engine\pd_block --family="MAX 10" --part=10M50DAF484C7G
Progress: Loading Inference_Engine/pd_block.qsys
Progress: Reading input file
Progress: Adding clock [clock_source 18.1]
Progress: Parameterizing module clock
Progress: Adding convolution0 [convolution_burst 1.0]
Progress: Parameterizing module convolution0
Progress: Adding jtag_uart [altera_avalon_jtag_uart 18.1]
Progress: Parameterizing module jtag_uart
Progress: Adding led [altera_avalon_pio 18.1]
Progress: Parameterizing module led
Progress: Adding nios2e [altera_nios2_gen2 18.1]
Progress: Parameterizing module nios2e
Progress: Adding onchip_ram [altera_avalon_onchip_memory2 18.1]
Progress: Parameterizing module onchip_ram
Progress: Adding rgb_to_tensor [rgb_to_tensor 1.0]
Progress: Parameterizing module rgb_to_tensor
Progress: Adding sdram [altera_avalon_new_sdram_controller 18.1]
Progress: Parameterizing module sdram
Progress: Adding vga_clock [clock_source 18.1]
Progress: Parameterizing module vga_clock
Progress: Building connections
Progress: Parameterizing connections
Progress: Validating
Progress: Done reading input file
Info: pd_block.jtag_uart: JTAG UART IP input clock need to be at least double (2x) the operating frequency of JTAG TCK on board
Info: pd_block.sdram: SDRAM Controller will only be supported in Quartus Prime Standard Edition in the future release.
Info: qsys-generate succeeded.
Info: Finished: Create block symbol file (.bsf)
Info: 
Info: Starting: Create HDL design files for synthesis
Info: qsys-generate C:\Quartus_Projects\FPGA_Inference\Development_Kits\Terasic_DE10_Lite\Inference_Engine\pd_block.qsys --synthesis=VERILOG --output-directory=C:\Quartus_Projects\FPGA_Inference\Development_Kits\Terasic_DE10_Lite\Inference_Engine\pd_block\synthesis --family="MAX 10" --part=10M50DAF484C7G
Progress: Loading Inference_Engine/pd_block.qsys
Progress: Reading input file
Progress: Adding clock [clock_source 18.1]
Progress: Parameterizing module clock
Progress: Adding convolution0 [convolution_burst 1.0]
Progress: Parameterizing module convolution0
Progress: Adding jtag_uart [altera_avalon_jtag_uart 18.1]
Progress: Parameterizing module jtag_uart
Progress: Adding led [altera_avalon_pio 18.1]
Progress: Parameterizing module led
Progress: Adding nios2e [altera_nios2_gen2 18.1]
Progress: Parameterizing module nios2e
Progress: Adding onchip_ram [altera_avalon_onchip_memory2 18.1]
Progress: Parameterizing module onchip_ram
Progress: Adding rgb_to_tensor [rgb_to_tensor 1.0]
Progress: Parameterizing module rgb_to_tensor
Progress: Adding sdram [altera_avalon_new_sdram_controller 18.1]
Progress: Parameterizing module sdram
Progress: Adding vga_clock [clock_source 18.1]
Progress: Parameterizing module vga_clock
Progress: Building connections
Progress: Parameterizing connections
Progress: Validating
Progress: Done reading input file
Info: pd_block.jtag_uart: JTAG UART IP input clock need to be at least double (2x) the operating frequency of JTAG TCK on board
Info: pd_block.sdram: SDRAM Controller will only be supported in Quartus Prime Standard Edition in the future release.
Info: pd_block: Generating pd_block "pd_block" for QUARTUS_SYNTH
Info: convolution0: "pd_block" instantiated convolution_burst "convolution0"
Info: jtag_uart: Starting RTL generation for module 'pd_block_jtag_uart'
Info: jtag_uart:   Generation command is [exec C:/intelfpga/18.1/quartus/bin64/perl/bin/perl.exe -I C:/intelfpga/18.1/quartus/bin64/perl/lib -I C:/intelfpga/18.1/quartus/sopc_builder/bin/europa -I C:/intelfpga/18.1/quartus/sopc_builder/bin/perl_lib -I C:/intelfpga/18.1/quartus/sopc_builder/bin -I C:/intelfpga/18.1/quartus/../ip/altera/sopc_builder_ip/common -I C:/intelfpga/18.1/quartus/../ip/altera/sopc_builder_ip/altera_avalon_jtag_uart -- C:/intelfpga/18.1/quartus/../ip/altera/sopc_builder_ip/altera_avalon_jtag_uart/generate_rtl.pl --name=pd_block_jtag_uart --dir=C:/Users/NUC/AppData/Local/Temp/alt8477_4095678111224525091.dir/0003_jtag_uart_gen/ --quartus_dir=C:/intelfpga/18.1/quartus --verilog --config=C:/Users/NUC/AppData/Local/Temp/alt8477_4095678111224525091.dir/0003_jtag_uart_gen//pd_block_jtag_uart_component_configuration.pl  --do_build_sim=0  ]
Info: jtag_uart: Done RTL generation for module 'pd_block_jtag_uart'
Info: jtag_uart: "pd_block" instantiated altera_avalon_jtag_uart "jtag_uart"
Info: led: Starting RTL generation for module 'pd_block_led'
Info: led:   Generation command is [exec C:/intelfpga/18.1/quartus/bin64/perl/bin/perl.exe -I C:/intelfpga/18.1/quartus/bin64/perl/lib -I C:/intelfpga/18.1/quartus/sopc_builder/bin/europa -I C:/intelfpga/18.1/quartus/sopc_builder/bin/perl_lib -I C:/intelfpga/18.1/quartus/sopc_builder/bin -I C:/intelfpga/18.1/quartus/../ip/altera/sopc_builder_ip/common -I C:/intelfpga/18.1/quartus/../ip/altera/sopc_builder_ip/altera_avalon_pio -- C:/intelfpga/18.1/quartus/../ip/altera/sopc_builder_ip/altera_avalon_pio/generate_rtl.pl --name=pd_block_led --dir=C:/Users/NUC/AppData/Local/Temp/alt8477_4095678111224525091.dir/0004_led_gen/ --quartus_dir=C:/intelfpga/18.1/quartus --verilog --config=C:/Users/NUC/AppData/Local/Temp/alt8477_4095678111224525091.dir/0004_led_gen//pd_block_led_component_configuration.pl  --do_build_sim=0  ]
Info: led: Done RTL generation for module 'pd_block_led'
Info: led: "pd_block" instantiated altera_avalon_pio "led"
Info: nios2e: "pd_block" instantiated altera_nios2_gen2 "nios2e"
Info: onchip_ram: Starting RTL generation for module 'pd_block_onchip_ram'
Info: onchip_ram:   Generation command is [exec C:/intelfpga/18.1/quartus/bin64/perl/bin/perl.exe -I C:/intelfpga/18.1/quartus/bin64/perl/lib -I C:/intelfpga/18.1/quartus/sopc_builder/bin/europa -I C:/intelfpga/18.1/quartus/sopc_builder/bin/perl_lib -I C:/intelfpga/18.1/quartus/sopc_builder/bin -I C:/intelfpga/18.1/quartus/../ip/altera/sopc_builder_ip/common -I C:/intelfpga/18.1/quartus/../ip/altera/sopc_builder_ip/altera_avalon_onchip_memory2 -- C:/intelfpga/18.1/quartus/../ip/altera/sopc_builder_ip/altera_avalon_onchip_memory2/generate_rtl.pl --name=pd_block_onchip_ram --dir=C:/Users/NUC/AppData/Local/Temp/alt8477_4095678111224525091.dir/0005_onchip_ram_gen/ --quartus_dir=C:/intelfpga/18.1/quartus --verilog --config=C:/Users/NUC/AppData/Local/Temp/alt8477_4095678111224525091.dir/0005_onchip_ram_gen//pd_block_onchip_ram_component_configuration.pl  --do_build_sim=0  ]
Info: onchip_ram: Done RTL generation for module 'pd_block_onchip_ram'
Info: onchip_ram: "pd_block" instantiated altera_avalon_onchip_memory2 "onchip_ram"
Info: rgb_to_tensor: "pd_block" instantiated rgb_to_tensor "rgb_to_tensor"
Info: sdram: Starting RTL generation for module 'pd_block_sdram'
Info: sdram:   Generation command is [exec C:/intelfpga/18.1/quartus/bin64/perl/bin/perl.exe -I C:/intelfpga/18.1/quartus/bin64/perl/lib -I C:/intelfpga/18.1/quartus/sopc_builder/bin/europa -I C:/intelfpga/18.1/quartus/sopc_builder/bin/perl_lib -I C:/intelfpga/18.1/quartus/sopc_builder/bin -I C:/intelfpga/18.1/quartus/../ip/altera/sopc_builder_ip/common -I C:/intelfpga/18.1/quartus/../ip/altera/sopc_builder_ip/altera_avalon_new_sdram_controller -- C:/intelfpga/18.1/quartus/../ip/altera/sopc_builder_ip/altera_avalon_new_sdram_controller/generate_rtl.pl --name=pd_block_sdram --dir=C:/Users/NUC/AppData/Local/Temp/alt8477_4095678111224525091.dir/0007_sdram_gen/ --quartus_dir=C:/intelfpga/18.1/quartus --verilog --config=C:/Users/NUC/AppData/Local/Temp/alt8477_4095678111224525091.dir/0007_sdram_gen//pd_block_sdram_component_configuration.pl  --do_build_sim=0  ]
Info: sdram: Done RTL generation for module 'pd_block_sdram'
Info: sdram: "pd_block" instantiated altera_avalon_new_sdram_controller "sdram"
Info: avalon_st_adapter: Inserting error_adapter: error_adapter_0
Info: avalon_st_adapter_001: Inserting error_adapter: error_adapter_0
Info: avalon_st_adapter_002: Inserting error_adapter: error_adapter_0
Info: avalon_st_adapter_003: Inserting error_adapter: error_adapter_0
Info: avalon_st_adapter_004: Inserting error_adapter: error_adapter_0
Info: avalon_st_adapter_005: Inserting error_adapter: error_adapter_0
Info: avalon_st_adapter_006: Inserting error_adapter: error_adapter_0
Info: mm_interconnect_0: "pd_block" instantiated altera_mm_interconnect "mm_interconnect_0"
Info: irq_mapper: "pd_block" instantiated altera_irq_mapper "irq_mapper"
Info: rst_controller: "pd_block" instantiated altera_reset_controller "rst_controller"
Info: cpu: Starting RTL generation for module 'pd_block_nios2e_cpu'
Info: cpu:   Generation command is [exec C:/intelFPGA/18.1/quartus/bin64//eperlcmd.exe -I C:/intelFPGA/18.1/quartus/bin64//perl/lib -I C:/intelfpga/18.1/quartus/sopc_builder/bin/europa -I C:/intelfpga/18.1/quartus/sopc_builder/bin/perl_lib -I C:/intelfpga/18.1/quartus/sopc_builder/bin -I C:/intelfpga/18.1/quartus/../ip/altera/nios2_ip/altera_nios2_gen2/cpu_lib -I C:/intelfpga/18.1/quartus/../ip/altera/nios2_ip/altera_nios2_gen2/nios_lib -I C:/intelfpga/18.1/quartus/../ip/altera/nios2_ip/altera_nios2_gen2 -I C:/intelfpga/18.1/quartus/../ip/altera/nios2_ip/altera_nios2_gen2 -- C:/intelfpga/18.1/quartus/../ip/altera/nios2_ip/altera_nios2_gen2/generate_rtl.epl --name=pd_block_nios2e_cpu --dir=C:/Users/NUC/AppData/Local/Temp/alt8477_4095678111224525091.dir/0010_cpu_gen/ --quartus_bindir=C:/intelFPGA/18.1/quartus/bin64/ --verilog --config=C:/Users/NUC/AppData/Local/Temp/alt8477_4095678111224525091.dir/0010_cpu_gen//pd_block_nios2e_cpu_processor_configuration.pl  --do_build_sim=0  ]
Info: cpu: # 2020.08.04 09:44:19 (*) Starting Nios II generation
Info: cpu: # 2020.08.04 09:44:19 (*)   Checking for plaintext license.
Info: cpu: # 2020.08.04 09:44:19 (*)   Plaintext license not found.
Info: cpu: # 2020.08.04 09:44:19 (*)   No license required to generate encrypted Nios II/e.
Info: cpu: # 2020.08.04 09:44:19 (*)   Elaborating CPU configuration settings
Info: cpu: # 2020.08.04 09:44:20 (*)   Creating all objects for CPU
Info: cpu: # 2020.08.04 09:44:21 (*)   Generating RTL from CPU objects
Info: cpu: # 2020.08.04 09:44:21 (*)   Creating plain-text RTL
Info: cpu: # 2020.08.04 09:44:21 (*) Done Nios II generation
Info: cpu: Done RTL generation for module 'pd_block_nios2e_cpu'
Info: cpu: "nios2e" instantiated altera_nios2_gen2_unit "cpu"
Info: convolution0_avalon_master_translator: "mm_interconnect_0" instantiated altera_merlin_master_translator "convolution0_avalon_master_translator"
Info: sdram_s1_translator: "mm_interconnect_0" instantiated altera_merlin_slave_translator "sdram_s1_translator"
Info: convolution0_avalon_master_agent: "mm_interconnect_0" instantiated altera_merlin_master_agent "convolution0_avalon_master_agent"
Info: sdram_s1_agent: "mm_interconnect_0" instantiated altera_merlin_slave_agent "sdram_s1_agent"
Info: sdram_s1_agent_rsp_fifo: "mm_interconnect_0" instantiated altera_avalon_sc_fifo "sdram_s1_agent_rsp_fifo"
Info: router: "mm_interconnect_0" instantiated altera_merlin_router "router"
Info: router_002: "mm_interconnect_0" instantiated altera_merlin_router "router_002"
Info: router_003: "mm_interconnect_0" instantiated altera_merlin_router "router_003"
Info: router_004: "mm_interconnect_0" instantiated altera_merlin_router "router_004"
Info: router_005: "mm_interconnect_0" instantiated altera_merlin_router "router_005"
Info: router_007: "mm_interconnect_0" instantiated altera_merlin_router "router_007"
Info: sdram_s1_burst_adapter: "mm_interconnect_0" instantiated altera_merlin_burst_adapter "sdram_s1_burst_adapter"
Info: cmd_demux: "mm_interconnect_0" instantiated altera_merlin_demultiplexer "cmd_demux"
Info: cmd_demux_002: "mm_interconnect_0" instantiated altera_merlin_demultiplexer "cmd_demux_002"
Info: cmd_demux_003: "mm_interconnect_0" instantiated altera_merlin_demultiplexer "cmd_demux_003"
Info: cmd_mux: "mm_interconnect_0" instantiated altera_merlin_multiplexer "cmd_mux"
Info: cmd_mux_001: "mm_interconnect_0" instantiated altera_merlin_multiplexer "cmd_mux_001"
Info: Reusing file C:/Quartus_Projects/FPGA_Inference/Development_Kits/Terasic_DE10_Lite/Inference_Engine/pd_block/synthesis/submodules/altera_merlin_arbitrator.sv
Info: cmd_mux_003: "mm_interconnect_0" instantiated altera_merlin_multiplexer "cmd_mux_003"
Info: Reusing file C:/Quartus_Projects/FPGA_Inference/Development_Kits/Terasic_DE10_Lite/Inference_Engine/pd_block/synthesis/submodules/altera_merlin_arbitrator.sv
Info: rsp_demux: "mm_interconnect_0" instantiated altera_merlin_demultiplexer "rsp_demux"
Info: rsp_demux_001: "mm_interconnect_0" instantiated altera_merlin_demultiplexer "rsp_demux_001"
Info: rsp_demux_003: "mm_interconnect_0" instantiated altera_merlin_demultiplexer "rsp_demux_003"
Info: rsp_mux: "mm_interconnect_0" instantiated altera_merlin_multiplexer "rsp_mux"
Info: Reusing file C:/Quartus_Projects/FPGA_Inference/Development_Kits/Terasic_DE10_Lite/Inference_Engine/pd_block/synthesis/submodules/altera_merlin_arbitrator.sv
Info: rsp_mux_002: "mm_interconnect_0" instantiated altera_merlin_multiplexer "rsp_mux_002"
Info: Reusing file C:/Quartus_Projects/FPGA_Inference/Development_Kits/Terasic_DE10_Lite/Inference_Engine/pd_block/synthesis/submodules/altera_merlin_arbitrator.sv
Info: rsp_mux_003: "mm_interconnect_0" instantiated altera_merlin_multiplexer "rsp_mux_003"
Info: Reusing file C:/Quartus_Projects/FPGA_Inference/Development_Kits/Terasic_DE10_Lite/Inference_Engine/pd_block/synthesis/submodules/altera_merlin_arbitrator.sv
Info: nios2e_data_master_to_sdram_s1_cmd_width_adapter: "mm_interconnect_0" instantiated altera_merlin_width_adapter "nios2e_data_master_to_sdram_s1_cmd_width_adapter"
Info: Reusing file C:/Quartus_Projects/FPGA_Inference/Development_Kits/Terasic_DE10_Lite/Inference_Engine/pd_block/synthesis/submodules/altera_merlin_address_alignment.sv
Info: Reusing file C:/Quartus_Projects/FPGA_Inference/Development_Kits/Terasic_DE10_Lite/Inference_Engine/pd_block/synthesis/submodules/altera_merlin_burst_uncompressor.sv
Info: avalon_st_adapter: "mm_interconnect_0" instantiated altera_avalon_st_adapter "avalon_st_adapter"
Info: avalon_st_adapter_001: "mm_interconnect_0" instantiated altera_avalon_st_adapter "avalon_st_adapter_001"
Info: error_adapter_0: "avalon_st_adapter" instantiated error_adapter "error_adapter_0"
Info: error_adapter_0: "avalon_st_adapter_001" instantiated error_adapter "error_adapter_0"
Info: pd_block: Done "pd_block" with 41 modules, 64 files
Info: qsys-generate succeeded.
Info: Finished: Create HDL design files for synthesis
