Archive member included to satisfy reference by file (symbol)

../convolution_bringup_bsp/\libhal_bsp.a(alt_load.o)
                              ../convolution_bringup_bsp//obj/HAL/src/crt0.o (alt_load)
../convolution_bringup_bsp/\libhal_bsp.a(alt_main.o)
                              ../convolution_bringup_bsp//obj/HAL/src/crt0.o (alt_main)
../convolution_bringup_bsp/\libhal_bsp.a(alt_putstr.o)
                              obj/default/convolution_bringup.o (alt_putstr)
../convolution_bringup_bsp/\libhal_bsp.a(alt_usleep.o)
                              obj/default/convolution_bringup.o (usleep)
../convolution_bringup_bsp/\libhal_bsp.a(alt_sys_init.o)
                              ../convolution_bringup_bsp/\libhal_bsp.a(alt_main.o) (alt_irq_init)
../convolution_bringup_bsp/\libhal_bsp.a(altera_avalon_jtag_uart_write.o)
                              ../convolution_bringup_bsp/\libhal_bsp.a(alt_putstr.o) (altera_avalon_jtag_uart_write)
../convolution_bringup_bsp/\libhal_bsp.a(alt_busy_sleep.o)
                              ../convolution_bringup_bsp/\libhal_bsp.a(alt_usleep.o) (alt_busy_sleep)
../convolution_bringup_bsp/\libhal_bsp.a(alt_dcache_flush_all.o)
                              ../convolution_bringup_bsp/\libhal_bsp.a(alt_load.o) (alt_dcache_flush_all)
../convolution_bringup_bsp/\libhal_bsp.a(alt_icache_flush_all.o)
                              ../convolution_bringup_bsp/\libhal_bsp.a(alt_load.o) (alt_icache_flush_all)
../convolution_bringup_bsp/\libhal_bsp.a(altera_nios2_gen2_irq.o)
                              ../convolution_bringup_bsp/\libhal_bsp.a(alt_sys_init.o) (altera_nios2_gen2_irq_init)
c:/intelfpga/18.1/nios2eds/bin/gnu/h-x86_64-mingw32/bin/../lib/gcc/nios2-elf/5.3.0/../../../../../H-x86_64-mingw32/nios2-elf/lib/mno-hw-mul\libsmallc.a(lib_a-strlen.o)
                              ../convolution_bringup_bsp/\libhal_bsp.a(alt_putstr.o) (strlen)
c:/intelfpga/18.1/nios2eds/bin/gnu/h-x86_64-mingw32/bin/../lib/gcc/nios2-elf/5.3.0/mno-hw-mul\libgcc.a(lib2-divmod.o)
                              ../convolution_bringup_bsp/\libhal_bsp.a(alt_busy_sleep.o) (__udivsi3)
c:/intelfpga/18.1/nios2eds/bin/gnu/h-x86_64-mingw32/bin/../lib/gcc/nios2-elf/5.3.0/mno-hw-mul\libgcc.a(lib2-mul.o)
                              ../convolution_bringup_bsp/\libhal_bsp.a(alt_busy_sleep.o) (__mulsi3)

Memory Configuration

Name             Origin             Length             Attributes
sdram            0x0000000000000000 0x0000000002000000
reset            0x0000000002002000 0x0000000000000020
onchip_ram       0x0000000002002020 0x0000000000001fe0
*default*        0x0000000000000000 0xffffffffffffffff

Linker script and memory map

LOAD ../convolution_bringup_bsp//obj/HAL/src/crt0.o
LOAD obj/default/convolution_bringup.o
LOAD c:/intelfpga/18.1/nios2eds/bin/gnu/h-x86_64-mingw32/bin/../lib/gcc/nios2-elf/5.3.0/../../../../../H-x86_64-mingw32/nios2-elf/lib/mno-hw-mul\libstdc++.a
LOAD c:/intelfpga/18.1/nios2eds/bin/gnu/h-x86_64-mingw32/bin/../lib/gcc/nios2-elf/5.3.0/../../../../../H-x86_64-mingw32/nios2-elf/lib/mno-hw-mul\libm.a
LOAD c:/intelfpga/18.1/nios2eds/bin/gnu/h-x86_64-mingw32/bin/../lib/gcc/nios2-elf/5.3.0/mno-hw-mul\libgcc.a
START GROUP
LOAD c:/intelfpga/18.1/nios2eds/bin/gnu/h-x86_64-mingw32/bin/../lib/gcc/nios2-elf/5.3.0/../../../../../H-x86_64-mingw32/nios2-elf/lib/mno-hw-mul\libsmallc.a
LOAD c:/intelfpga/18.1/nios2eds/bin/gnu/h-x86_64-mingw32/bin/../lib/gcc/nios2-elf/5.3.0/mno-hw-mul\libgcc.a
LOAD ../convolution_bringup_bsp/\libhal_bsp.a
LOAD c:/intelfpga/18.1/nios2eds/bin/gnu/h-x86_64-mingw32/bin/../lib/gcc/nios2-elf/5.3.0/../../../../../H-x86_64-mingw32/nios2-elf/lib/mno-hw-mul\libm.a
END GROUP
LOAD c:/intelfpga/18.1/nios2eds/bin/gnu/h-x86_64-mingw32/bin/../lib/gcc/nios2-elf/5.3.0/mno-hw-mul\libgcc.a
                0x0000000000000000                __alt_mem_sdram = 0x0
                0x0000000002002000                __alt_mem_onchip_ram = 0x2002000

.entry          0x0000000002002000       0x20
 *(.entry)
 .entry         0x0000000002002000       0x20 ../convolution_bringup_bsp//obj/HAL/src/crt0.o
                0x0000000002002000                __reset
                0x000000000200200c                _exit

.exceptions     0x0000000002002020        0x0
                0x0000000002002020                PROVIDE (__ram_exceptions_start, ABSOLUTE (.))
                0x0000000002002020                . = ALIGN (0x20)
 *(.irq)
 *(.exceptions.entry.label)
 *(.exceptions.entry.user)
 *(.exceptions.entry.ecc_fatal)
 *(.exceptions.entry)
 *(.exceptions.irqtest.user)
 *(.exceptions.irqtest)
 *(.exceptions.irqhandler.user)
 *(.exceptions.irqhandler)
 *(.exceptions.irqreturn.user)
 *(.exceptions.irqreturn)
 *(.exceptions.notirq.label)
 *(.exceptions.notirq.user)
 *(.exceptions.notirq)
 *(.exceptions.soft.user)
 *(.exceptions.soft)
 *(.exceptions.unknown.user)
 *(.exceptions.unknown)
 *(.exceptions.exit.label)
 *(.exceptions.exit.user)
 *(.exceptions.exit)
 *(.exceptions)
                0x0000000002002020                PROVIDE (__ram_exceptions_end, ABSOLUTE (.))
                0x0000000002002020                PROVIDE (__flash_exceptions_start, LOADADDR (.exceptions))

.text           0x0000000002002020      0x4c0
                [!provide]                        PROVIDE (stext, ABSOLUTE (.))
 *(.interp)
 *(.hash)
 *(.dynsym)
 *(.dynstr)
 *(.gnu.version)
 *(.gnu.version_d)
 *(.gnu.version_r)
 *(.rel.init)
 *(.rela.init)
 *(.rel.text .rel.text.* .rel.gnu.linkonce.t.*)
 *(.rela.text .rela.text.* .rela.gnu.linkonce.t.*)
 *(.rel.fini)
 *(.rela.fini)
 *(.rel.rodata .rel.rodata.* .rel.gnu.linkonce.r.*)
 *(.rela.rodata .rela.rodata.* .rela.gnu.linkonce.r.*)
 *(.rel.data .rel.data.* .rel.gnu.linkonce.d.*)
 *(.rela.data .rela.data.* .rela.gnu.linkonce.d.*)
 *(.rel.tdata .rel.tdata.* .rel.gnu.linkonce.td.*)
 *(.rela.tdata .rela.tdata.* .rela.gnu.linkonce.td.*)
 *(.rel.tbss .rel.tbss.* .rel.gnu.linkonce.tb.*)
 *(.rela.tbss .rela.tbss.* .rela.gnu.linkonce.tb.*)
 *(.rel.ctors)
 *(.rela.ctors)
 *(.rel.dtors)
 *(.rela.dtors)
 *(.rel.got)
 *(.rela.got)
 *(.rel.sdata .rel.sdata.* .rel.gnu.linkonce.s.*)
 *(.rela.sdata .rela.sdata.* .rela.gnu.linkonce.s.*)
 *(.rel.sbss .rel.sbss.* .rel.gnu.linkonce.sb.*)
 *(.rela.sbss .rela.sbss.* .rela.gnu.linkonce.sb.*)
 *(.rel.sdata2 .rel.sdata2.* .rel.gnu.linkonce.s2.*)
 *(.rela.sdata2 .rela.sdata2.* .rela.gnu.linkonce.s2.*)
 *(.rel.sbss2 .rel.sbss2.* .rel.gnu.linkonce.sb2.*)
 *(.rela.sbss2 .rela.sbss2.* .rela.gnu.linkonce.sb2.*)
 *(.rel.bss .rel.bss.* .rel.gnu.linkonce.b.*)
 *(.rela.bss .rela.bss.* .rela.gnu.linkonce.b.*)
 *(.rel.plt)
 *(.rela.plt)
 *(.rel.dyn)
 *(.init)
 *(.plt)
 *(.text .stub .text.* .gnu.linkonce.t.*)
 .text          0x0000000002002020       0x3c ../convolution_bringup_bsp//obj/HAL/src/crt0.o
                0x0000000002002020                _start
 .text          0x000000000200205c        0x0 obj/default/convolution_bringup.o
 .text.startup  0x000000000200205c       0x54 obj/default/convolution_bringup.o
                0x000000000200205c                main
 .text          0x00000000020020b0       0xe0 ../convolution_bringup_bsp/\libhal_bsp.a(alt_load.o)
                0x00000000020020b0                alt_load
 .text          0x0000000002002190       0x2c ../convolution_bringup_bsp/\libhal_bsp.a(alt_main.o)
                0x0000000002002190                alt_main
 .text          0x00000000020021bc       0x38 ../convolution_bringup_bsp/\libhal_bsp.a(alt_putstr.o)
                0x00000000020021bc                alt_putstr
 .text          0x00000000020021f4        0x4 ../convolution_bringup_bsp/\libhal_bsp.a(alt_usleep.o)
                0x00000000020021f4                usleep
 .text          0x00000000020021f8       0x24 ../convolution_bringup_bsp/\libhal_bsp.a(alt_sys_init.o)
                0x00000000020021f8                alt_irq_init
                0x0000000002002218                alt_sys_init
 .text          0x000000000200221c       0x34 ../convolution_bringup_bsp/\libhal_bsp.a(altera_avalon_jtag_uart_write.o)
                0x000000000200221c                altera_avalon_jtag_uart_write
 .text          0x0000000002002250       0x88 ../convolution_bringup_bsp/\libhal_bsp.a(alt_busy_sleep.o)
                0x0000000002002250                alt_busy_sleep
 .text          0x00000000020022d8        0x4 ../convolution_bringup_bsp/\libhal_bsp.a(alt_dcache_flush_all.o)
                0x00000000020022d8                alt_dcache_flush_all
 .text          0x00000000020022dc        0x4 ../convolution_bringup_bsp/\libhal_bsp.a(alt_icache_flush_all.o)
                0x00000000020022dc                alt_icache_flush_all
 .text          0x00000000020022e0        0x8 ../convolution_bringup_bsp/\libhal_bsp.a(altera_nios2_gen2_irq.o)
                0x00000000020022e0                altera_nios2_gen2_irq_init
 .text          0x00000000020022e8        0x0 c:/intelfpga/18.1/nios2eds/bin/gnu/h-x86_64-mingw32/bin/../lib/gcc/nios2-elf/5.3.0/../../../../../H-x86_64-mingw32/nios2-elf/lib/mno-hw-mul\libsmallc.a(lib_a-strlen.o)
 .text.strlen   0x00000000020022e8       0x1c c:/intelfpga/18.1/nios2eds/bin/gnu/h-x86_64-mingw32/bin/../lib/gcc/nios2-elf/5.3.0/../../../../../H-x86_64-mingw32/nios2-elf/lib/mno-hw-mul\libsmallc.a(lib_a-strlen.o)
                0x00000000020022e8                strlen
 .text          0x0000000002002304      0x1b4 c:/intelfpga/18.1/nios2eds/bin/gnu/h-x86_64-mingw32/bin/../lib/gcc/nios2-elf/5.3.0/mno-hw-mul\libgcc.a(lib2-divmod.o)
                0x0000000002002304                __divsi3
                0x0000000002002388                __modsi3
                0x00000000020023fc                __udivsi3
                0x0000000002002460                __umodsi3
 .text          0x00000000020024b8       0x28 c:/intelfpga/18.1/nios2eds/bin/gnu/h-x86_64-mingw32/bin/../lib/gcc/nios2-elf/5.3.0/mno-hw-mul\libgcc.a(lib2-mul.o)
                0x00000000020024b8                __mulsi3
 *(.gnu.warning.*)
 *(.fini)
                [!provide]                        PROVIDE (__etext, ABSOLUTE (.))
                [!provide]                        PROVIDE (_etext, ABSOLUTE (.))
                [!provide]                        PROVIDE (etext, ABSOLUTE (.))
 *(.eh_frame_hdr)
                0x00000000020024e0                . = ALIGN (0x4)
                [!provide]                        PROVIDE (__preinit_array_start, ABSOLUTE (.))
 *(.preinit_array)
                [!provide]                        PROVIDE (__preinit_array_end, ABSOLUTE (.))
                [!provide]                        PROVIDE (__init_array_start, ABSOLUTE (.))
 *(.init_array)
                [!provide]                        PROVIDE (__init_array_end, ABSOLUTE (.))
                [!provide]                        PROVIDE (__fini_array_start, ABSOLUTE (.))
 *(.fini_array)
                [!provide]                        PROVIDE (__fini_array_end, ABSOLUTE (.))
 *(.eh_frame)
 *(.gcc_except_table .gcc_except_table.*)
 *(.dynamic)
                [!provide]                        PROVIDE (__CTOR_LIST__, ABSOLUTE (.))
 *(.ctors)
 *(SORT(.ctors.*))
                [!provide]                        PROVIDE (__CTOR_END__, ABSOLUTE (.))
                [!provide]                        PROVIDE (__DTOR_LIST__, ABSOLUTE (.))
 *(.dtors)
 *(SORT(.dtors.*))
                [!provide]                        PROVIDE (__DTOR_END__, ABSOLUTE (.))
 *(.jcr)
                0x00000000020024e0                . = ALIGN (0x4)

.rodata         0x00000000020024e0       0x24
                0x00000000020024e0                PROVIDE (__ram_rodata_start, ABSOLUTE (.))
                0x00000000020024e0                . = ALIGN (0x4)
 *(.rodata .rodata.* .gnu.linkonce.r.*)
 .rodata.str1.4
                0x00000000020024e0       0x24 obj/default/convolution_bringup.o
                                         0x21 (size before relaxing)
 *(.rodata1)
                0x0000000002002504                . = ALIGN (0x4)
                0x0000000002002504                PROVIDE (__ram_rodata_end, ABSOLUTE (.))
                0x00000000020024e0                PROVIDE (__flash_rodata_start, LOADADDR (.rodata))

.rwdata         0x0000000002002504        0x4 load address 0x0000000002002508
                0x0000000002002504                PROVIDE (__ram_rwdata_start, ABSOLUTE (.))
                0x0000000002002504                . = ALIGN (0x4)
 *(.got.plt)
 *(.got)
 *(.data1)
 *(.data .data.* .gnu.linkonce.d.*)
 .data          0x0000000002002504        0x0 ../convolution_bringup_bsp//obj/HAL/src/crt0.o
 .data          0x0000000002002504        0x0 obj/default/convolution_bringup.o
 .data          0x0000000002002504        0x0 ../convolution_bringup_bsp/\libhal_bsp.a(alt_load.o)
 .data          0x0000000002002504        0x0 ../convolution_bringup_bsp/\libhal_bsp.a(alt_main.o)
 .data          0x0000000002002504        0x0 ../convolution_bringup_bsp/\libhal_bsp.a(alt_putstr.o)
 .data          0x0000000002002504        0x0 ../convolution_bringup_bsp/\libhal_bsp.a(alt_usleep.o)
 .data          0x0000000002002504        0x0 ../convolution_bringup_bsp/\libhal_bsp.a(alt_sys_init.o)
 .data          0x0000000002002504        0x0 ../convolution_bringup_bsp/\libhal_bsp.a(altera_avalon_jtag_uart_write.o)
 .data          0x0000000002002504        0x0 ../convolution_bringup_bsp/\libhal_bsp.a(alt_busy_sleep.o)
 .data          0x0000000002002504        0x0 ../convolution_bringup_bsp/\libhal_bsp.a(alt_dcache_flush_all.o)
 .data          0x0000000002002504        0x0 ../convolution_bringup_bsp/\libhal_bsp.a(alt_icache_flush_all.o)
 .data          0x0000000002002504        0x0 ../convolution_bringup_bsp/\libhal_bsp.a(altera_nios2_gen2_irq.o)
 .data          0x0000000002002504        0x0 c:/intelfpga/18.1/nios2eds/bin/gnu/h-x86_64-mingw32/bin/../lib/gcc/nios2-elf/5.3.0/../../../../../H-x86_64-mingw32/nios2-elf/lib/mno-hw-mul\libsmallc.a(lib_a-strlen.o)
 .data          0x0000000002002504        0x0 c:/intelfpga/18.1/nios2eds/bin/gnu/h-x86_64-mingw32/bin/../lib/gcc/nios2-elf/5.3.0/mno-hw-mul\libgcc.a(lib2-divmod.o)
 .data          0x0000000002002504        0x0 c:/intelfpga/18.1/nios2eds/bin/gnu/h-x86_64-mingw32/bin/../lib/gcc/nios2-elf/5.3.0/mno-hw-mul\libgcc.a(lib2-mul.o)
                0x000000000200a504                _gp = ABSOLUTE ((. + 0x8000))
                [!provide]                        PROVIDE (gp, _gp)
 *(.rwdata .rwdata.*)
 *(.sdata .sdata.* .gnu.linkonce.s.*)
 .sdata         0x0000000002002504        0x4 ../convolution_bringup_bsp/\libhal_bsp.a(alt_sys_init.o)
                0x0000000002002504                jtag_uart
 *(.sdata2 .sdata2.* .gnu.linkonce.s2.*)
                0x0000000002002508                . = ALIGN (0x4)
                0x0000000002002508                _edata = ABSOLUTE (.)
                [!provide]                        PROVIDE (edata, ABSOLUTE (.))
                0x0000000002002508                PROVIDE (__ram_rwdata_end, ABSOLUTE (.))
                0x0000000002002508                PROVIDE (__flash_rwdata_start, LOADADDR (.rwdata))

.bss            0x000000000200250c        0xc
                0x000000000200250c                __bss_start = ABSOLUTE (.)
                [!provide]                        PROVIDE (__sbss_start, ABSOLUTE (.))
                [!provide]                        PROVIDE (___sbss_start, ABSOLUTE (.))
 *(.dynsbss)
 *(.sbss .sbss.* .gnu.linkonce.sb.*)
 .sbss          0x000000000200250c        0xc ../convolution_bringup_bsp/\libhal_bsp.a(alt_main.o)
                0x000000000200250c                alt_envp
                0x0000000002002510                alt_argv
                0x0000000002002514                alt_argc
 *(.sbss2 .sbss2.* .gnu.linkonce.sb2.*)
 *(.scommon)
                [!provide]                        PROVIDE (__sbss_end, ABSOLUTE (.))
                [!provide]                        PROVIDE (___sbss_end, ABSOLUTE (.))
 *(.dynbss)
 *(.bss .bss.* .gnu.linkonce.b.*)
 .bss           0x0000000002002518        0x0 ../convolution_bringup_bsp//obj/HAL/src/crt0.o
 .bss           0x0000000002002518        0x0 obj/default/convolution_bringup.o
 .bss           0x0000000002002518        0x0 ../convolution_bringup_bsp/\libhal_bsp.a(alt_load.o)
 .bss           0x0000000002002518        0x0 ../convolution_bringup_bsp/\libhal_bsp.a(alt_main.o)
 .bss           0x0000000002002518        0x0 ../convolution_bringup_bsp/\libhal_bsp.a(alt_putstr.o)
 .bss           0x0000000002002518        0x0 ../convolution_bringup_bsp/\libhal_bsp.a(alt_usleep.o)
 .bss           0x0000000002002518        0x0 ../convolution_bringup_bsp/\libhal_bsp.a(alt_sys_init.o)
 .bss           0x0000000002002518        0x0 ../convolution_bringup_bsp/\libhal_bsp.a(altera_avalon_jtag_uart_write.o)
 .bss           0x0000000002002518        0x0 ../convolution_bringup_bsp/\libhal_bsp.a(alt_busy_sleep.o)
 .bss           0x0000000002002518        0x0 ../convolution_bringup_bsp/\libhal_bsp.a(alt_dcache_flush_all.o)
 .bss           0x0000000002002518        0x0 ../convolution_bringup_bsp/\libhal_bsp.a(alt_icache_flush_all.o)
 .bss           0x0000000002002518        0x0 ../convolution_bringup_bsp/\libhal_bsp.a(altera_nios2_gen2_irq.o)
 .bss           0x0000000002002518        0x0 c:/intelfpga/18.1/nios2eds/bin/gnu/h-x86_64-mingw32/bin/../lib/gcc/nios2-elf/5.3.0/../../../../../H-x86_64-mingw32/nios2-elf/lib/mno-hw-mul\libsmallc.a(lib_a-strlen.o)
 .bss           0x0000000002002518        0x0 c:/intelfpga/18.1/nios2eds/bin/gnu/h-x86_64-mingw32/bin/../lib/gcc/nios2-elf/5.3.0/mno-hw-mul\libgcc.a(lib2-divmod.o)
 .bss           0x0000000002002518        0x0 c:/intelfpga/18.1/nios2eds/bin/gnu/h-x86_64-mingw32/bin/../lib/gcc/nios2-elf/5.3.0/mno-hw-mul\libgcc.a(lib2-mul.o)
 *(COMMON)
                0x0000000002002518                . = ALIGN (0x4)
                0x0000000002002518                __bss_end = ABSOLUTE (.)

.sdram          0x0000000000000000        0x0 load address 0x0000000002002518
                [!provide]                        PROVIDE (_alt_partition_sdram_start, ABSOLUTE (.))
 *(.sdram .sdram. sdram.*)
                0x0000000000000000                . = ALIGN (0x4)
                [!provide]                        PROVIDE (_alt_partition_sdram_end, ABSOLUTE (.))
                [!provide]                        PROVIDE (_alt_partition_sdram_load_addr, LOADADDR (.sdram))

.onchip_ram     0x0000000002002518        0x0
                [!provide]                        PROVIDE (_alt_partition_onchip_ram_start, ABSOLUTE (.))
 *(.onchip_ram .onchip_ram. onchip_ram.*)
                0x0000000002002518                . = ALIGN (0x4)
                [!provide]                        PROVIDE (_alt_partition_onchip_ram_end, ABSOLUTE (.))
                0x0000000002002518                _end = ABSOLUTE (.)
                0x0000000002002518                end = ABSOLUTE (.)
                0x0000000002002518                __alt_stack_base = ABSOLUTE (.)
                [!provide]                        PROVIDE (_alt_partition_onchip_ram_load_addr, LOADADDR (.onchip_ram))

.stab
 *(.stab)

.stabstr
 *(.stabstr)

.stab.excl
 *(.stab.excl)

.stab.exclstr
 *(.stab.exclstr)

.stab.index
 *(.stab.index)

.stab.indexstr
 *(.stab.indexstr)

.comment        0x0000000000000000       0x23
 *(.comment)
 .comment       0x0000000000000000       0x23 obj/default/convolution_bringup.o
                                         0x24 (size before relaxing)
 .comment       0x0000000000000023       0x24 ../convolution_bringup_bsp/\libhal_bsp.a(alt_load.o)
 .comment       0x0000000000000023       0x24 ../convolution_bringup_bsp/\libhal_bsp.a(alt_main.o)
 .comment       0x0000000000000023       0x24 ../convolution_bringup_bsp/\libhal_bsp.a(alt_putstr.o)
 .comment       0x0000000000000023       0x24 ../convolution_bringup_bsp/\libhal_bsp.a(alt_usleep.o)
 .comment       0x0000000000000023       0x24 ../convolution_bringup_bsp/\libhal_bsp.a(alt_sys_init.o)
 .comment       0x0000000000000023       0x24 ../convolution_bringup_bsp/\libhal_bsp.a(altera_avalon_jtag_uart_write.o)
 .comment       0x0000000000000023       0x24 ../convolution_bringup_bsp/\libhal_bsp.a(alt_busy_sleep.o)
 .comment       0x0000000000000023       0x24 ../convolution_bringup_bsp/\libhal_bsp.a(alt_dcache_flush_all.o)
 .comment       0x0000000000000023       0x24 ../convolution_bringup_bsp/\libhal_bsp.a(alt_icache_flush_all.o)
 .comment       0x0000000000000023       0x24 ../convolution_bringup_bsp/\libhal_bsp.a(altera_nios2_gen2_irq.o)
 .comment       0x0000000000000023       0x24 c:/intelfpga/18.1/nios2eds/bin/gnu/h-x86_64-mingw32/bin/../lib/gcc/nios2-elf/5.3.0/../../../../../H-x86_64-mingw32/nios2-elf/lib/mno-hw-mul\libsmallc.a(lib_a-strlen.o)
 .comment       0x0000000000000023       0x24 c:/intelfpga/18.1/nios2eds/bin/gnu/h-x86_64-mingw32/bin/../lib/gcc/nios2-elf/5.3.0/mno-hw-mul\libgcc.a(lib2-divmod.o)
 .comment       0x0000000000000023       0x24 c:/intelfpga/18.1/nios2eds/bin/gnu/h-x86_64-mingw32/bin/../lib/gcc/nios2-elf/5.3.0/mno-hw-mul\libgcc.a(lib2-mul.o)

.debug
 *(.debug)

.line
 *(.line)

.debug_srcinfo
 *(.debug_srcinfo)

.debug_sfnames
 *(.debug_sfnames)

.debug_aranges  0x0000000000000000      0x1e8
 *(.debug_aranges)
 .debug_aranges
                0x0000000000000000       0x28 ../convolution_bringup_bsp//obj/HAL/src/crt0.o
 .debug_aranges
                0x0000000000000028       0x20 obj/default/convolution_bringup.o
 .debug_aranges
                0x0000000000000048       0x20 ../convolution_bringup_bsp/\libhal_bsp.a(alt_load.o)
 .debug_aranges
                0x0000000000000068       0x20 ../convolution_bringup_bsp/\libhal_bsp.a(alt_main.o)
 .debug_aranges
                0x0000000000000088       0x20 ../convolution_bringup_bsp/\libhal_bsp.a(alt_putstr.o)
 .debug_aranges
                0x00000000000000a8       0x20 ../convolution_bringup_bsp/\libhal_bsp.a(alt_usleep.o)
 .debug_aranges
                0x00000000000000c8       0x20 ../convolution_bringup_bsp/\libhal_bsp.a(alt_sys_init.o)
 .debug_aranges
                0x00000000000000e8       0x20 ../convolution_bringup_bsp/\libhal_bsp.a(altera_avalon_jtag_uart_write.o)
 .debug_aranges
                0x0000000000000108       0x20 ../convolution_bringup_bsp/\libhal_bsp.a(alt_busy_sleep.o)
 .debug_aranges
                0x0000000000000128       0x20 ../convolution_bringup_bsp/\libhal_bsp.a(alt_dcache_flush_all.o)
 .debug_aranges
                0x0000000000000148       0x20 ../convolution_bringup_bsp/\libhal_bsp.a(alt_icache_flush_all.o)
 .debug_aranges
                0x0000000000000168       0x20 ../convolution_bringup_bsp/\libhal_bsp.a(altera_nios2_gen2_irq.o)
 .debug_aranges
                0x0000000000000188       0x20 c:/intelfpga/18.1/nios2eds/bin/gnu/h-x86_64-mingw32/bin/../lib/gcc/nios2-elf/5.3.0/../../../../../H-x86_64-mingw32/nios2-elf/lib/mno-hw-mul\libsmallc.a(lib_a-strlen.o)
 .debug_aranges
                0x00000000000001a8       0x20 c:/intelfpga/18.1/nios2eds/bin/gnu/h-x86_64-mingw32/bin/../lib/gcc/nios2-elf/5.3.0/mno-hw-mul\libgcc.a(lib2-divmod.o)
 .debug_aranges
                0x00000000000001c8       0x20 c:/intelfpga/18.1/nios2eds/bin/gnu/h-x86_64-mingw32/bin/../lib/gcc/nios2-elf/5.3.0/mno-hw-mul\libgcc.a(lib2-mul.o)

.debug_pubnames
 *(.debug_pubnames)

.debug_info     0x0000000000000000     0x10e0
 *(.debug_info .gnu.linkonce.wi.*)
 .debug_info    0x0000000000000000       0xac ../convolution_bringup_bsp//obj/HAL/src/crt0.o
 .debug_info    0x00000000000000ac      0x10a obj/default/convolution_bringup.o
 .debug_info    0x00000000000001b6      0x1c9 ../convolution_bringup_bsp/\libhal_bsp.a(alt_load.o)
 .debug_info    0x000000000000037f      0x169 ../convolution_bringup_bsp/\libhal_bsp.a(alt_main.o)
 .debug_info    0x00000000000004e8      0x13a ../convolution_bringup_bsp/\libhal_bsp.a(alt_putstr.o)
 .debug_info    0x0000000000000622       0xd1 ../convolution_bringup_bsp/\libhal_bsp.a(alt_usleep.o)
 .debug_info    0x00000000000006f3      0x185 ../convolution_bringup_bsp/\libhal_bsp.a(alt_sys_init.o)
 .debug_info    0x0000000000000878      0x197 ../convolution_bringup_bsp/\libhal_bsp.a(altera_avalon_jtag_uart_write.o)
 .debug_info    0x0000000000000a0f       0xd8 ../convolution_bringup_bsp/\libhal_bsp.a(alt_busy_sleep.o)
 .debug_info    0x0000000000000ae7       0x92 ../convolution_bringup_bsp/\libhal_bsp.a(alt_dcache_flush_all.o)
 .debug_info    0x0000000000000b79       0x92 ../convolution_bringup_bsp/\libhal_bsp.a(alt_icache_flush_all.o)
 .debug_info    0x0000000000000c0b       0x92 ../convolution_bringup_bsp/\libhal_bsp.a(altera_nios2_gen2_irq.o)
 .debug_info    0x0000000000000c9d       0xc9 c:/intelfpga/18.1/nios2eds/bin/gnu/h-x86_64-mingw32/bin/../lib/gcc/nios2-elf/5.3.0/../../../../../H-x86_64-mingw32/nios2-elf/lib/mno-hw-mul\libsmallc.a(lib_a-strlen.o)
 .debug_info    0x0000000000000d66      0x2c6 c:/intelfpga/18.1/nios2eds/bin/gnu/h-x86_64-mingw32/bin/../lib/gcc/nios2-elf/5.3.0/mno-hw-mul\libgcc.a(lib2-divmod.o)
 .debug_info    0x000000000000102c       0xb4 c:/intelfpga/18.1/nios2eds/bin/gnu/h-x86_64-mingw32/bin/../lib/gcc/nios2-elf/5.3.0/mno-hw-mul\libgcc.a(lib2-mul.o)

.debug_abbrev   0x0000000000000000      0x8fb
 *(.debug_abbrev)
 .debug_abbrev  0x0000000000000000       0x12 ../convolution_bringup_bsp//obj/HAL/src/crt0.o
 .debug_abbrev  0x0000000000000012       0x98 obj/default/convolution_bringup.o
 .debug_abbrev  0x00000000000000aa       0xd8 ../convolution_bringup_bsp/\libhal_bsp.a(alt_load.o)
 .debug_abbrev  0x0000000000000182       0xee ../convolution_bringup_bsp/\libhal_bsp.a(alt_main.o)
 .debug_abbrev  0x0000000000000270       0xd3 ../convolution_bringup_bsp/\libhal_bsp.a(alt_putstr.o)
 .debug_abbrev  0x0000000000000343       0x8d ../convolution_bringup_bsp/\libhal_bsp.a(alt_usleep.o)
 .debug_abbrev  0x00000000000003d0      0x107 ../convolution_bringup_bsp/\libhal_bsp.a(alt_sys_init.o)
 .debug_abbrev  0x00000000000004d7       0xd5 ../convolution_bringup_bsp/\libhal_bsp.a(altera_avalon_jtag_uart_write.o)
 .debug_abbrev  0x00000000000005ac       0x8d ../convolution_bringup_bsp/\libhal_bsp.a(alt_busy_sleep.o)
 .debug_abbrev  0x0000000000000639       0x42 ../convolution_bringup_bsp/\libhal_bsp.a(alt_dcache_flush_all.o)
 .debug_abbrev  0x000000000000067b       0x42 ../convolution_bringup_bsp/\libhal_bsp.a(alt_icache_flush_all.o)
 .debug_abbrev  0x00000000000006bd       0x42 ../convolution_bringup_bsp/\libhal_bsp.a(altera_nios2_gen2_irq.o)
 .debug_abbrev  0x00000000000006ff       0x7f c:/intelfpga/18.1/nios2eds/bin/gnu/h-x86_64-mingw32/bin/../lib/gcc/nios2-elf/5.3.0/../../../../../H-x86_64-mingw32/nios2-elf/lib/mno-hw-mul\libsmallc.a(lib_a-strlen.o)
 .debug_abbrev  0x000000000000077e      0x10e c:/intelfpga/18.1/nios2eds/bin/gnu/h-x86_64-mingw32/bin/../lib/gcc/nios2-elf/5.3.0/mno-hw-mul\libgcc.a(lib2-divmod.o)
 .debug_abbrev  0x000000000000088c       0x6f c:/intelfpga/18.1/nios2eds/bin/gnu/h-x86_64-mingw32/bin/../lib/gcc/nios2-elf/5.3.0/mno-hw-mul\libgcc.a(lib2-mul.o)

.debug_line     0x0000000000000000      0xabc
 *(.debug_line)
 .debug_line    0x0000000000000000       0x66 ../convolution_bringup_bsp//obj/HAL/src/crt0.o
 .debug_line    0x0000000000000066      0x11d obj/default/convolution_bringup.o
 .debug_line    0x0000000000000183       0xa4 ../convolution_bringup_bsp/\libhal_bsp.a(alt_load.o)
 .debug_line    0x0000000000000227       0xbd ../convolution_bringup_bsp/\libhal_bsp.a(alt_main.o)
 .debug_line    0x00000000000002e4       0x9b ../convolution_bringup_bsp/\libhal_bsp.a(alt_putstr.o)
 .debug_line    0x000000000000037f       0xca ../convolution_bringup_bsp/\libhal_bsp.a(alt_usleep.o)
 .debug_line    0x0000000000000449      0x101 ../convolution_bringup_bsp/\libhal_bsp.a(alt_sys_init.o)
 .debug_line    0x000000000000054a       0xf0 ../convolution_bringup_bsp/\libhal_bsp.a(altera_avalon_jtag_uart_write.o)
 .debug_line    0x000000000000063a       0xb5 ../convolution_bringup_bsp/\libhal_bsp.a(alt_busy_sleep.o)
 .debug_line    0x00000000000006ef       0x4e ../convolution_bringup_bsp/\libhal_bsp.a(alt_dcache_flush_all.o)
 .debug_line    0x000000000000073d       0x4e ../convolution_bringup_bsp/\libhal_bsp.a(alt_icache_flush_all.o)
 .debug_line    0x000000000000078b       0x50 ../convolution_bringup_bsp/\libhal_bsp.a(altera_nios2_gen2_irq.o)
 .debug_line    0x00000000000007db      0x15c c:/intelfpga/18.1/nios2eds/bin/gnu/h-x86_64-mingw32/bin/../lib/gcc/nios2-elf/5.3.0/../../../../../H-x86_64-mingw32/nios2-elf/lib/mno-hw-mul\libsmallc.a(lib_a-strlen.o)
 .debug_line    0x0000000000000937      0x105 c:/intelfpga/18.1/nios2eds/bin/gnu/h-x86_64-mingw32/bin/../lib/gcc/nios2-elf/5.3.0/mno-hw-mul\libgcc.a(lib2-divmod.o)
 .debug_line    0x0000000000000a3c       0x80 c:/intelfpga/18.1/nios2eds/bin/gnu/h-x86_64-mingw32/bin/../lib/gcc/nios2-elf/5.3.0/mno-hw-mul\libgcc.a(lib2-mul.o)

.debug_frame    0x0000000000000000      0x254
 *(.debug_frame)
 .debug_frame   0x0000000000000000       0x2c obj/default/convolution_bringup.o
 .debug_frame   0x000000000000002c       0x30 ../convolution_bringup_bsp/\libhal_bsp.a(alt_load.o)
 .debug_frame   0x000000000000005c       0x2c ../convolution_bringup_bsp/\libhal_bsp.a(alt_main.o)
 .debug_frame   0x0000000000000088       0x30 ../convolution_bringup_bsp/\libhal_bsp.a(alt_putstr.o)
 .debug_frame   0x00000000000000b8       0x20 ../convolution_bringup_bsp/\libhal_bsp.a(alt_usleep.o)
 .debug_frame   0x00000000000000d8       0x3c ../convolution_bringup_bsp/\libhal_bsp.a(alt_sys_init.o)
 .debug_frame   0x0000000000000114       0x20 ../convolution_bringup_bsp/\libhal_bsp.a(altera_avalon_jtag_uart_write.o)
 .debug_frame   0x0000000000000134       0x30 ../convolution_bringup_bsp/\libhal_bsp.a(alt_busy_sleep.o)
 .debug_frame   0x0000000000000164       0x20 ../convolution_bringup_bsp/\libhal_bsp.a(alt_dcache_flush_all.o)
 .debug_frame   0x0000000000000184       0x20 ../convolution_bringup_bsp/\libhal_bsp.a(alt_icache_flush_all.o)
 .debug_frame   0x00000000000001a4       0x20 ../convolution_bringup_bsp/\libhal_bsp.a(altera_nios2_gen2_irq.o)
 .debug_frame   0x00000000000001c4       0x20 c:/intelfpga/18.1/nios2eds/bin/gnu/h-x86_64-mingw32/bin/../lib/gcc/nios2-elf/5.3.0/../../../../../H-x86_64-mingw32/nios2-elf/lib/mno-hw-mul\libsmallc.a(lib_a-strlen.o)
 .debug_frame   0x00000000000001e4       0x50 c:/intelfpga/18.1/nios2eds/bin/gnu/h-x86_64-mingw32/bin/../lib/gcc/nios2-elf/5.3.0/mno-hw-mul\libgcc.a(lib2-divmod.o)
 .debug_frame   0x0000000000000234       0x20 c:/intelfpga/18.1/nios2eds/bin/gnu/h-x86_64-mingw32/bin/../lib/gcc/nios2-elf/5.3.0/mno-hw-mul\libgcc.a(lib2-mul.o)

.debug_str      0x0000000000000000      0x856
 *(.debug_str)
 .debug_str     0x0000000000000000      0x151 obj/default/convolution_bringup.o
                                        0x18f (size before relaxing)
 .debug_str     0x0000000000000151      0x193 ../convolution_bringup_bsp/\libhal_bsp.a(alt_load.o)
                                        0x27a (size before relaxing)
 .debug_str     0x00000000000002e4       0x8f ../convolution_bringup_bsp/\libhal_bsp.a(alt_main.o)
                                        0x1f3 (size before relaxing)
 .debug_str     0x0000000000000373       0x64 ../convolution_bringup_bsp/\libhal_bsp.a(alt_putstr.o)
                                        0x1ce (size before relaxing)
 .debug_str     0x00000000000003d7       0x2f ../convolution_bringup_bsp/\libhal_bsp.a(alt_usleep.o)
                                        0x195 (size before relaxing)
 .debug_str     0x0000000000000406       0x86 ../convolution_bringup_bsp/\libhal_bsp.a(alt_sys_init.o)
                                        0x262 (size before relaxing)
 .debug_str     0x000000000000048c       0x38 ../convolution_bringup_bsp/\libhal_bsp.a(altera_avalon_jtag_uart_write.o)
                                        0x253 (size before relaxing)
 .debug_str     0x00000000000004c4       0x33 ../convolution_bringup_bsp/\libhal_bsp.a(alt_busy_sleep.o)
                                        0x1a9 (size before relaxing)
 .debug_str     0x00000000000004f7       0x1f ../convolution_bringup_bsp/\libhal_bsp.a(alt_dcache_flush_all.o)
                                        0x193 (size before relaxing)
 .debug_str     0x0000000000000516       0x1f ../convolution_bringup_bsp/\libhal_bsp.a(alt_icache_flush_all.o)
                                        0x193 (size before relaxing)
 .debug_str     0x0000000000000535       0x20 ../convolution_bringup_bsp/\libhal_bsp.a(altera_nios2_gen2_irq.o)
                                        0x19a (size before relaxing)
 .debug_str     0x0000000000000555      0x13a c:/intelfpga/18.1/nios2eds/bin/gnu/h-x86_64-mingw32/bin/../lib/gcc/nios2-elf/5.3.0/../../../../../H-x86_64-mingw32/nios2-elf/lib/mno-hw-mul\libsmallc.a(lib_a-strlen.o)
                                        0x1e5 (size before relaxing)
 .debug_str     0x000000000000068f      0x187 c:/intelfpga/18.1/nios2eds/bin/gnu/h-x86_64-mingw32/bin/../lib/gcc/nios2-elf/5.3.0/mno-hw-mul\libgcc.a(lib2-divmod.o)
                                        0x1d2 (size before relaxing)
 .debug_str     0x0000000000000816       0x40 c:/intelfpga/18.1/nios2eds/bin/gnu/h-x86_64-mingw32/bin/../lib/gcc/nios2-elf/5.3.0/mno-hw-mul\libgcc.a(lib2-mul.o)
                                        0x193 (size before relaxing)

.debug_loc      0x0000000000000000      0x714
 *(.debug_loc)
 .debug_loc     0x0000000000000000       0x2a obj/default/convolution_bringup.o
 .debug_loc     0x000000000000002a       0x37 ../convolution_bringup_bsp/\libhal_bsp.a(alt_putstr.o)
 .debug_loc     0x0000000000000061       0x21 ../convolution_bringup_bsp/\libhal_bsp.a(alt_usleep.o)
 .debug_loc     0x0000000000000082       0x21 ../convolution_bringup_bsp/\libhal_bsp.a(alt_sys_init.o)
 .debug_loc     0x00000000000000a3       0x8b ../convolution_bringup_bsp/\libhal_bsp.a(altera_avalon_jtag_uart_write.o)
 .debug_loc     0x000000000000012e       0x67 ../convolution_bringup_bsp/\libhal_bsp.a(alt_busy_sleep.o)
 .debug_loc     0x0000000000000195       0x1e c:/intelfpga/18.1/nios2eds/bin/gnu/h-x86_64-mingw32/bin/../lib/gcc/nios2-elf/5.3.0/../../../../../H-x86_64-mingw32/nios2-elf/lib/mno-hw-mul\libsmallc.a(lib_a-strlen.o)
 .debug_loc     0x00000000000001b3      0x4ce c:/intelfpga/18.1/nios2eds/bin/gnu/h-x86_64-mingw32/bin/../lib/gcc/nios2-elf/5.3.0/mno-hw-mul\libgcc.a(lib2-divmod.o)
 .debug_loc     0x0000000000000681       0x93 c:/intelfpga/18.1/nios2eds/bin/gnu/h-x86_64-mingw32/bin/../lib/gcc/nios2-elf/5.3.0/mno-hw-mul\libgcc.a(lib2-mul.o)

.debug_macinfo
 *(.debug_macinfo)

.debug_weaknames
 *(.debug_weaknames)

.debug_funcnames
 *(.debug_funcnames)

.debug_typenames
 *(.debug_typenames)

.debug_varnames
 *(.debug_varnames)

.debug_alt_sim_info
                0x0000000000000000       0x40
 *(.debug_alt_sim_info)
 .debug_alt_sim_info
                0x0000000000000000       0x10 ../convolution_bringup_bsp//obj/HAL/src/crt0.o
 .debug_alt_sim_info
                0x0000000000000010       0x30 ../convolution_bringup_bsp/\libhal_bsp.a(alt_busy_sleep.o)
                0x0000000002004000                __alt_data_end = 0x2004000
                0x0000000002004000                PROVIDE (__alt_stack_pointer, __alt_data_end)
                [!provide]                        PROVIDE (__alt_stack_limit, __alt_stack_base)
                [!provide]                        PROVIDE (__alt_heap_start, end)
                [!provide]                        PROVIDE (__alt_heap_limit, 0x2004000)
OUTPUT(convolution_bringup.elf elf32-littlenios2)

.debug_ranges   0x0000000000000000       0xe8
 .debug_ranges  0x0000000000000000       0x20 ../convolution_bringup_bsp//obj/HAL/src/crt0.o
 .debug_ranges  0x0000000000000020       0x10 obj/default/convolution_bringup.o
 .debug_ranges  0x0000000000000030       0x48 ../convolution_bringup_bsp/\libhal_bsp.a(alt_load.o)
 .debug_ranges  0x0000000000000078       0x10 c:/intelfpga/18.1/nios2eds/bin/gnu/h-x86_64-mingw32/bin/../lib/gcc/nios2-elf/5.3.0/../../../../../H-x86_64-mingw32/nios2-elf/lib/mno-hw-mul\libsmallc.a(lib_a-strlen.o)
 .debug_ranges  0x0000000000000088       0x60 c:/intelfpga/18.1/nios2eds/bin/gnu/h-x86_64-mingw32/bin/../lib/gcc/nios2-elf/5.3.0/mno-hw-mul\libgcc.a(lib2-divmod.o)
