Flow report for micro_10m50_top
Wed Apr 29 13:34:23 2020
Quartus Prime Version 18.1.0 Build 625 09/12/2018 SJ Standard Edition


---------------------
; Table of Contents ;
---------------------
  1. Legal Notice
  2. Flow Summary
  3. Flow Settings
  4. Flow Non-Default Global Settings
  5. Flow Elapsed Time
  6. Flow OS Summary
  7. Flow Log
  8. Flow Messages
  9. Flow Suppressed Messages



----------------
; Legal Notice ;
----------------
Copyright (C) 2018  Intel Corporation. All rights reserved.
Your use of Intel Corporation's design tools, logic functions 
and other software and tools, and its AMPP partner logic 
functions, and any output files from any of the foregoing 
(including device programming or simulation files), and any 
associated documentation or information are expressly subject 
to the terms and conditions of the Intel Program License 
Subscription Agreement, the Intel Quartus Prime License Agreement,
the Intel FPGA IP License Agreement, or other applicable license
agreement, including, without limitation, that your use is for
the sole purpose of programming logic devices manufactured by
Intel and sold by Intel or its authorized distributors.  Please
refer to the applicable agreement for further details.



+--------------------------------------------------------------------------------------+
; Flow Summary                                                                         ;
+------------------------------------+-------------------------------------------------+
; Flow Status                        ; Successful - Wed Apr 29 13:34:23 2020           ;
; Quartus Prime Version              ; 18.1.0 Build 625 09/12/2018 SJ Standard Edition ;
; Revision Name                      ; micro_10m50_top                                 ;
; Top-level Entity Name              ; micro_10m50_top                                 ;
; Family                             ; MAX 10                                          ;
; Device                             ; 10M50DAF484C7G                                  ;
; Timing Models                      ; Final                                           ;
; Total logic elements               ; 1,103                                           ;
;     Total combinational functions  ; 924                                             ;
;     Dedicated logic registers      ; 499                                             ;
; Total registers                    ; 499                                             ;
; Total pins                         ; 3                                               ;
; Total virtual pins                 ; 0                                               ;
; Total memory bits                  ; 40,960                                          ;
; Embedded Multiplier 9-bit elements ; 2                                               ;
; Total PLLs                         ; 1                                               ;
; UFM blocks                         ; 0                                               ;
; ADC blocks                         ; 0                                               ;
+------------------------------------+-------------------------------------------------+


+-----------------------------------------+
; Flow Settings                           ;
+-------------------+---------------------+
; Option            ; Setting             ;
+-------------------+---------------------+
; Start date & time ; 04/29/2020 13:33:49 ;
; Main task         ; Compilation         ;
; Revision Name     ; micro_10m50_top     ;
+-------------------+---------------------+


+----------------------------------------------------------------------------------------------------------------------------------------------------------------+
; Flow Non-Default Global Settings                                                                                                                               ;
+-------------------------------------+-----------------------------------------------------------------------+---------------+---------------------+------------+
; Assignment Name                     ; Value                                                                 ; Default Value ; Entity Name         ; Section Id ;
+-------------------------------------+-----------------------------------------------------------------------+---------------+---------------------+------------+
; COMPILER_SIGNATURE_ID               ; 66325075406877.158812402912020                                        ; --            ; --                  ; --         ;
; MAX_CORE_JUNCTION_TEMP              ; 85                                                                    ; --            ; --                  ; --         ;
; MIN_CORE_JUNCTION_TEMP              ; 0                                                                     ; --            ; --                  ; --         ;
; MISC_FILE                           ; internal_oscillator/synthesis/../internal_oscillator.cmp              ; --            ; --                  ; --         ;
; MISC_FILE                           ; internal_oscillator/synthesis/../../internal_oscillator.qsys          ; --            ; --                  ; --         ;
; MISC_FILE                           ; JTAG_UART/jtag_uart/synthesis/../jtag_uart.cmp                        ; --            ; --                  ; --         ;
; MISC_FILE                           ; JTAG_UART/jtag_uart/synthesis/../../jtag_uart.qsys                    ; --            ; --                  ; --         ;
; MISC_FILE                           ; pll_10m.ppf                                                           ; --            ; --                  ; --         ;
; OUTPUT_IO_TIMING_FAR_END_VMEAS      ; Half Signal Swing                                                     ; --            ; --                  ; --         ;
; OUTPUT_IO_TIMING_FAR_END_VMEAS      ; Half Signal Swing                                                     ; --            ; --                  ; --         ;
; OUTPUT_IO_TIMING_NEAR_END_VMEAS     ; Half Vccio                                                            ; --            ; --                  ; --         ;
; OUTPUT_IO_TIMING_NEAR_END_VMEAS     ; Half Vccio                                                            ; --            ; --                  ; --         ;
; PARTITION_COLOR                     ; -- (Not supported for targeted family)                                ; --            ; --                  ; Top        ;
; PARTITION_FITTER_PRESERVATION_LEVEL ; -- (Not supported for targeted family)                                ; --            ; --                  ; Top        ;
; PARTITION_NETLIST_TYPE              ; -- (Not supported for targeted family)                                ; --            ; --                  ; Top        ;
; POWER_BOARD_THERMAL_MODEL           ; None (CONSERVATIVE)                                                   ; --            ; --                  ; --         ;
; POWER_PRESET_COOLING_SOLUTION       ; 23 MM HEAT SINK WITH 200 LFPM AIRFLOW                                 ; --            ; --                  ; --         ;
; PROJECT_OUTPUT_DIRECTORY            ; output_files                                                          ; --            ; --                  ; --         ;
; SLD_FILE                            ; internal_oscillator/synthesis/internal_oscillator.debuginfo           ; --            ; --                  ; --         ;
; SLD_FILE                            ; JTAG_UART/jtag_uart/synthesis/jtag_uart.regmap                        ; --            ; --                  ; --         ;
; SLD_FILE                            ; JTAG_UART/jtag_uart/synthesis/jtag_uart.debuginfo                     ; --            ; --                  ; --         ;
; SLD_INFO                            ; QSYS_NAME internal_oscillator HAS_SOPCINFO 1 GENERATION_ID 1552437445 ; --            ; internal_oscillator ; --         ;
; SLD_INFO                            ; QSYS_NAME jtag_uart HAS_SOPCINFO 1 GENERATION_ID 1552437346           ; --            ; jtag_uart           ; --         ;
; SOPCINFO_FILE                       ; internal_oscillator/synthesis/../../internal_oscillator.sopcinfo      ; --            ; --                  ; --         ;
; SOPCINFO_FILE                       ; JTAG_UART/jtag_uart/synthesis/../../jtag_uart.sopcinfo                ; --            ; --                  ; --         ;
; SYNTHESIS_ONLY_QIP                  ; On                                                                    ; --            ; --                  ; --         ;
; SYNTHESIS_ONLY_QIP                  ; On                                                                    ; --            ; --                  ; --         ;
+-------------------------------------+-----------------------------------------------------------------------+---------------+---------------------+------------+


+--------------------------------------------------------------------------------------------------------------------------+
; Flow Elapsed Time                                                                                                        ;
+----------------------+--------------+-------------------------+---------------------+------------------------------------+
; Module Name          ; Elapsed Time ; Average Processors Used ; Peak Virtual Memory ; Total CPU Time (on all processors) ;
+----------------------+--------------+-------------------------+---------------------+------------------------------------+
; Analysis & Synthesis ; 00:00:32     ; 1.0                     ; 4851 MB             ; 00:01:02                           ;
; Total                ; 00:00:32     ; --                      ; --                  ; 00:01:02                           ;
+----------------------+--------------+-------------------------+---------------------+------------------------------------+


+------------------------------------------------------------------------------------+
; Flow OS Summary                                                                    ;
+----------------------+------------------+------------+------------+----------------+
; Module Name          ; Machine Hostname ; OS Name    ; OS Version ; Processor type ;
+----------------------+------------------+------------+------------+----------------+
; Analysis & Synthesis ; DESKTOP-5B33PSG  ; Windows 10 ; 10.0       ; x86_64         ;
+----------------------+------------------+------------+------------+----------------+


------------
; Flow Log ;
------------
quartus_map --read_settings_files=on --write_settings_files=off micro_10m50_top -c micro_10m50_top



