Archive member included to satisfy reference by file (symbol)

../jtag_uart_bsp/\libhal_bsp.a(alt_load.o)
                              ../jtag_uart_bsp//obj/HAL/src/crt0.o (alt_load)
../jtag_uart_bsp/\libhal_bsp.a(alt_main.o)
                              ../jtag_uart_bsp//obj/HAL/src/crt0.o (alt_main)
../jtag_uart_bsp/\libhal_bsp.a(alt_sys_init.o)
                              ../jtag_uart_bsp/\libhal_bsp.a(alt_main.o) (alt_irq_init)
../jtag_uart_bsp/\libhal_bsp.a(alt_dcache_flush_all.o)
                              ../jtag_uart_bsp/\libhal_bsp.a(alt_load.o) (alt_dcache_flush_all)
../jtag_uart_bsp/\libhal_bsp.a(alt_icache_flush_all.o)
                              ../jtag_uart_bsp/\libhal_bsp.a(alt_load.o) (alt_icache_flush_all)
../jtag_uart_bsp/\libhal_bsp.a(altera_nios2_gen2_irq.o)
                              ../jtag_uart_bsp/\libhal_bsp.a(alt_sys_init.o) (altera_nios2_gen2_irq_init)

Memory Configuration

Name             Origin             Length             Attributes
sdram            0x0000000004000000 0x0000000004000000
reset            0x0000000009004000 0x0000000000000020
onchip_ram       0x0000000009004020 0x0000000000003fe0
*default*        0x0000000000000000 0xffffffffffffffff

Linker script and memory map

LOAD ../jtag_uart_bsp//obj/HAL/src/crt0.o
LOAD obj/default/jtag_uart.o
LOAD c:/intelfpga/18.1/nios2eds/bin/gnu/h-x86_64-mingw32/bin/../lib/gcc/nios2-elf/5.3.0/../../../../../H-x86_64-mingw32/nios2-elf/lib/mno-hw-mul\libstdc++.a
LOAD c:/intelfpga/18.1/nios2eds/bin/gnu/h-x86_64-mingw32/bin/../lib/gcc/nios2-elf/5.3.0/../../../../../H-x86_64-mingw32/nios2-elf/lib/mno-hw-mul\libm.a
LOAD c:/intelfpga/18.1/nios2eds/bin/gnu/h-x86_64-mingw32/bin/../lib/gcc/nios2-elf/5.3.0/mno-hw-mul\libgcc.a
START GROUP
LOAD c:/intelfpga/18.1/nios2eds/bin/gnu/h-x86_64-mingw32/bin/../lib/gcc/nios2-elf/5.3.0/../../../../../H-x86_64-mingw32/nios2-elf/lib/mno-hw-mul\libsmallc.a
LOAD c:/intelfpga/18.1/nios2eds/bin/gnu/h-x86_64-mingw32/bin/../lib/gcc/nios2-elf/5.3.0/mno-hw-mul\libgcc.a
LOAD ../jtag_uart_bsp/\libhal_bsp.a
LOAD c:/intelfpga/18.1/nios2eds/bin/gnu/h-x86_64-mingw32/bin/../lib/gcc/nios2-elf/5.3.0/../../../../../H-x86_64-mingw32/nios2-elf/lib/mno-hw-mul\libm.a
END GROUP
LOAD c:/intelfpga/18.1/nios2eds/bin/gnu/h-x86_64-mingw32/bin/../lib/gcc/nios2-elf/5.3.0/mno-hw-mul\libgcc.a
                0x0000000004000000                __alt_mem_sdram = 0x4000000
                0x0000000009004000                __alt_mem_onchip_ram = 0x9004000

.entry          0x0000000009004000       0x20
 *(.entry)
 .entry         0x0000000009004000       0x20 ../jtag_uart_bsp//obj/HAL/src/crt0.o
                0x0000000009004000                __reset
                0x000000000900400c                _exit

.exceptions     0x0000000009004020        0x0 load address 0x0000000004000000
                0x0000000009004020                PROVIDE (__ram_exceptions_start, ABSOLUTE (.))
                0x0000000009004020                . = ALIGN (0x20)
 *(.irq)
 *(.exceptions.entry.label)
 *(.exceptions.entry.user)
 *(.exceptions.entry.ecc_fatal)
 *(.exceptions.entry)
 *(.exceptions.irqtest.user)
 *(.exceptions.irqtest)
 *(.exceptions.irqhandler.user)
 *(.exceptions.irqhandler)
 *(.exceptions.irqreturn.user)
 *(.exceptions.irqreturn)
 *(.exceptions.notirq.label)
 *(.exceptions.notirq.user)
 *(.exceptions.notirq)
 *(.exceptions.soft.user)
 *(.exceptions.soft)
 *(.exceptions.unknown.user)
 *(.exceptions.unknown)
 *(.exceptions.exit.label)
 *(.exceptions.exit.user)
 *(.exceptions.exit)
 *(.exceptions)
                0x0000000009004020                PROVIDE (__ram_exceptions_end, ABSOLUTE (.))
                0x0000000004000000                PROVIDE (__flash_exceptions_start, LOADADDR (.exceptions))

.text           0x0000000004000000      0x184
                [!provide]                        PROVIDE (stext, ABSOLUTE (.))
 *(.interp)
 *(.hash)
 *(.dynsym)
 *(.dynstr)
 *(.gnu.version)
 *(.gnu.version_d)
 *(.gnu.version_r)
 *(.rel.init)
 *(.rela.init)
 *(.rel.text .rel.text.* .rel.gnu.linkonce.t.*)
 *(.rela.text .rela.text.* .rela.gnu.linkonce.t.*)
 *(.rel.fini)
 *(.rela.fini)
 *(.rel.rodata .rel.rodata.* .rel.gnu.linkonce.r.*)
 *(.rela.rodata .rela.rodata.* .rela.gnu.linkonce.r.*)
 *(.rel.data .rel.data.* .rel.gnu.linkonce.d.*)
 *(.rela.data .rela.data.* .rela.gnu.linkonce.d.*)
 *(.rel.tdata .rel.tdata.* .rel.gnu.linkonce.td.*)
 *(.rela.tdata .rela.tdata.* .rela.gnu.linkonce.td.*)
 *(.rel.tbss .rel.tbss.* .rel.gnu.linkonce.tb.*)
 *(.rela.tbss .rela.tbss.* .rela.gnu.linkonce.tb.*)
 *(.rel.ctors)
 *(.rela.ctors)
 *(.rel.dtors)
 *(.rela.dtors)
 *(.rel.got)
 *(.rela.got)
 *(.rel.sdata .rel.sdata.* .rel.gnu.linkonce.s.*)
 *(.rela.sdata .rela.sdata.* .rela.gnu.linkonce.s.*)
 *(.rel.sbss .rel.sbss.* .rel.gnu.linkonce.sb.*)
 *(.rela.sbss .rela.sbss.* .rela.gnu.linkonce.sb.*)
 *(.rel.sdata2 .rel.sdata2.* .rel.gnu.linkonce.s2.*)
 *(.rela.sdata2 .rela.sdata2.* .rela.gnu.linkonce.s2.*)
 *(.rel.sbss2 .rel.sbss2.* .rel.gnu.linkonce.sb2.*)
 *(.rela.sbss2 .rela.sbss2.* .rela.gnu.linkonce.sb2.*)
 *(.rel.bss .rel.bss.* .rel.gnu.linkonce.b.*)
 *(.rela.bss .rela.bss.* .rela.gnu.linkonce.b.*)
 *(.rel.plt)
 *(.rela.plt)
 *(.rel.dyn)
 *(.init)
 *(.plt)
 *(.text .stub .text.* .gnu.linkonce.t.*)
 .text          0x0000000004000000       0x3c ../jtag_uart_bsp//obj/HAL/src/crt0.o
                0x0000000004000000                _start
 .text          0x000000000400003c        0x0 obj/default/jtag_uart.o
 .text.startup  0x000000000400003c        0x8 obj/default/jtag_uart.o
                0x000000000400003c                main
 .text          0x0000000004000044       0xe0 ../jtag_uart_bsp/\libhal_bsp.a(alt_load.o)
                0x0000000004000044                alt_load
 .text          0x0000000004000124       0x2c ../jtag_uart_bsp/\libhal_bsp.a(alt_main.o)
                0x0000000004000124                alt_main
 .text          0x0000000004000150       0x24 ../jtag_uart_bsp/\libhal_bsp.a(alt_sys_init.o)
                0x0000000004000150                alt_irq_init
                0x0000000004000170                alt_sys_init
 .text          0x0000000004000174        0x4 ../jtag_uart_bsp/\libhal_bsp.a(alt_dcache_flush_all.o)
                0x0000000004000174                alt_dcache_flush_all
 .text          0x0000000004000178        0x4 ../jtag_uart_bsp/\libhal_bsp.a(alt_icache_flush_all.o)
                0x0000000004000178                alt_icache_flush_all
 .text          0x000000000400017c        0x8 ../jtag_uart_bsp/\libhal_bsp.a(altera_nios2_gen2_irq.o)
                0x000000000400017c                altera_nios2_gen2_irq_init
 *(.gnu.warning.*)
 *(.fini)
                [!provide]                        PROVIDE (__etext, ABSOLUTE (.))
                [!provide]                        PROVIDE (_etext, ABSOLUTE (.))
                [!provide]                        PROVIDE (etext, ABSOLUTE (.))
 *(.eh_frame_hdr)
                0x0000000004000184                . = ALIGN (0x4)
                [!provide]                        PROVIDE (__preinit_array_start, ABSOLUTE (.))
 *(.preinit_array)
                [!provide]                        PROVIDE (__preinit_array_end, ABSOLUTE (.))
                [!provide]                        PROVIDE (__init_array_start, ABSOLUTE (.))
 *(.init_array)
                [!provide]                        PROVIDE (__init_array_end, ABSOLUTE (.))
                [!provide]                        PROVIDE (__fini_array_start, ABSOLUTE (.))
 *(.fini_array)
                [!provide]                        PROVIDE (__fini_array_end, ABSOLUTE (.))
 *(.eh_frame)
 *(.gcc_except_table .gcc_except_table.*)
 *(.dynamic)
                [!provide]                        PROVIDE (__CTOR_LIST__, ABSOLUTE (.))
 *(.ctors)
 *(SORT(.ctors.*))
                [!provide]                        PROVIDE (__CTOR_END__, ABSOLUTE (.))
                [!provide]                        PROVIDE (__DTOR_LIST__, ABSOLUTE (.))
 *(.dtors)
 *(SORT(.dtors.*))
                [!provide]                        PROVIDE (__DTOR_END__, ABSOLUTE (.))
 *(.jcr)
                0x0000000004000184                . = ALIGN (0x4)

.rodata         0x0000000004000184        0x0
                0x0000000004000184                PROVIDE (__ram_rodata_start, ABSOLUTE (.))
                0x0000000004000184                . = ALIGN (0x4)
 *(.rodata .rodata.* .gnu.linkonce.r.*)
 *(.rodata1)
                0x0000000004000184                . = ALIGN (0x4)
                0x0000000004000184                PROVIDE (__ram_rodata_end, ABSOLUTE (.))
                0x0000000004000184                PROVIDE (__flash_rodata_start, LOADADDR (.rodata))

.rwdata         0x0000000004000184        0x4 load address 0x0000000004000188
                0x0000000004000184                PROVIDE (__ram_rwdata_start, ABSOLUTE (.))
                0x0000000004000184                . = ALIGN (0x4)
 *(.got.plt)
 *(.got)
 *(.data1)
 *(.data .data.* .gnu.linkonce.d.*)
 .data          0x0000000004000184        0x0 ../jtag_uart_bsp//obj/HAL/src/crt0.o
 .data          0x0000000004000184        0x0 obj/default/jtag_uart.o
 .data          0x0000000004000184        0x0 ../jtag_uart_bsp/\libhal_bsp.a(alt_load.o)
 .data          0x0000000004000184        0x0 ../jtag_uart_bsp/\libhal_bsp.a(alt_main.o)
 .data          0x0000000004000184        0x0 ../jtag_uart_bsp/\libhal_bsp.a(alt_sys_init.o)
 .data          0x0000000004000184        0x0 ../jtag_uart_bsp/\libhal_bsp.a(alt_dcache_flush_all.o)
 .data          0x0000000004000184        0x0 ../jtag_uart_bsp/\libhal_bsp.a(alt_icache_flush_all.o)
 .data          0x0000000004000184        0x0 ../jtag_uart_bsp/\libhal_bsp.a(altera_nios2_gen2_irq.o)
                0x0000000004008184                _gp = ABSOLUTE ((. + 0x8000))
                [!provide]                        PROVIDE (gp, _gp)
 *(.rwdata .rwdata.*)
 *(.sdata .sdata.* .gnu.linkonce.s.*)
 .sdata         0x0000000004000184        0x4 ../jtag_uart_bsp/\libhal_bsp.a(alt_sys_init.o)
                0x0000000004000184                jtag_uart
 *(.sdata2 .sdata2.* .gnu.linkonce.s2.*)
                0x0000000004000188                . = ALIGN (0x4)
                0x0000000004000188                _edata = ABSOLUTE (.)
                [!provide]                        PROVIDE (edata, ABSOLUTE (.))
                0x0000000004000188                PROVIDE (__ram_rwdata_end, ABSOLUTE (.))
                0x0000000004000188                PROVIDE (__flash_rwdata_start, LOADADDR (.rwdata))

.bss            0x000000000400018c        0xc
                0x000000000400018c                __bss_start = ABSOLUTE (.)
                [!provide]                        PROVIDE (__sbss_start, ABSOLUTE (.))
                [!provide]                        PROVIDE (___sbss_start, ABSOLUTE (.))
 *(.dynsbss)
 *(.sbss .sbss.* .gnu.linkonce.sb.*)
 .sbss          0x000000000400018c        0xc ../jtag_uart_bsp/\libhal_bsp.a(alt_main.o)
                0x000000000400018c                alt_envp
                0x0000000004000190                alt_argv
                0x0000000004000194                alt_argc
 *(.sbss2 .sbss2.* .gnu.linkonce.sb2.*)
 *(.scommon)
                [!provide]                        PROVIDE (__sbss_end, ABSOLUTE (.))
                [!provide]                        PROVIDE (___sbss_end, ABSOLUTE (.))
 *(.dynbss)
 *(.bss .bss.* .gnu.linkonce.b.*)
 .bss           0x0000000004000198        0x0 ../jtag_uart_bsp//obj/HAL/src/crt0.o
 .bss           0x0000000004000198        0x0 obj/default/jtag_uart.o
 .bss           0x0000000004000198        0x0 ../jtag_uart_bsp/\libhal_bsp.a(alt_load.o)
 .bss           0x0000000004000198        0x0 ../jtag_uart_bsp/\libhal_bsp.a(alt_main.o)
 .bss           0x0000000004000198        0x0 ../jtag_uart_bsp/\libhal_bsp.a(alt_sys_init.o)
 .bss           0x0000000004000198        0x0 ../jtag_uart_bsp/\libhal_bsp.a(alt_dcache_flush_all.o)
 .bss           0x0000000004000198        0x0 ../jtag_uart_bsp/\libhal_bsp.a(alt_icache_flush_all.o)
 .bss           0x0000000004000198        0x0 ../jtag_uart_bsp/\libhal_bsp.a(altera_nios2_gen2_irq.o)
 *(COMMON)
                0x0000000004000198                . = ALIGN (0x4)
                0x0000000004000198                __bss_end = ABSOLUTE (.)

.sdram          0x0000000004000198        0x0
                [!provide]                        PROVIDE (_alt_partition_sdram_start, ABSOLUTE (.))
 *(.sdram .sdram. sdram.*)
                0x0000000004000198                . = ALIGN (0x4)
                [!provide]                        PROVIDE (_alt_partition_sdram_end, ABSOLUTE (.))
                0x0000000004000198                _end = ABSOLUTE (.)
                0x0000000004000198                end = ABSOLUTE (.)
                0x0000000004000198                __alt_stack_base = ABSOLUTE (.)
                [!provide]                        PROVIDE (_alt_partition_sdram_load_addr, LOADADDR (.sdram))

.onchip_ram     0x0000000009004020        0x0 load address 0x0000000004000198
                [!provide]                        PROVIDE (_alt_partition_onchip_ram_start, ABSOLUTE (.))
 *(.onchip_ram .onchip_ram. onchip_ram.*)
                0x0000000009004020                . = ALIGN (0x4)
                [!provide]                        PROVIDE (_alt_partition_onchip_ram_end, ABSOLUTE (.))
                [!provide]                        PROVIDE (_alt_partition_onchip_ram_load_addr, LOADADDR (.onchip_ram))

.stab
 *(.stab)

.stabstr
 *(.stabstr)

.stab.excl
 *(.stab.excl)

.stab.exclstr
 *(.stab.exclstr)

.stab.index
 *(.stab.index)

.stab.indexstr
 *(.stab.indexstr)

.comment        0x0000000000000000       0x23
 *(.comment)
 .comment       0x0000000000000000       0x23 obj/default/jtag_uart.o
                                         0x24 (size before relaxing)
 .comment       0x0000000000000023       0x24 ../jtag_uart_bsp/\libhal_bsp.a(alt_load.o)
 .comment       0x0000000000000023       0x24 ../jtag_uart_bsp/\libhal_bsp.a(alt_main.o)
 .comment       0x0000000000000023       0x24 ../jtag_uart_bsp/\libhal_bsp.a(alt_sys_init.o)
 .comment       0x0000000000000023       0x24 ../jtag_uart_bsp/\libhal_bsp.a(alt_dcache_flush_all.o)
 .comment       0x0000000000000023       0x24 ../jtag_uart_bsp/\libhal_bsp.a(alt_icache_flush_all.o)
 .comment       0x0000000000000023       0x24 ../jtag_uart_bsp/\libhal_bsp.a(altera_nios2_gen2_irq.o)

.debug
 *(.debug)

.line
 *(.line)

.debug_srcinfo
 *(.debug_srcinfo)

.debug_sfnames
 *(.debug_sfnames)

.debug_aranges  0x0000000000000000      0x108
 *(.debug_aranges)
 .debug_aranges
                0x0000000000000000       0x28 ../jtag_uart_bsp//obj/HAL/src/crt0.o
 .debug_aranges
                0x0000000000000028       0x20 obj/default/jtag_uart.o
 .debug_aranges
                0x0000000000000048       0x20 ../jtag_uart_bsp/\libhal_bsp.a(alt_load.o)
 .debug_aranges
                0x0000000000000068       0x20 ../jtag_uart_bsp/\libhal_bsp.a(alt_main.o)
 .debug_aranges
                0x0000000000000088       0x20 ../jtag_uart_bsp/\libhal_bsp.a(alt_sys_init.o)
 .debug_aranges
                0x00000000000000a8       0x20 ../jtag_uart_bsp/\libhal_bsp.a(alt_dcache_flush_all.o)
 .debug_aranges
                0x00000000000000c8       0x20 ../jtag_uart_bsp/\libhal_bsp.a(alt_icache_flush_all.o)
 .debug_aranges
                0x00000000000000e8       0x20 ../jtag_uart_bsp/\libhal_bsp.a(altera_nios2_gen2_irq.o)

.debug_pubnames
 *(.debug_pubnames)

.debug_info     0x0000000000000000      0x735
 *(.debug_info .gnu.linkonce.wi.*)
 .debug_info    0x0000000000000000       0x86 ../jtag_uart_bsp//obj/HAL/src/crt0.o
 .debug_info    0x0000000000000086       0x42 obj/default/jtag_uart.o
 .debug_info    0x00000000000000c8      0x1c9 ../jtag_uart_bsp/\libhal_bsp.a(alt_load.o)
 .debug_info    0x0000000000000291      0x169 ../jtag_uart_bsp/\libhal_bsp.a(alt_main.o)
 .debug_info    0x00000000000003fa      0x185 ../jtag_uart_bsp/\libhal_bsp.a(alt_sys_init.o)
 .debug_info    0x000000000000057f       0x92 ../jtag_uart_bsp/\libhal_bsp.a(alt_dcache_flush_all.o)
 .debug_info    0x0000000000000611       0x92 ../jtag_uart_bsp/\libhal_bsp.a(alt_icache_flush_all.o)
 .debug_info    0x00000000000006a3       0x92 ../jtag_uart_bsp/\libhal_bsp.a(altera_nios2_gen2_irq.o)

.debug_abbrev   0x0000000000000000      0x3dc
 *(.debug_abbrev)
 .debug_abbrev  0x0000000000000000       0x12 ../jtag_uart_bsp//obj/HAL/src/crt0.o
 .debug_abbrev  0x0000000000000012       0x37 obj/default/jtag_uart.o
 .debug_abbrev  0x0000000000000049       0xd8 ../jtag_uart_bsp/\libhal_bsp.a(alt_load.o)
 .debug_abbrev  0x0000000000000121       0xee ../jtag_uart_bsp/\libhal_bsp.a(alt_main.o)
 .debug_abbrev  0x000000000000020f      0x107 ../jtag_uart_bsp/\libhal_bsp.a(alt_sys_init.o)
 .debug_abbrev  0x0000000000000316       0x42 ../jtag_uart_bsp/\libhal_bsp.a(alt_dcache_flush_all.o)
 .debug_abbrev  0x0000000000000358       0x42 ../jtag_uart_bsp/\libhal_bsp.a(alt_icache_flush_all.o)
 .debug_abbrev  0x000000000000039a       0x42 ../jtag_uart_bsp/\libhal_bsp.a(altera_nios2_gen2_irq.o)

.debug_line     0x0000000000000000      0x3ee
 *(.debug_line)
 .debug_line    0x0000000000000000       0x66 ../jtag_uart_bsp//obj/HAL/src/crt0.o
 .debug_line    0x0000000000000066       0x3a obj/default/jtag_uart.o
 .debug_line    0x00000000000000a0       0xa4 ../jtag_uart_bsp/\libhal_bsp.a(alt_load.o)
 .debug_line    0x0000000000000144       0xbd ../jtag_uart_bsp/\libhal_bsp.a(alt_main.o)
 .debug_line    0x0000000000000201      0x101 ../jtag_uart_bsp/\libhal_bsp.a(alt_sys_init.o)
 .debug_line    0x0000000000000302       0x4e ../jtag_uart_bsp/\libhal_bsp.a(alt_dcache_flush_all.o)
 .debug_line    0x0000000000000350       0x4e ../jtag_uart_bsp/\libhal_bsp.a(alt_icache_flush_all.o)
 .debug_line    0x000000000000039e       0x50 ../jtag_uart_bsp/\libhal_bsp.a(altera_nios2_gen2_irq.o)

.debug_frame    0x0000000000000000      0x118
 *(.debug_frame)
 .debug_frame   0x0000000000000000       0x20 obj/default/jtag_uart.o
 .debug_frame   0x0000000000000020       0x30 ../jtag_uart_bsp/\libhal_bsp.a(alt_load.o)
 .debug_frame   0x0000000000000050       0x2c ../jtag_uart_bsp/\libhal_bsp.a(alt_main.o)
 .debug_frame   0x000000000000007c       0x3c ../jtag_uart_bsp/\libhal_bsp.a(alt_sys_init.o)
 .debug_frame   0x00000000000000b8       0x20 ../jtag_uart_bsp/\libhal_bsp.a(alt_dcache_flush_all.o)
 .debug_frame   0x00000000000000d8       0x20 ../jtag_uart_bsp/\libhal_bsp.a(alt_icache_flush_all.o)
 .debug_frame   0x00000000000000f8       0x20 ../jtag_uart_bsp/\libhal_bsp.a(altera_nios2_gen2_irq.o)

.debug_str      0x0000000000000000      0x408
 *(.debug_str)
 .debug_str     0x0000000000000000       0xa3 obj/default/jtag_uart.o
                                         0xa8 (size before relaxing)
 .debug_str     0x00000000000000a3      0x1d2 ../jtag_uart_bsp/\libhal_bsp.a(alt_load.o)
                                        0x254 (size before relaxing)
 .debug_str     0x0000000000000275       0x8f ../jtag_uart_bsp/\libhal_bsp.a(alt_main.o)
                                        0x1cd (size before relaxing)
 .debug_str     0x0000000000000304       0xa6 ../jtag_uart_bsp/\libhal_bsp.a(alt_sys_init.o)
                                        0x23c (size before relaxing)
 .debug_str     0x00000000000003aa       0x1f ../jtag_uart_bsp/\libhal_bsp.a(alt_dcache_flush_all.o)
                                        0x16d (size before relaxing)
 .debug_str     0x00000000000003c9       0x1f ../jtag_uart_bsp/\libhal_bsp.a(alt_icache_flush_all.o)
                                        0x16d (size before relaxing)
 .debug_str     0x00000000000003e8       0x20 ../jtag_uart_bsp/\libhal_bsp.a(altera_nios2_gen2_irq.o)
                                        0x174 (size before relaxing)

.debug_loc      0x0000000000000000       0x21
 *(.debug_loc)
 .debug_loc     0x0000000000000000       0x21 ../jtag_uart_bsp/\libhal_bsp.a(alt_sys_init.o)

.debug_macinfo
 *(.debug_macinfo)

.debug_weaknames
 *(.debug_weaknames)

.debug_funcnames
 *(.debug_funcnames)

.debug_typenames
 *(.debug_typenames)

.debug_varnames
 *(.debug_varnames)

.debug_alt_sim_info
                0x0000000000000000       0x10
 *(.debug_alt_sim_info)
 .debug_alt_sim_info
                0x0000000000000000       0x10 ../jtag_uart_bsp//obj/HAL/src/crt0.o
                0x0000000008000000                __alt_data_end = 0x8000000
                0x0000000008000000                PROVIDE (__alt_stack_pointer, __alt_data_end)
                [!provide]                        PROVIDE (__alt_stack_limit, __alt_stack_base)
                [!provide]                        PROVIDE (__alt_heap_start, end)
                [!provide]                        PROVIDE (__alt_heap_limit, 0x8000000)
OUTPUT(jtag_uart.elf elf32-littlenios2)

.debug_ranges   0x0000000000000000       0x78
 .debug_ranges  0x0000000000000000       0x20 ../jtag_uart_bsp//obj/HAL/src/crt0.o
 .debug_ranges  0x0000000000000020       0x10 obj/default/jtag_uart.o
 .debug_ranges  0x0000000000000030       0x48 ../jtag_uart_bsp/\libhal_bsp.a(alt_load.o)
