Archive member included to satisfy reference by file (symbol)

c:/intelfpga_lite/20.1/nios2eds/bin/gnu/h-x86_64-mingw32/bin/../lib/gcc/nios2-elf/10.1.1/../../../../../H-x86_64-mingw32/nios2-elf/lib/mno-hw-mul\libm.a(lib_a-wf_exp.o)
                              obj/default/bringup_test.o (expf)
c:/intelfpga_lite/20.1/nios2eds/bin/gnu/h-x86_64-mingw32/bin/../lib/gcc/nios2-elf/10.1.1/../../../../../H-x86_64-mingw32/nios2-elf/lib/mno-hw-mul\libm.a(lib_a-wf_log.o)
                              obj/default/bringup_test.o (logf)
c:/intelfpga_lite/20.1/nios2eds/bin/gnu/h-x86_64-mingw32/bin/../lib/gcc/nios2-elf/10.1.1/../../../../../H-x86_64-mingw32/nios2-elf/lib/mno-hw-mul\libm.a(lib_a-ef_exp.o)
                              c:/intelfpga_lite/20.1/nios2eds/bin/gnu/h-x86_64-mingw32/bin/../lib/gcc/nios2-elf/10.1.1/../../../../../H-x86_64-mingw32/nios2-elf/lib/mno-hw-mul\libm.a(lib_a-wf_exp.o) (__ieee754_expf)
c:/intelfpga_lite/20.1/nios2eds/bin/gnu/h-x86_64-mingw32/bin/../lib/gcc/nios2-elf/10.1.1/../../../../../H-x86_64-mingw32/nios2-elf/lib/mno-hw-mul\libm.a(lib_a-ef_log.o)
                              c:/intelfpga_lite/20.1/nios2eds/bin/gnu/h-x86_64-mingw32/bin/../lib/gcc/nios2-elf/10.1.1/../../../../../H-x86_64-mingw32/nios2-elf/lib/mno-hw-mul\libm.a(lib_a-wf_log.o) (__ieee754_logf)
c:/intelfpga_lite/20.1/nios2eds/bin/gnu/h-x86_64-mingw32/bin/../lib/gcc/nios2-elf/10.1.1/../../../../../H-x86_64-mingw32/nios2-elf/lib/mno-hw-mul\libm.a(lib_a-s_lib_ver.o)
                              c:/intelfpga_lite/20.1/nios2eds/bin/gnu/h-x86_64-mingw32/bin/../lib/gcc/nios2-elf/10.1.1/../../../../../H-x86_64-mingw32/nios2-elf/lib/mno-hw-mul\libm.a(lib_a-wf_exp.o) (__fdlib_version)
c:/intelfpga_lite/20.1/nios2eds/bin/gnu/h-x86_64-mingw32/bin/../lib/gcc/nios2-elf/10.1.1/mno-hw-mul\libgcc.a(_fixunsdfsi.o)
                              obj/default/bringup_test.o (__fixunsdfsi)
c:/intelfpga_lite/20.1/nios2eds/bin/gnu/h-x86_64-mingw32/bin/../lib/gcc/nios2-elf/10.1.1/mno-hw-mul\libgcc.a(_udivdi3.o)
                              obj/default/printf.o (__udivdi3)
c:/intelfpga_lite/20.1/nios2eds/bin/gnu/h-x86_64-mingw32/bin/../lib/gcc/nios2-elf/10.1.1/mno-hw-mul\libgcc.a(_umoddi3.o)
                              obj/default/printf.o (__umoddi3)
c:/intelfpga_lite/20.1/nios2eds/bin/gnu/h-x86_64-mingw32/bin/../lib/gcc/nios2-elf/10.1.1/mno-hw-mul\libgcc.a(lib2-divmod.o)
                              obj/default/printf.o (__divsi3)
c:/intelfpga_lite/20.1/nios2eds/bin/gnu/h-x86_64-mingw32/bin/../lib/gcc/nios2-elf/10.1.1/mno-hw-mul\libgcc.a(lib2-mul.o)
                              obj/default/bringup_test.o (__mulsi3)
c:/intelfpga_lite/20.1/nios2eds/bin/gnu/h-x86_64-mingw32/bin/../lib/gcc/nios2-elf/10.1.1/mno-hw-mul\libgcc.a(addsf3.o)
                              obj/default/bringup_test.o (__addsf3)
c:/intelfpga_lite/20.1/nios2eds/bin/gnu/h-x86_64-mingw32/bin/../lib/gcc/nios2-elf/10.1.1/mno-hw-mul\libgcc.a(divsf3.o)
                              obj/default/bringup_test.o (__divsf3)
c:/intelfpga_lite/20.1/nios2eds/bin/gnu/h-x86_64-mingw32/bin/../lib/gcc/nios2-elf/10.1.1/mno-hw-mul\libgcc.a(eqsf2.o)
                              c:/intelfpga_lite/20.1/nios2eds/bin/gnu/h-x86_64-mingw32/bin/../lib/gcc/nios2-elf/10.1.1/../../../../../H-x86_64-mingw32/nios2-elf/lib/mno-hw-mul\libm.a(lib_a-wf_log.o) (__nesf2)
c:/intelfpga_lite/20.1/nios2eds/bin/gnu/h-x86_64-mingw32/bin/../lib/gcc/nios2-elf/10.1.1/mno-hw-mul\libgcc.a(gesf2.o)
                              obj/default/bringup_test.o (__gtsf2)
c:/intelfpga_lite/20.1/nios2eds/bin/gnu/h-x86_64-mingw32/bin/../lib/gcc/nios2-elf/10.1.1/mno-hw-mul\libgcc.a(lesf2.o)
                              obj/default/bringup_test.o (__ltsf2)
c:/intelfpga_lite/20.1/nios2eds/bin/gnu/h-x86_64-mingw32/bin/../lib/gcc/nios2-elf/10.1.1/mno-hw-mul\libgcc.a(mulsf3.o)
                              obj/default/bringup_test.o (__mulsf3)
c:/intelfpga_lite/20.1/nios2eds/bin/gnu/h-x86_64-mingw32/bin/../lib/gcc/nios2-elf/10.1.1/mno-hw-mul\libgcc.a(subsf3.o)
                              obj/default/bringup_test.o (__subsf3)
c:/intelfpga_lite/20.1/nios2eds/bin/gnu/h-x86_64-mingw32/bin/../lib/gcc/nios2-elf/10.1.1/mno-hw-mul\libgcc.a(unordsf2.o)
                              c:/intelfpga_lite/20.1/nios2eds/bin/gnu/h-x86_64-mingw32/bin/../lib/gcc/nios2-elf/10.1.1/../../../../../H-x86_64-mingw32/nios2-elf/lib/mno-hw-mul\libm.a(lib_a-wf_exp.o) (__unordsf2)
c:/intelfpga_lite/20.1/nios2eds/bin/gnu/h-x86_64-mingw32/bin/../lib/gcc/nios2-elf/10.1.1/mno-hw-mul\libgcc.a(fixsfsi.o)
                              obj/default/bringup_test.o (__fixsfsi)
c:/intelfpga_lite/20.1/nios2eds/bin/gnu/h-x86_64-mingw32/bin/../lib/gcc/nios2-elf/10.1.1/mno-hw-mul\libgcc.a(floatsisf.o)
                              obj/default/bringup_test.o (__floatsisf)
c:/intelfpga_lite/20.1/nios2eds/bin/gnu/h-x86_64-mingw32/bin/../lib/gcc/nios2-elf/10.1.1/mno-hw-mul\libgcc.a(floatunsisf.o)
                              obj/default/bringup_test.o (__floatunsisf)
[...]
Memory Configuration

Name             Origin             Length             Attributes
sdram            0x0000000000000000 0x0000000002000000
reset            0x0000000002002000 0x0000000000000020
onchip_ram       0x0000000002002020 0x0000000000001fe0
*default*        0x0000000000000000 0xffffffffffffffff

Linker script and memory map

LOAD c:/GitHub/FAccel-CNN/hardware/intel_fpga/development_kits/terasic_de0_nano/quartus_projects/inference_test/20.1/software/bringup_test_bsp//obj/HAL/src/crt0.o
LOAD obj/default/bringup_test.o
LOAD obj/default/printf.o
LOAD c:/intelfpga_lite/20.1/nios2eds/bin/gnu/h-x86_64-mingw32/bin/../lib/gcc/nios2-elf/10.1.1/../../../../../H-x86_64-mingw32/nios2-elf/lib/mno-hw-mul\libstdc++.a
LOAD c:/intelfpga_lite/20.1/nios2eds/bin/gnu/h-x86_64-mingw32/bin/../lib/gcc/nios2-elf/10.1.1/../../../../../H-x86_64-mingw32/nios2-elf/lib/mno-hw-mul\libm.a
LOAD c:/intelfpga_lite/20.1/nios2eds/bin/gnu/h-x86_64-mingw32/bin/../lib/gcc/nios2-elf/10.1.1/mno-hw-mul\libgcc.a
START GROUP
LOAD c:/intelfpga_lite/20.1/nios2eds/bin/gnu/h-x86_64-mingw32/bin/../lib/gcc/nios2-elf/10.1.1/../../../../../H-x86_64-mingw32/nios2-elf/lib/mno-hw-mul\libc.a
LOAD c:/intelfpga_lite/20.1/nios2eds/bin/gnu/h-x86_64-mingw32/bin/../lib/gcc/nios2-elf/10.1.1/mno-hw-mul\libgcc.a
LOAD c:/GitHub/FAccel-CNN/hardware/intel_fpga/development_kits/terasic_de0_nano/quartus_projects/inference_test/20.1/software/bringup_test_bsp/\libhal_bsp.a
LOAD c:/intelfpga_lite/20.1/nios2eds/bin/gnu/h-x86_64-mingw32/bin/../lib/gcc/nios2-elf/10.1.1/../../../../../H-x86_64-mingw32/nios2-elf/lib/mno-hw-mul\libm.a
END GROUP
LOAD c:/intelfpga_lite/20.1/nios2eds/bin/gnu/h-x86_64-mingw32/bin/../lib/gcc/nios2-elf/10.1.1/mno-hw-mul\libgcc.a
                0x0000000000000000                __alt_mem_sdram = 0x0
                0x0000000002002000                __alt_mem_onchip_ram = 0x2002000

.entry          0x0000000002002000       0x20
 *(.entry)
 .entry         0x0000000002002000       0x20 c:/GitHub/FAccel-CNN/hardware/intel_fpga/development_kits/terasic_de0_nano/quartus_projects/inference_test/20.1/software/bringup_test_bsp//obj/HAL/src/crt0.o
                0x0000000002002000                __reset

.exceptions     0x0000000002002020      0x204 load address 0x0000000000000000
                0x0000000002002020                PROVIDE (__ram_exceptions_start = ABSOLUTE (.))
                0x0000000002002020                . = ALIGN (0x20)
 *(.irq)
 *(.exceptions.entry.label)
 .exceptions.entry.label
                0x0000000002002020        0x0 c:/GitHub/FAccel-CNN/hardware/intel_fpga/development_kits/terasic_de0_nano/quartus_projects/inference_test/20.1/software/bringup_test_bsp/\libhal_bsp.a(alt_irq_entry.o)
                0x0000000002002020                alt_irq_entry
 .exceptions.entry.label
                0x0000000002002020        0x0 c:/GitHub/FAccel-CNN/hardware/intel_fpga/development_kits/terasic_de0_nano/quartus_projects/inference_test/20.1/software/bringup_test_bsp/\libhal_bsp.a(alt_exception_entry.o)
                0x0000000002002020                alt_exception
 *(.exceptions.entry.user)
 *(.exceptions.entry.ecc_fatal)
 *(.exceptions.entry)
 .exceptions.entry
                0x0000000002002020       0x54 c:/GitHub/FAccel-CNN/hardware/intel_fpga/development_kits/terasic_de0_nano/quartus_projects/inference_test/20.1/software/bringup_test_bsp/\libhal_bsp.a(alt_exception_entry.o)
 *(.exceptions.irqtest.user)
 *(.exceptions.irqtest)
 .exceptions.irqtest
                0x0000000002002074       0x10 c:/GitHub/FAccel-CNN/hardware/intel_fpga/development_kits/terasic_de0_nano/quartus_projects/inference_test/20.1/software/bringup_test_bsp/\libhal_bsp.a(alt_irq_entry.o)
 *(.exceptions.irqhandler.user)
 *(.exceptions.irqhandler)
 .exceptions.irqhandler
                0x0000000002002084        0x4 c:/GitHub/FAccel-CNN/hardware/intel_fpga/development_kits/terasic_de0_nano/quartus_projects/inference_test/20.1/software/bringup_test_bsp/\libhal_bsp.a(alt_irq_entry.o)
 *(.exceptions.irqreturn.user)
 *(.exceptions.irqreturn)
 .exceptions.irqreturn
                0x0000000002002088        0x4 c:/GitHub/FAccel-CNN/hardware/intel_fpga/development_kits/terasic_de0_nano/quartus_projects/inference_test/20.1/software/bringup_test_bsp/\libhal_bsp.a(alt_irq_entry.o)
 *(.exceptions.notirq.label)
 .exceptions.notirq.label
                0x000000000200208c        0x0 c:/GitHub/FAccel-CNN/hardware/intel_fpga/development_kits/terasic_de0_nano/quartus_projects/inference_test/20.1/software/bringup_test_bsp/\libhal_bsp.a(alt_irq_entry.o)
 *(.exceptions.notirq.user)
 *(.exceptions.notirq)
 .exceptions.notirq
                0x000000000200208c        0x8 c:/GitHub/FAccel-CNN/hardware/intel_fpga/development_kits/terasic_de0_nano/quartus_projects/inference_test/20.1/software/bringup_test_bsp/\libhal_bsp.a(alt_exception_entry.o)
 *(.exceptions.soft.user)
 *(.exceptions.soft)
 *(.exceptions.unknown.user)
 *(.exceptions.unknown)
 .exceptions.unknown
                0x0000000002002094       0x14 c:/GitHub/FAccel-CNN/hardware/intel_fpga/development_kits/terasic_de0_nano/quartus_projects/inference_test/20.1/software/bringup_test_bsp/\libhal_bsp.a(alt_exception_entry.o)
 *(.exceptions.exit.label)
 .exceptions.exit.label
                0x00000000020020a8        0x0 c:/GitHub/FAccel-CNN/hardware/intel_fpga/development_kits/terasic_de0_nano/quartus_projects/inference_test/20.1/software/bringup_test_bsp/\libhal_bsp.a(alt_irq_entry.o)
 .exceptions.exit.label
                0x00000000020020a8        0x0 c:/GitHub/FAccel-CNN/hardware/intel_fpga/development_kits/terasic_de0_nano/quartus_projects/inference_test/20.1/software/bringup_test_bsp/\libhal_bsp.a(alt_exception_entry.o)
 *(.exceptions.exit.user)
 *(.exceptions.exit)
 .exceptions.exit
                0x00000000020020a8       0x54 c:/GitHub/FAccel-CNN/hardware/intel_fpga/development_kits/terasic_de0_nano/quartus_projects/inference_test/20.1/software/bringup_test_bsp/\libhal_bsp.a(alt_exception_entry.o)
 *(.exceptions)
 .exceptions    0x00000000020020fc       0xc8 c:/GitHub/FAccel-CNN/hardware/intel_fpga/development_kits/terasic_de0_nano/quartus_projects/inference_test/20.1/software/bringup_test_bsp/\libhal_bsp.a(alt_irq_handler.o)
                0x00000000020020fc                alt_irq_handler
 .exceptions    0x00000000020021c4       0x60 c:/GitHub/FAccel-CNN/hardware/intel_fpga/development_kits/terasic_de0_nano/quartus_projects/inference_test/20.1/software/bringup_test_bsp/\libhal_bsp.a(alt_instruction_exception_entry.o)
                0x00000000020021c4                alt_instruction_exception_entry
                0x0000000002002224                PROVIDE (__ram_exceptions_end = ABSOLUTE (.))
                0x0000000000000000                PROVIDE (__flash_exceptions_start = LOADADDR (.exceptions))

.text           0x0000000000000204     0xe518
                [!provide]                        PROVIDE (stext = ABSOLUTE (.))
 *(.interp)
 *(.hash)
 *(.dynsym)
 *(.dynstr)
 *(.gnu.version)
 *(.gnu.version_d)
 *(.gnu.version_r)
 *(.rel.init)
 *(.rela.init)
 *(.rel.text .rel.text.* .rel.gnu.linkonce.t.*)
 *(.rela.text .rela.text.* .rela.gnu.linkonce.t.*)
 *(.rel.fini)
 *(.rela.fini)
 *(.rel.rodata .rel.rodata.* .rel.gnu.linkonce.r.*)
 *(.rela.rodata .rela.rodata.* .rela.gnu.linkonce.r.*)
 *(.rel.data .rel.data.* .rel.gnu.linkonce.d.*)
 *(.rela.data .rela.data.* .rela.gnu.linkonce.d.*)
 *(.rel.tdata .rel.tdata.* .rel.gnu.linkonce.td.*)
 *(.rela.tdata .rela.tdata.* .rela.gnu.linkonce.td.*)
 *(.rel.tbss .rel.tbss.* .rel.gnu.linkonce.tb.*)
 *(.rela.tbss .rela.tbss.* .rela.gnu.linkonce.tb.*)
 *(.rel.ctors)
 *(.rela.ctors)
 *(.rel.dtors)
 *(.rela.dtors)
 *(.rel.got)
 *(.rela.got)
 *(.rel.sdata .rel.sdata.* .rel.gnu.linkonce.s.*)
 *(.rela.sdata .rela.sdata.* .rela.gnu.linkonce.s.*)
 *(.rel.sbss .rel.sbss.* .rel.gnu.linkonce.sb.*)
 *(.rela.sbss .rela.sbss.* .rela.gnu.linkonce.sb.*)
 *(.rel.sdata2 .rel.sdata2.* .rel.gnu.linkonce.s2.*)
 *(.rela.sdata2 .rela.sdata2.* .rela.gnu.linkonce.s2.*)
 *(.rel.sbss2 .rel.sbss2.* .rel.gnu.linkonce.sb2.*)
 *(.rela.sbss2 .rela.sbss2.* .rela.gnu.linkonce.sb2.*)
 *(.rel.bss .rel.bss.* .rel.gnu.linkonce.b.*)
 *(.rela.bss .rela.bss.* .rela.gnu.linkonce.b.*)
 *(.rel.plt)
 *(.rela.plt)
 *(.rel.dyn)
 *(.init)
 *(.plt)
 *(.text .stub .text.* .gnu.linkonce.t.*)
 .text          0x0000000000000204       0x3c c:/GitHub/FAccel-CNN/hardware/intel_fpga/development_kits/terasic_de0_nano/quartus_projects/inference_test/20.1/software/bringup_test_bsp//obj/HAL/src/crt0.o
                0x0000000000000204                _start
 .text          0x0000000000000240     0x180c obj/default/bringup_test.o
                0x0000000000000240                _putchar
                0x000000000000027c                bf2f
                0x00000000000002b8                f2bf
                0x00000000000002e8                bf_mult
                0x0000000000000364                bf_add
                0x00000000000003e0                bf_neg
                0x0000000000000428                bf_gt
                0x00000000000004ac                bf_lt
                0x0000000000000530                put_pixel
                0x00000000000005c0                get_pixel
                0x0000000000000644                show_featuremap
                0x0000000000000704                relu
                0x00000000000007b4                padding
                0x00000000000009e0                convolution
                0x0000000000000c1c                maxpool
                0x0000000000000dcc                global_average_pooling
                0x0000000000000ec8                softmax
                0x00000000000010b4                scale
                0x0000000000001278                rgb565_to_feature
                0x00000000000013f8                grey_to_feature
                0x00000000000014d8                rgb_to_grey
                0x000000000000164c                rgb565_to_text
                0x0000000000001844                grey_to_text
                0x0000000000001a2c                main
 .text          0x0000000000001a4c     0x2cd4 obj/default/printf.o
                0x00000000000044d4                printf_
                0x000000000000453c                sprintf_
                0x00000000000045a0                snprintf_
                0x0000000000004604                vprintf_
                0x0000000000004654                vsnprintf_
                0x00000000000046a8                fctprintf
 .text          0x0000000000004720        0x0 c:/intelfpga_lite/20.1/nios2eds/bin/gnu/h-x86_64-mingw32/bin/../lib/gcc/nios2-elf/10.1.1/../../../../../H-x86_64-mingw32/nios2-elf/lib/mno-hw-mul\libm.a(lib_a-wf_exp.o)
 .text.expf     0x0000000000004720       0xd0 c:/intelfpga_lite/20.1/nios2eds/bin/gnu/h-x86_64-mingw32/bin/../lib/gcc/nios2-elf/10.1.1/../../../../../H-x86_64-mingw32/nios2-elf/lib/mno-hw-mul\libm.a(lib_a-wf_exp.o)
                0x0000000000004720                expf
 .text          0x00000000000047f0        0x0 c:/intelfpga_lite/20.1/nios2eds/bin/gnu/h-x86_64-mingw32/bin/../lib/gcc/nios2-elf/10.1.1/../../../../../H-x86_64-mingw32/nios2-elf/lib/mno-hw-mul\libm.a(lib_a-wf_log.o)
 .text.logf     0x00000000000047f0       0x98 c:/intelfpga_lite/20.1/nios2eds/bin/gnu/h-x86_64-mingw32/bin/../lib/gcc/nios2-elf/10.1.1/../../../../../H-x86_64-mingw32/nios2-elf/lib/mno-hw-mul\libm.a(lib_a-wf_log.o)
                0x00000000000047f0                logf
 .text          0x0000000000004888        0x0 c:/intelfpga_lite/20.1/nios2eds/bin/gnu/h-x86_64-mingw32/bin/../lib/gcc/nios2-elf/10.1.1/../../../../../H-x86_64-mingw32/nios2-elf/lib/mno-hw-mul\libm.a(lib_a-ef_exp.o)
 .text.__ieee754_expf
                0x0000000000004888      0x3c0 c:/intelfpga_lite/20.1/nios2eds/bin/gnu/h-x86_64-mingw32/bin/../lib/gcc/nios2-elf/10.1.1/../../../../../H-x86_64-mingw32/nios2-elf/lib/mno-hw-mul\libm.a(lib_a-ef_exp.o)
                0x0000000000004888                __ieee754_expf
 .text          0x0000000000004c48        0x0 c:/intelfpga_lite/20.1/nios2eds/bin/gnu/h-x86_64-mingw32/bin/../lib/gcc/nios2-elf/10.1.1/../../../../../H-x86_64-mingw32/nios2-elf/lib/mno-hw-mul\libm.a(lib_a-ef_log.o)
 .text.__ieee754_logf
                0x0000000000004c48      0x434 c:/intelfpga_lite/20.1/nios2eds/bin/gnu/h-x86_64-mingw32/bin/../lib/gcc/nios2-elf/10.1.1/../../../../../H-x86_64-mingw32/nios2-elf/lib/mno-hw-mul\libm.a(lib_a-ef_log.o)
                0x0000000000004c48                __ieee754_logf
 .text          0x000000000000507c        0x0 c:/intelfpga_lite/20.1/nios2eds/bin/gnu/h-x86_64-mingw32/bin/../lib/gcc/nios2-elf/10.1.1/../../../../../H-x86_64-mingw32/nios2-elf/lib/mno-hw-mul\libm.a(lib_a-s_lib_ver.o)
 .text          0x000000000000507c       0x74 c:/intelfpga_lite/20.1/nios2eds/bin/gnu/h-x86_64-mingw32/bin/../lib/gcc/nios2-elf/10.1.1/mno-hw-mul\libgcc.a(_fixunsdfsi.o)
                0x000000000000507c                __fixunsdfsi
 .text          0x00000000000050f0      0x620 c:/intelfpga_lite/20.1/nios2eds/bin/gnu/h-x86_64-mingw32/bin/../lib/gcc/nios2-elf/10.1.1/mno-hw-mul\libgcc.a(_udivdi3.o)
                0x00000000000050f0                __udivdi3
 .text          0x0000000000005710      0x5c4 c:/intelfpga_lite/20.1/nios2eds/bin/gnu/h-x86_64-mingw32/bin/../lib/gcc/nios2-elf/10.1.1/mno-hw-mul\libgcc.a(_umoddi3.o)
                0x0000000000005710                __umoddi3
 .text          0x0000000000005cd4      0x1b4 c:/intelfpga_lite/20.1/nios2eds/bin/gnu/h-x86_64-mingw32/bin/../lib/gcc/nios2-elf/10.1.1/mno-hw-mul\libgcc.a(lib2-divmod.o)
                0x0000000000005cd4                __divsi3
                0x0000000000005d54                __modsi3
                0x0000000000005dc8                __udivsi3
                0x0000000000005e2c                __umodsi3
 .text          0x0000000000005e88       0x28 c:/intelfpga_lite/20.1/nios2eds/bin/gnu/h-x86_64-mingw32/bin/../lib/gcc/nios2-elf/10.1.1/mno-hw-mul\libgcc.a(lib2-mul.o)
                0x0000000000005e88                __mulsi3
 .text          0x0000000000005eb0      0x46c c:/intelfpga_lite/20.1/nios2eds/bin/gnu/h-x86_64-mingw32/bin/../lib/gcc/nios2-elf/10.1.1/mno-hw-mul\libgcc.a(addsf3.o)
                0x0000000000005eb0                __addsf3
 .text          0x000000000000631c      0x3f4 c:/intelfpga_lite/20.1/nios2eds/bin/gnu/h-x86_64-mingw32/bin/../lib/gcc/nios2-elf/10.1.1/mno-hw-mul\libgcc.a(divsf3.o)
                0x000000000000631c                __divsf3
 .text          0x0000000000006710       0x70 c:/intelfpga_lite/20.1/nios2eds/bin/gnu/h-x86_64-mingw32/bin/../lib/gcc/nios2-elf/10.1.1/mno-hw-mul\libgcc.a(eqsf2.o)
                0x0000000000006710                __eqsf2
                0x0000000000006710                __nesf2
 .text          0x0000000000006780       0xb8 c:/intelfpga_lite/20.1/nios2eds/bin/gnu/h-x86_64-mingw32/bin/../lib/gcc/nios2-elf/10.1.1/mno-hw-mul\libgcc.a(gesf2.o)
                0x0000000000006780                __gesf2
                0x0000000000006780                __gtsf2
 .text          0x0000000000006838       0xb4 c:/intelfpga_lite/20.1/nios2eds/bin/gnu/h-x86_64-mingw32/bin/../lib/gcc/nios2-elf/10.1.1/mno-hw-mul\libgcc.a(lesf2.o)
                0x0000000000006838                __ltsf2
                0x0000000000006838                __lesf2
 .text          0x00000000000068ec      0x400 c:/intelfpga_lite/20.1/nios2eds/bin/gnu/h-x86_64-mingw32/bin/../lib/gcc/nios2-elf/10.1.1/mno-hw-mul\libgcc.a(mulsf3.o)
                0x00000000000068ec                __mulsf3
 .text          0x0000000000006cec      0x494 c:/intelfpga_lite/20.1/nios2eds/bin/gnu/h-x86_64-mingw32/bin/../lib/gcc/nios2-elf/10.1.1/mno-hw-mul\libgcc.a(subsf3.o)
                0x0000000000006cec                __subsf3
 .text          0x0000000000007180       0x4c c:/intelfpga_lite/20.1/nios2eds/bin/gnu/h-x86_64-mingw32/bin/../lib/gcc/nios2-elf/10.1.1/mno-hw-mul\libgcc.a(unordsf2.o)
                0x0000000000007180                __unordsf2
 .text          0x00000000000071cc       0x70 c:/intelfpga_lite/20.1/nios2eds/bin/gnu/h-x86_64-mingw32/bin/../lib/gcc/nios2-elf/10.1.1/mno-hw-mul\libgcc.a(fixsfsi.o)
                0x00000000000071cc                __fixsfsi
 .text          0x000000000000723c      0x124 c:/intelfpga_lite/20.1/nios2eds/bin/gnu/h-x86_64-mingw32/bin/../lib/gcc/nios2-elf/10.1.1/mno-hw-mul\libgcc.a(floatsisf.o)
                0x000000000000723c                __floatsisf
 .text          0x0000000000007360       0xfc c:/intelfpga_lite/20.1/nios2eds/bin/gnu/h-x86_64-mingw32/bin/../lib/gcc/nios2-elf/10.1.1/mno-hw-mul\libgcc.a(floatunsisf.o)
                0x0000000000007360                __floatunsisf
 .text          0x000000000000745c      0x8f0 c:/intelfpga_lite/20.1/nios2eds/bin/gnu/h-x86_64-mingw32/bin/../lib/gcc/nios2-elf/10.1.1/mno-hw-mul\libgcc.a(adddf3.o)
                0x000000000000745c                __adddf3
 .text          0x0000000000007d4c      0x930 c:/intelfpga_lite/20.1/nios2eds/bin/gnu/h-x86_64-mingw32/bin/../lib/gcc/nios2-elf/10.1.1/mno-hw-mul\libgcc.a(divdf3.o)
                0x0000000000007d4c                __divdf3
 .text          0x000000000000867c       0x80 c:/intelfpga_lite/20.1/nios2eds/bin/gnu/h-x86_64-mingw32/bin/../lib/gcc/nios2-elf/10.1.1/mno-hw-mul\libgcc.a(eqdf2.o)
                0x000000000000867c                __nedf2
                0x000000000000867c                __eqdf2
 .text          0x00000000000086fc       0xe8 c:/intelfpga_lite/20.1/nios2eds/bin/gnu/h-x86_64-mingw32/bin/../lib/gcc/nios2-elf/10.1.1/mno-hw-mul\libgcc.a(gedf2.o)
                0x00000000000086fc                __gedf2
                0x00000000000086fc                __gtdf2
 .text          0x00000000000087e4       0xe8 c:/intelfpga_lite/20.1/nios2eds/bin/gnu/h-x86_64-mingw32/bin/../lib/gcc/nios2-elf/10.1.1/mno-hw-mul\libgcc.a(ledf2.o)
                0x00000000000087e4                __ledf2
                0x00000000000087e4                __ltdf2
 .text          0x00000000000088cc      0x7ac c:/intelfpga_lite/20.1/nios2eds/bin/gnu/h-x86_64-mingw32/bin/../lib/gcc/nios2-elf/10.1.1/mno-hw-mul\libgcc.a(muldf3.o)
                0x00000000000088cc                __muldf3
 .text          0x0000000000009078      0x8b4 c:/intelfpga_lite/20.1/nios2eds/bin/gnu/h-x86_64-mingw32/bin/../lib/gcc/nios2-elf/10.1.1/mno-hw-mul\libgcc.a(subdf3.o)
                0x0000000000009078                __subdf3
 .text          0x000000000000992c       0x80 c:/intelfpga_lite/20.1/nios2eds/bin/gnu/h-x86_64-mingw32/bin/../lib/gcc/nios2-elf/10.1.1/mno-hw-mul\libgcc.a(fixdfsi.o)
                0x000000000000992c                __fixdfsi
 .text          0x00000000000099ac       0xb8 c:/intelfpga_lite/20.1/nios2eds/bin/gnu/h-x86_64-mingw32/bin/../lib/gcc/nios2-elf/10.1.1/mno-hw-mul\libgcc.a(floatsidf.o)
                0x00000000000099ac                __floatsidf
 .text          0x0000000000009a64       0x90 c:/intelfpga_lite/20.1/nios2eds/bin/gnu/h-x86_64-mingw32/bin/../lib/gcc/nios2-elf/10.1.1/mno-hw-mul\libgcc.a(floatunsidf.o)
                0x0000000000009a64                __floatunsidf
 .text          0x0000000000009af4       0xfc c:/intelfpga_lite/20.1/nios2eds/bin/gnu/h-x86_64-mingw32/bin/../lib/gcc/nios2-elf/10.1.1/mno-hw-mul\libgcc.a(extendsfdf2.o)
                0x0000000000009af4                __extendsfdf2
 .text          0x0000000000009bf0        0x0 c:/intelfpga_lite/20.1/nios2eds/bin/gnu/h-x86_64-mingw32/bin/../lib/gcc/nios2-elf/10.1.1/mno-hw-mul\libgcc.a(_clz.o)
 .text          0x0000000000009bf0       0x54 c:/intelfpga_lite/20.1/nios2eds/bin/gnu/h-x86_64-mingw32/bin/../lib/gcc/nios2-elf/10.1.1/mno-hw-mul\libgcc.a(_clzsi2.o)
                0x0000000000009bf0                __clzsi2
 .text          0x0000000000009c44        0x0 c:/intelfpga_lite/20.1/nios2eds/bin/gnu/h-x86_64-mingw32/bin/../lib/gcc/nios2-elf/10.1.1/../../../../../H-x86_64-mingw32/nios2-elf/lib/mno-hw-mul\libc.a(lib_a-errno.o)
 .text.__errno  0x0000000000009c44        0xc c:/intelfpga_lite/20.1/nios2eds/bin/gnu/h-x86_64-mingw32/bin/../lib/gcc/nios2-elf/10.1.1/../../../../../H-x86_64-mingw32/nios2-elf/lib/mno-hw-mul\libc.a(lib_a-errno.o)
                0x0000000000009c44                __errno
 .text          0x0000000000009c50        0x0 c:/intelfpga_lite/20.1/nios2eds/bin/gnu/h-x86_64-mingw32/bin/../lib/gcc/nios2-elf/10.1.1/../../../../../H-x86_64-mingw32/nios2-elf/lib/mno-hw-mul\libc.a(lib_a-impure.o)
 .text          0x0000000000009c50        0x0 c:/intelfpga_lite/20.1/nios2eds/bin/gnu/h-x86_64-mingw32/bin/../lib/gcc/nios2-elf/10.1.1/../../../../../H-x86_64-mingw32/nios2-elf/lib/mno-hw-mul\libc.a(lib_a-memcpy.o)
 .text.memcpy   0x0000000000009c50      0x100 c:/intelfpga_lite/20.1/nios2eds/bin/gnu/h-x86_64-mingw32/bin/../lib/gcc/nios2-elf/10.1.1/../../../../../H-x86_64-mingw32/nios2-elf/lib/mno-hw-mul\libc.a(lib_a-memcpy.o)
                0x0000000000009c50                memcpy
 .text          0x0000000000009d50       0xec c:/GitHub/FAccel-CNN/hardware/intel_fpga/development_kits/terasic_de0_nano/quartus_projects/inference_test/20.1/software/bringup_test_bsp/\libhal_bsp.a(alt_load.o)
                0x0000000000009db8                alt_load
 .text          0x0000000000009e3c       0x7c c:/GitHub/FAccel-CNN/hardware/intel_fpga/development_kits/terasic_de0_nano/quartus_projects/inference_test/20.1/software/bringup_test_bsp/\libhal_bsp.a(alt_main.o)
                0x0000000000009e3c                alt_main
 .text          0x0000000000009eb8      0x22c c:/GitHub/FAccel-CNN/hardware/intel_fpga/development_kits/terasic_de0_nano/quartus_projects/inference_test/20.1/software/bringup_test_bsp/\libhal_bsp.a(alt_printf.o)
                0x0000000000009eb8                alt_printf
 .text          0x000000000000a0e4       0x30 c:/GitHub/FAccel-CNN/hardware/intel_fpga/development_kits/terasic_de0_nano/quartus_projects/inference_test/20.1/software/bringup_test_bsp/\libhal_bsp.a(alt_putchar.o)
                0x000000000000a0e4                alt_putchar
 .text          0x000000000000a114       0xb8 c:/GitHub/FAccel-CNN/hardware/intel_fpga/development_kits/terasic_de0_nano/quartus_projects/inference_test/20.1/software/bringup_test_bsp/\libhal_bsp.a(alt_sys_init.o)
                0x000000000000a148                alt_irq_init
                0x000000000000a184                alt_sys_init
 .text          0x000000000000a1cc      0x164 c:/GitHub/FAccel-CNN/hardware/intel_fpga/development_kits/terasic_de0_nano/quartus_projects/inference_test/20.1/software/bringup_test_bsp/\libhal_bsp.a(altera_avalon_jtag_uart_fd.o)
                0x000000000000a1cc                altera_avalon_jtag_uart_read_fd
                0x000000000000a22c                altera_avalon_jtag_uart_write_fd
                0x000000000000a28c                altera_avalon_jtag_uart_close_fd
                0x000000000000a2dc                altera_avalon_jtag_uart_ioctl_fd
 .text          0x000000000000a330      0x3d4 c:/GitHub/FAccel-CNN/hardware/intel_fpga/development_kits/terasic_de0_nano/quartus_projects/inference_test/20.1/software/bringup_test_bsp/\libhal_bsp.a(altera_avalon_jtag_uart_init.o)
                0x000000000000a330                altera_avalon_jtag_uart_init
                0x000000000000a69c                altera_avalon_jtag_uart_close
 .text          0x000000000000a704       0xf4 c:/GitHub/FAccel-CNN/hardware/intel_fpga/development_kits/terasic_de0_nano/quartus_projects/inference_test/20.1/software/bringup_test_bsp/\libhal_bsp.a(altera_avalon_jtag_uart_ioctl.o)
                0x000000000000a704                altera_avalon_jtag_uart_ioctl
 .text          0x000000000000a7f8      0x220 c:/GitHub/FAccel-CNN/hardware/intel_fpga/development_kits/terasic_de0_nano/quartus_projects/inference_test/20.1/software/bringup_test_bsp/\libhal_bsp.a(altera_avalon_jtag_uart_read.o)
                0x000000000000a7f8                altera_avalon_jtag_uart_read
 .text          0x000000000000aa18      0x228 c:/GitHub/FAccel-CNN/hardware/intel_fpga/development_kits/terasic_de0_nano/quartus_projects/inference_test/20.1/software/bringup_test_bsp/\libhal_bsp.a(altera_avalon_jtag_uart_write.o)
                0x000000000000aa18                altera_avalon_jtag_uart_write
 .text          0x000000000000ac40      0x134 c:/GitHub/FAccel-CNN/hardware/intel_fpga/development_kits/terasic_de0_nano/quartus_projects/inference_test/20.1/software/bringup_test_bsp/\libhal_bsp.a(alt_alarm_start.o)
                0x000000000000ac40                alt_alarm_start
 .text          0x000000000000ad74      0x118 c:/GitHub/FAccel-CNN/hardware/intel_fpga/development_kits/terasic_de0_nano/quartus_projects/inference_test/20.1/software/bringup_test_bsp/\libhal_bsp.a(alt_close.o)
                0x000000000000adb0                close
 .text          0x000000000000ae8c       0x20 c:/GitHub/FAccel-CNN/hardware/intel_fpga/development_kits/terasic_de0_nano/quartus_projects/inference_test/20.1/software/bringup_test_bsp/\libhal_bsp.a(alt_dcache_flush_all.o)
                0x000000000000ae8c                alt_dcache_flush_all
 .text          0x000000000000aeac       0x2c c:/GitHub/FAccel-CNN/hardware/intel_fpga/development_kits/terasic_de0_nano/quartus_projects/inference_test/20.1/software/bringup_test_bsp/\libhal_bsp.a(alt_dev.o)
 .text          0x000000000000aed8       0xe4 c:/GitHub/FAccel-CNN/hardware/intel_fpga/development_kits/terasic_de0_nano/quartus_projects/inference_test/20.1/software/bringup_test_bsp/\libhal_bsp.a(alt_dev_llist_insert.o)
                0x000000000000af14                alt_dev_llist_insert
 .text          0x000000000000afbc       0x64 c:/GitHub/FAccel-CNN/hardware/intel_fpga/development_kits/terasic_de0_nano/quartus_projects/inference_test/20.1/software/bringup_test_bsp/\libhal_bsp.a(alt_do_ctors.o)
                0x000000000000afbc                _do_ctors
 .text          0x000000000000b020       0x64 c:/GitHub/FAccel-CNN/hardware/intel_fpga/development_kits/terasic_de0_nano/quartus_projects/inference_test/20.1/software/bringup_test_bsp/\libhal_bsp.a(alt_do_dtors.o)
                0x000000000000b020                _do_dtors
 .text          0x000000000000b084        0x0 c:/GitHub/FAccel-CNN/hardware/intel_fpga/development_kits/terasic_de0_nano/quartus_projects/inference_test/20.1/software/bringup_test_bsp/\libhal_bsp.a(alt_errno.o)
 .text          0x000000000000b084       0x20 c:/GitHub/FAccel-CNN/hardware/intel_fpga/development_kits/terasic_de0_nano/quartus_projects/inference_test/20.1/software/bringup_test_bsp/\libhal_bsp.a(alt_icache_flush_all.o)
                0x000000000000b084                alt_icache_flush_all
 .text          0x000000000000b0a4      0x1b0 c:/GitHub/FAccel-CNN/hardware/intel_fpga/development_kits/terasic_de0_nano/quartus_projects/inference_test/20.1/software/bringup_test_bsp/\libhal_bsp.a(alt_iic.o)
                0x000000000000b0a4                alt_ic_isr_register
                0x000000000000b0f4                alt_ic_irq_enable
                0x000000000000b17c                alt_ic_irq_disable
                0x000000000000b208                alt_ic_irq_enabled
 .text          0x000000000000b254       0xe8 c:/GitHub/FAccel-CNN/hardware/intel_fpga/development_kits/terasic_de0_nano/quartus_projects/inference_test/20.1/software/bringup_test_bsp/\libhal_bsp.a(alt_iic_isr_register.o)
                0x000000000000b254                alt_iic_isr_register
 .text          0x000000000000b33c      0x150 c:/GitHub/FAccel-CNN/hardware/intel_fpga/development_kits/terasic_de0_nano/quartus_projects/inference_test/20.1/software/bringup_test_bsp/\libhal_bsp.a(alt_io_redirect.o)
                0x000000000000b410                alt_io_redirect
 .text          0x000000000000b48c        0x0 c:/GitHub/FAccel-CNN/hardware/intel_fpga/development_kits/terasic_de0_nano/quartus_projects/inference_test/20.1/software/bringup_test_bsp/\libhal_bsp.a(alt_irq_entry.o)
 .text          0x000000000000b48c        0x0 c:/GitHub/FAccel-CNN/hardware/intel_fpga/development_kits/terasic_de0_nano/quartus_projects/inference_test/20.1/software/bringup_test_bsp/\libhal_bsp.a(alt_irq_handler.o)
 .text          0x000000000000b48c        0x0 c:/GitHub/FAccel-CNN/hardware/intel_fpga/development_kits/terasic_de0_nano/quartus_projects/inference_test/20.1/software/bringup_test_bsp/\libhal_bsp.a(alt_irq_vars.o)
 .text          0x000000000000b48c      0x278 c:/GitHub/FAccel-CNN/hardware/intel_fpga/development_kits/terasic_de0_nano/quartus_projects/inference_test/20.1/software/bringup_test_bsp/\libhal_bsp.a(alt_open.o)
                0x000000000000b5a4                open
 .text          0x000000000000b704       0x70 c:/GitHub/FAccel-CNN/hardware/intel_fpga/development_kits/terasic_de0_nano/quartus_projects/inference_test/20.1/software/bringup_test_bsp/\libhal_bsp.a(alt_release_fd.o)
                0x000000000000b704                alt_release_fd
 .text          0x000000000000b774      0x1ac c:/GitHub/FAccel-CNN/hardware/intel_fpga/development_kits/terasic_de0_nano/quartus_projects/inference_test/20.1/software/bringup_test_bsp/\libhal_bsp.a(alt_tick.o)
                0x000000000000b774                alt_alarm_stop
                0x000000000000b818                alt_tick
 .text          0x000000000000b920       0x24 c:/GitHub/FAccel-CNN/hardware/intel_fpga/development_kits/terasic_de0_nano/quartus_projects/inference_test/20.1/software/bringup_test_bsp/\libhal_bsp.a(altera_nios2_gen2_irq.o)
                0x000000000000b920                altera_nios2_gen2_irq_init
 .text          0x000000000000b944        0x0 c:/GitHub/FAccel-CNN/hardware/intel_fpga/development_kits/terasic_de0_nano/quartus_projects/inference_test/20.1/software/bringup_test_bsp/\libhal_bsp.a(alt_exception_entry.o)
 .text          0x000000000000b944       0x90 c:/GitHub/FAccel-CNN/hardware/intel_fpga/development_kits/terasic_de0_nano/quartus_projects/inference_test/20.1/software/bringup_test_bsp/\libhal_bsp.a(alt_find_dev.o)
                0x000000000000b944                alt_find_dev
 .text          0x000000000000b9d4      0x108 c:/GitHub/FAccel-CNN/hardware/intel_fpga/development_kits/terasic_de0_nano/quartus_projects/inference_test/20.1/software/bringup_test_bsp/\libhal_bsp.a(alt_find_file.o)
                0x000000000000b9d4                alt_find_file
 .text          0x000000000000badc       0xb8 c:/GitHub/FAccel-CNN/hardware/intel_fpga/development_kits/terasic_de0_nano/quartus_projects/inference_test/20.1/software/bringup_test_bsp/\libhal_bsp.a(alt_get_fd.o)
                0x000000000000badc                alt_get_fd
 .text          0x000000000000bb94       0x98 c:/GitHub/FAccel-CNN/hardware/intel_fpga/development_kits/terasic_de0_nano/quartus_projects/inference_test/20.1/software/bringup_test_bsp/\libhal_bsp.a(alt_instruction_exception_entry.o)
                0x000000000000bb94                alt_exception_cause_generated_bad_addr
 .text          0x000000000000bc2c        0x0 c:/intelfpga_lite/20.1/nios2eds/bin/gnu/h-x86_64-mingw32/bin/../lib/gcc/nios2-elf/10.1.1/../../../../../H-x86_64-mingw32/nios2-elf/lib/mno-hw-mul\libc.a(lib_a-atexit.o)
 .text.atexit   0x000000000000bc2c       0x14 c:/intelfpga_lite/20.1/nios2eds/bin/gnu/h-x86_64-mingw32/bin/../lib/gcc/nios2-elf/10.1.1/../../../../../H-x86_64-mingw32/nios2-elf/lib/mno-hw-mul\libc.a(lib_a-atexit.o)
                0x000000000000bc2c                atexit
 .text          0x000000000000bc40        0x0 c:/intelfpga_lite/20.1/nios2eds/bin/gnu/h-x86_64-mingw32/bin/../lib/gcc/nios2-elf/10.1.1/../../../../../H-x86_64-mingw32/nios2-elf/lib/mno-hw-mul\libc.a(lib_a-exit.o)
 .text.exit     0x000000000000bc40       0x34 c:/intelfpga_lite/20.1/nios2eds/bin/gnu/h-x86_64-mingw32/bin/../lib/gcc/nios2-elf/10.1.1/../../../../../H-x86_64-mingw32/nios2-elf/lib/mno-hw-mul\libc.a(lib_a-exit.o)
                0x000000000000bc40                exit
 .text          0x000000000000bc74        0x0 c:/intelfpga_lite/20.1/nios2eds/bin/gnu/h-x86_64-mingw32/bin/../lib/gcc/nios2-elf/10.1.1/../../../../../H-x86_64-mingw32/nios2-elf/lib/mno-hw-mul\libc.a(lib_a-int_errno.o)
 .text          0x000000000000bc74        0x0 c:/intelfpga_lite/20.1/nios2eds/bin/gnu/h-x86_64-mingw32/bin/../lib/gcc/nios2-elf/10.1.1/../../../../../H-x86_64-mingw32/nios2-elf/lib/mno-hw-mul\libc.a(lib_a-memcmp.o)
 .text.memcmp   0x000000000000bc74       0x78 c:/intelfpga_lite/20.1/nios2eds/bin/gnu/h-x86_64-mingw32/bin/../lib/gcc/nios2-elf/10.1.1/../../../../../H-x86_64-mingw32/nios2-elf/lib/mno-hw-mul\libc.a(lib_a-memcmp.o)
                0x000000000000bc74                memcmp
 .text          0x000000000000bcec        0x0 c:/intelfpga_lite/20.1/nios2eds/bin/gnu/h-x86_64-mingw32/bin/../lib/gcc/nios2-elf/10.1.1/../../../../../H-x86_64-mingw32/nios2-elf/lib/mno-hw-mul\libc.a(lib_a-putchar.o)
 .text._putchar_r
                0x000000000000bcec        0x8 c:/intelfpga_lite/20.1/nios2eds/bin/gnu/h-x86_64-mingw32/bin/../lib/gcc/nios2-elf/10.1.1/../../../../../H-x86_64-mingw32/nios2-elf/lib/mno-hw-mul\libc.a(lib_a-putchar.o)
                0x000000000000bcec                _putchar_r
 .text.putchar  0x000000000000bcf4       0x18 c:/intelfpga_lite/20.1/nios2eds/bin/gnu/h-x86_64-mingw32/bin/../lib/gcc/nios2-elf/10.1.1/../../../../../H-x86_64-mingw32/nios2-elf/lib/mno-hw-mul\libc.a(lib_a-putchar.o)
                0x000000000000bcf4                putchar
 .text          0x000000000000bd0c        0x0 c:/intelfpga_lite/20.1/nios2eds/bin/gnu/h-x86_64-mingw32/bin/../lib/gcc/nios2-elf/10.1.1/../../../../../H-x86_64-mingw32/nios2-elf/lib/mno-hw-mul\libc.a(lib_a-strlen.o)
 .text.strlen   0x000000000000bd0c       0x98 c:/intelfpga_lite/20.1/nios2eds/bin/gnu/h-x86_64-mingw32/bin/../lib/gcc/nios2-elf/10.1.1/../../../../../H-x86_64-mingw32/nios2-elf/lib/mno-hw-mul\libc.a(lib_a-strlen.o)
                0x000000000000bd0c                strlen
 .text          0x000000000000bda4        0x0 c:/intelfpga_lite/20.1/nios2eds/bin/gnu/h-x86_64-mingw32/bin/../lib/gcc/nios2-elf/10.1.1/../../../../../H-x86_64-mingw32/nios2-elf/lib/mno-hw-mul\libc.a(lib_a-__atexit.o)
 .text.__register_exitproc
                0x000000000000bda4       0x90 c:/intelfpga_lite/20.1/nios2eds/bin/gnu/h-x86_64-mingw32/bin/../lib/gcc/nios2-elf/10.1.1/../../../../../H-x86_64-mingw32/nios2-elf/lib/mno-hw-mul\libc.a(lib_a-__atexit.o)
                0x000000000000bda4                __register_exitproc
 .text          0x000000000000be34        0x0 c:/intelfpga_lite/20.1/nios2eds/bin/gnu/h-x86_64-mingw32/bin/../lib/gcc/nios2-elf/10.1.1/../../../../../H-x86_64-mingw32/nios2-elf/lib/mno-hw-mul\libc.a(lib_a-__call_atexit.o)
 .text.__call_exitprocs
                0x000000000000be34      0x120 c:/intelfpga_lite/20.1/nios2eds/bin/gnu/h-x86_64-mingw32/bin/../lib/gcc/nios2-elf/10.1.1/../../../../../H-x86_64-mingw32/nios2-elf/lib/mno-hw-mul\libc.a(lib_a-__call_atexit.o)
                0x000000000000be34                __call_exitprocs
 .text          0x000000000000bf54        0x0 c:/intelfpga_lite/20.1/nios2eds/bin/gnu/h-x86_64-mingw32/bin/../lib/gcc/nios2-elf/10.1.1/../../../../../H-x86_64-mingw32/nios2-elf/lib/mno-hw-mul\libc.a(lib_a-putc.o)
 .text._putc_r  0x000000000000bf54       0xcc c:/intelfpga_lite/20.1/nios2eds/bin/gnu/h-x86_64-mingw32/bin/../lib/gcc/nios2-elf/10.1.1/../../../../../H-x86_64-mingw32/nios2-elf/lib/mno-hw-mul\libc.a(lib_a-putc.o)
                0x000000000000bf54                _putc_r
 .text.putc     0x000000000000c020       0xe0 c:/intelfpga_lite/20.1/nios2eds/bin/gnu/h-x86_64-mingw32/bin/../lib/gcc/nios2-elf/10.1.1/../../../../../H-x86_64-mingw32/nios2-elf/lib/mno-hw-mul\libc.a(lib_a-putc.o)
                0x000000000000c020                putc
 .text          0x000000000000c100        0x0 c:/intelfpga_lite/20.1/nios2eds/bin/gnu/h-x86_64-mingw32/bin/../lib/gcc/nios2-elf/10.1.1/../../../../../H-x86_64-mingw32/nios2-elf/lib/mno-hw-mul\libc.a(lib_a-wbuf.o)
 .text.__swbuf_r
                0x000000000000c100      0x148 c:/intelfpga_lite/20.1/nios2eds/bin/gnu/h-x86_64-mingw32/bin/../lib/gcc/nios2-elf/10.1.1/../../../../../H-x86_64-mingw32/nios2-elf/lib/mno-hw-mul\libc.a(lib_a-wbuf.o)
                0x000000000000c100                __swbuf_r
 .text.__swbuf  0x000000000000c248       0x18 c:/intelfpga_lite/20.1/nios2eds/bin/gnu/h-x86_64-mingw32/bin/../lib/gcc/nios2-elf/10.1.1/../../../../../H-x86_64-mingw32/nios2-elf/lib/mno-hw-mul\libc.a(lib_a-wbuf.o)
                0x000000000000c248                __swbuf
 .text          0x000000000000c260        0x0 c:/intelfpga_lite/20.1/nios2eds/bin/gnu/h-x86_64-mingw32/bin/../lib/gcc/nios2-elf/10.1.1/../../../../../H-x86_64-mingw32/nios2-elf/lib/mno-hw-mul\libc.a(lib_a-wsetup.o)
 .text.__swsetup_r
                0x000000000000c260      0x164 c:/intelfpga_lite/20.1/nios2eds/bin/gnu/h-x86_64-mingw32/bin/../lib/gcc/nios2-elf/10.1.1/../../../../../H-x86_64-mingw32/nios2-elf/lib/mno-hw-mul\libc.a(lib_a-wsetup.o)
                0x000000000000c260                __swsetup_r
 .text          0x000000000000c3c4        0x0 c:/intelfpga_lite/20.1/nios2eds/bin/gnu/h-x86_64-mingw32/bin/../lib/gcc/nios2-elf/10.1.1/../../../../../H-x86_64-mingw32/nios2-elf/lib/mno-hw-mul\libc.a(lib_a-fflush.o)
 .text.__sflush_r
                0x000000000000c3c4      0x228 c:/intelfpga_lite/20.1/nios2eds/bin/gnu/h-x86_64-mingw32/bin/../lib/gcc/nios2-elf/10.1.1/../../../../../H-x86_64-mingw32/nios2-elf/lib/mno-hw-mul\libc.a(lib_a-fflush.o)
                0x000000000000c3c4                __sflush_r
 .text._fflush_r
                0x000000000000c5ec       0x60 c:/intelfpga_lite/20.1/nios2eds/bin/gnu/h-x86_64-mingw32/bin/../lib/gcc/nios2-elf/10.1.1/../../../../../H-x86_64-mingw32/nios2-elf/lib/mno-hw-mul\libc.a(lib_a-fflush.o)
                0x000000000000c5ec                _fflush_r
 .text.fflush   0x000000000000c64c       0x84 c:/intelfpga_lite/20.1/nios2eds/bin/gnu/h-x86_64-mingw32/bin/../lib/gcc/nios2-elf/10.1.1/../../../../../H-x86_64-mingw32/nios2-elf/lib/mno-hw-mul\libc.a(lib_a-fflush.o)
                0x000000000000c64c                fflush
 .text          0x000000000000c6d0        0x0 c:/intelfpga_lite/20.1/nios2eds/bin/gnu/h-x86_64-mingw32/bin/../lib/gcc/nios2-elf/10.1.1/../../../../../H-x86_64-mingw32/nios2-elf/lib/mno-hw-mul\libc.a(lib_a-findfp.o)
 .text.__fp_lock
                0x000000000000c6d0        0x8 c:/intelfpga_lite/20.1/nios2eds/bin/gnu/h-x86_64-mingw32/bin/../lib/gcc/nios2-elf/10.1.1/../../../../../H-x86_64-mingw32/nios2-elf/lib/mno-hw-mul\libc.a(lib_a-findfp.o)
 .text._cleanup_r
                0x000000000000c6d8        0xc c:/intelfpga_lite/20.1/nios2eds/bin/gnu/h-x86_64-mingw32/bin/../lib/gcc/nios2-elf/10.1.1/../../../../../H-x86_64-mingw32/nios2-elf/lib/mno-hw-mul\libc.a(lib_a-findfp.o)
                0x000000000000c6d8                _cleanup_r
 .text.__fp_unlock
                0x000000000000c6e4        0x8 c:/intelfpga_lite/20.1/nios2eds/bin/gnu/h-x86_64-mingw32/bin/../lib/gcc/nios2-elf/10.1.1/../../../../../H-x86_64-mingw32/nios2-elf/lib/mno-hw-mul\libc.a(lib_a-findfp.o)
 .text.__sinit.part.0
                0x000000000000c6ec      0x168 c:/intelfpga_lite/20.1/nios2eds/bin/gnu/h-x86_64-mingw32/bin/../lib/gcc/nios2-elf/10.1.1/../../../../../H-x86_64-mingw32/nios2-elf/lib/mno-hw-mul\libc.a(lib_a-findfp.o)
 .text.__sfmoreglue
                0x000000000000c854       0x78 c:/intelfpga_lite/20.1/nios2eds/bin/gnu/h-x86_64-mingw32/bin/../lib/gcc/nios2-elf/10.1.1/../../../../../H-x86_64-mingw32/nios2-elf/lib/mno-hw-mul\libc.a(lib_a-findfp.o)
                0x000000000000c854                __sfmoreglue
 .text.__sfp    0x000000000000c8cc      0x154 c:/intelfpga_lite/20.1/nios2eds/bin/gnu/h-x86_64-mingw32/bin/../lib/gcc/nios2-elf/10.1.1/../../../../../H-x86_64-mingw32/nios2-elf/lib/mno-hw-mul\libc.a(lib_a-findfp.o)
                0x000000000000c8cc                __sfp
 .text._cleanup
                0x000000000000ca20       0x14 c:/intelfpga_lite/20.1/nios2eds/bin/gnu/h-x86_64-mingw32/bin/../lib/gcc/nios2-elf/10.1.1/../../../../../H-x86_64-mingw32/nios2-elf/lib/mno-hw-mul\libc.a(lib_a-findfp.o)
                0x000000000000ca20                _cleanup
 .text.__sinit  0x000000000000ca34       0x10 c:/intelfpga_lite/20.1/nios2eds/bin/gnu/h-x86_64-mingw32/bin/../lib/gcc/nios2-elf/10.1.1/../../../../../H-x86_64-mingw32/nios2-elf/lib/mno-hw-mul\libc.a(lib_a-findfp.o)
                0x000000000000ca34                __sinit
 .text.__sfp_lock_acquire
                0x000000000000ca44        0x4 c:/intelfpga_lite/20.1/nios2eds/bin/gnu/h-x86_64-mingw32/bin/../lib/gcc/nios2-elf/10.1.1/../../../../../H-x86_64-mingw32/nios2-elf/lib/mno-hw-mul\libc.a(lib_a-findfp.o)
                0x000000000000ca44                __sfp_lock_acquire
 .text.__sfp_lock_release
                0x000000000000ca48        0x4 c:/intelfpga_lite/20.1/nios2eds/bin/gnu/h-x86_64-mingw32/bin/../lib/gcc/nios2-elf/10.1.1/../../../../../H-x86_64-mingw32/nios2-elf/lib/mno-hw-mul\libc.a(lib_a-findfp.o)
                0x000000000000ca48                __sfp_lock_release
 .text.__sinit_lock_acquire
                0x000000000000ca4c        0x4 c:/intelfpga_lite/20.1/nios2eds/bin/gnu/h-x86_64-mingw32/bin/../lib/gcc/nios2-elf/10.1.1/../../../../../H-x86_64-mingw32/nios2-elf/lib/mno-hw-mul\libc.a(lib_a-findfp.o)
                0x000000000000ca4c                __sinit_lock_acquire
 .text.__sinit_lock_release
                0x000000000000ca50        0x4 c:/intelfpga_lite/20.1/nios2eds/bin/gnu/h-x86_64-mingw32/bin/../lib/gcc/nios2-elf/10.1.1/../../../../../H-x86_64-mingw32/nios2-elf/lib/mno-hw-mul\libc.a(lib_a-findfp.o)
                0x000000000000ca50                __sinit_lock_release
 .text.__fp_lock_all
                0x000000000000ca54       0x14 c:/intelfpga_lite/20.1/nios2eds/bin/gnu/h-x86_64-mingw32/bin/../lib/gcc/nios2-elf/10.1.1/../../../../../H-x86_64-mingw32/nios2-elf/lib/mno-hw-mul\libc.a(lib_a-findfp.o)
                0x000000000000ca54                __fp_lock_all
 .text.__fp_unlock_all
                0x000000000000ca68       0x14 c:/intelfpga_lite/20.1/nios2eds/bin/gnu/h-x86_64-mingw32/bin/../lib/gcc/nios2-elf/10.1.1/../../../../../H-x86_64-mingw32/nios2-elf/lib/mno-hw-mul\libc.a(lib_a-findfp.o)
                0x000000000000ca68                __fp_unlock_all
 .text          0x000000000000ca7c        0x0 c:/intelfpga_lite/20.1/nios2eds/bin/gnu/h-x86_64-mingw32/bin/../lib/gcc/nios2-elf/10.1.1/../../../../../H-x86_64-mingw32/nios2-elf/lib/mno-hw-mul\libc.a(lib_a-freer.o)
 .text._malloc_trim_r
                0x000000000000ca7c      0x11c c:/intelfpga_lite/20.1/nios2eds/bin/gnu/h-x86_64-mingw32/bin/../lib/gcc/nios2-elf/10.1.1/../../../../../H-x86_64-mingw32/nios2-elf/lib/mno-hw-mul\libc.a(lib_a-freer.o)
                0x000000000000ca7c                _malloc_trim_r
 .text._free_r  0x000000000000cb98      0x2fc c:/intelfpga_lite/20.1/nios2eds/bin/gnu/h-x86_64-mingw32/bin/../lib/gcc/nios2-elf/10.1.1/../../../../../H-x86_64-mingw32/nios2-elf/lib/mno-hw-mul\libc.a(lib_a-freer.o)
                0x000000000000cb98                _free_r
 .text          0x000000000000ce94        0x0 c:/intelfpga_lite/20.1/nios2eds/bin/gnu/h-x86_64-mingw32/bin/../lib/gcc/nios2-elf/10.1.1/../../../../../H-x86_64-mingw32/nios2-elf/lib/mno-hw-mul\libc.a(lib_a-fwalk.o)
 .text._fwalk   0x000000000000ce94       0x98 c:/intelfpga_lite/20.1/nios2eds/bin/gnu/h-x86_64-mingw32/bin/../lib/gcc/nios2-elf/10.1.1/../../../../../H-x86_64-mingw32/nios2-elf/lib/mno-hw-mul\libc.a(lib_a-fwalk.o)
                0x000000000000ce94                _fwalk
 .text._fwalk_reent
                0x000000000000cf2c       0xa8 c:/intelfpga_lite/20.1/nios2eds/bin/gnu/h-x86_64-mingw32/bin/../lib/gcc/nios2-elf/10.1.1/../../../../../H-x86_64-mingw32/nios2-elf/lib/mno-hw-mul\libc.a(lib_a-fwalk.o)
                0x000000000000cf2c                _fwalk_reent
 .text          0x000000000000cfd4        0x0 c:/intelfpga_lite/20.1/nios2eds/bin/gnu/h-x86_64-mingw32/bin/../lib/gcc/nios2-elf/10.1.1/../../../../../H-x86_64-mingw32/nios2-elf/lib/mno-hw-mul\libc.a(lib_a-makebuf.o)
 .text.__smakebuf_r
                0x000000000000cfd4      0x1b0 c:/intelfpga_lite/20.1/nios2eds/bin/gnu/h-x86_64-mingw32/bin/../lib/gcc/nios2-elf/10.1.1/../../../../../H-x86_64-mingw32/nios2-elf/lib/mno-hw-mul\libc.a(lib_a-makebuf.o)
                0x000000000000cfd4                __smakebuf_r
 .text.__swhatbuf_r
                0x000000000000d184       0x98 c:/intelfpga_lite/20.1/nios2eds/bin/gnu/h-x86_64-mingw32/bin/../lib/gcc/nios2-elf/10.1.1/../../../../../H-x86_64-mingw32/nios2-elf/lib/mno-hw-mul\libc.a(lib_a-makebuf.o)
                0x000000000000d184                __swhatbuf_r
 .text          0x000000000000d21c        0x0 c:/intelfpga_lite/20.1/nios2eds/bin/gnu/h-x86_64-mingw32/bin/../lib/gcc/nios2-elf/10.1.1/../../../../../H-x86_64-mingw32/nios2-elf/lib/mno-hw-mul\libc.a(lib_a-mallocr.o)
 .text._malloc_r
                0x000000000000d21c      0x7e0 c:/intelfpga_lite/20.1/nios2eds/bin/gnu/h-x86_64-mingw32/bin/../lib/gcc/nios2-elf/10.1.1/../../../../../H-x86_64-mingw32/nios2-elf/lib/mno-hw-mul\libc.a(lib_a-mallocr.o)
                0x000000000000d21c                _malloc_r
 .text          0x000000000000d9fc        0x0 c:/intelfpga_lite/20.1/nios2eds/bin/gnu/h-x86_64-mingw32/bin/../lib/gcc/nios2-elf/10.1.1/../../../../../H-x86_64-mingw32/nios2-elf/lib/mno-hw-mul\libc.a(lib_a-memset.o)
 .text.memset   0x000000000000d9fc       0xf0 c:/intelfpga_lite/20.1/nios2eds/bin/gnu/h-x86_64-mingw32/bin/../lib/gcc/nios2-elf/10.1.1/../../../../../H-x86_64-mingw32/nios2-elf/lib/mno-hw-mul\libc.a(lib_a-memset.o)
                0x000000000000d9fc                memset
 .text          0x000000000000daec        0x0 c:/intelfpga_lite/20.1/nios2eds/bin/gnu/h-x86_64-mingw32/bin/../lib/gcc/nios2-elf/10.1.1/../../../../../H-x86_64-mingw32/nios2-elf/lib/mno-hw-mul\libc.a(lib_a-sbrkr.o)
 .text._sbrk_r  0x000000000000daec       0x58 c:/intelfpga_lite/20.1/nios2eds/bin/gnu/h-x86_64-mingw32/bin/../lib/gcc/nios2-elf/10.1.1/../../../../../H-x86_64-mingw32/nios2-elf/lib/mno-hw-mul\libc.a(lib_a-sbrkr.o)
                0x000000000000daec                _sbrk_r
 .text          0x000000000000db44        0x0 c:/intelfpga_lite/20.1/nios2eds/bin/gnu/h-x86_64-mingw32/bin/../lib/gcc/nios2-elf/10.1.1/../../../../../H-x86_64-mingw32/nios2-elf/lib/mno-hw-mul\libc.a(lib_a-stdio.o)
 .text.__sread  0x000000000000db44       0x54 c:/intelfpga_lite/20.1/nios2eds/bin/gnu/h-x86_64-mingw32/bin/../lib/gcc/nios2-elf/10.1.1/../../../../../H-x86_64-mingw32/nios2-elf/lib/mno-hw-mul\libc.a(lib_a-stdio.o)
                0x000000000000db44                __sread
 .text.__seofread
                0x000000000000db98        0x8 c:/intelfpga_lite/20.1/nios2eds/bin/gnu/h-x86_64-mingw32/bin/../lib/gcc/nios2-elf/10.1.1/../../../../../H-x86_64-mingw32/nios2-elf/lib/mno-hw-mul\libc.a(lib_a-stdio.o)
                0x000000000000db98                __seofread
 .text.__swrite
                0x000000000000dba0       0x80 c:/intelfpga_lite/20.1/nios2eds/bin/gnu/h-x86_64-mingw32/bin/../lib/gcc/nios2-elf/10.1.1/../../../../../H-x86_64-mingw32/nios2-elf/lib/mno-hw-mul\libc.a(lib_a-stdio.o)
                0x000000000000dba0                __swrite
 .text.__sseek  0x000000000000dc20       0x5c c:/intelfpga_lite/20.1/nios2eds/bin/gnu/h-x86_64-mingw32/bin/../lib/gcc/nios2-elf/10.1.1/../../../../../H-x86_64-mingw32/nios2-elf/lib/mno-hw-mul\libc.a(lib_a-stdio.o)
                0x000000000000dc20                __sseek
 .text.__sclose
                0x000000000000dc7c        0x8 c:/intelfpga_lite/20.1/nios2eds/bin/gnu/h-x86_64-mingw32/bin/../lib/gcc/nios2-elf/10.1.1/../../../../../H-x86_64-mingw32/nios2-elf/lib/mno-hw-mul\libc.a(lib_a-stdio.o)
                0x000000000000dc7c                __sclose
 .text          0x000000000000dc84        0x0 c:/intelfpga_lite/20.1/nios2eds/bin/gnu/h-x86_64-mingw32/bin/../lib/gcc/nios2-elf/10.1.1/../../../../../H-x86_64-mingw32/nios2-elf/lib/mno-hw-mul\libc.a(lib_a-writer.o)
 .text._write_r
                0x000000000000dc84       0x64 c:/intelfpga_lite/20.1/nios2eds/bin/gnu/h-x86_64-mingw32/bin/../lib/gcc/nios2-elf/10.1.1/../../../../../H-x86_64-mingw32/nios2-elf/lib/mno-hw-mul\libc.a(lib_a-writer.o)
                0x000000000000dc84                _write_r
 .text          0x000000000000dce8        0x0 c:/intelfpga_lite/20.1/nios2eds/bin/gnu/h-x86_64-mingw32/bin/../lib/gcc/nios2-elf/10.1.1/../../../../../H-x86_64-mingw32/nios2-elf/lib/mno-hw-mul\libc.a(closer.o)
 .text._close_r
                0x000000000000dce8       0x58 c:/intelfpga_lite/20.1/nios2eds/bin/gnu/h-x86_64-mingw32/bin/../lib/gcc/nios2-elf/10.1.1/../../../../../H-x86_64-mingw32/nios2-elf/lib/mno-hw-mul\libc.a(closer.o)
                0x000000000000dce8                _close_r
 .text          0x000000000000dd40        0x0 c:/intelfpga_lite/20.1/nios2eds/bin/gnu/h-x86_64-mingw32/bin/../lib/gcc/nios2-elf/10.1.1/../../../../../H-x86_64-mingw32/nios2-elf/lib/mno-hw-mul\libc.a(lib_a-fclose.o)
 .text._fclose_r.part.0
                0x000000000000dd40       0xc0 c:/intelfpga_lite/20.1/nios2eds/bin/gnu/h-x86_64-mingw32/bin/../lib/gcc/nios2-elf/10.1.1/../../../../../H-x86_64-mingw32/nios2-elf/lib/mno-hw-mul\libc.a(lib_a-fclose.o)
 .text._fclose_r
                0x000000000000de00       0x70 c:/intelfpga_lite/20.1/nios2eds/bin/gnu/h-x86_64-mingw32/bin/../lib/gcc/nios2-elf/10.1.1/../../../../../H-x86_64-mingw32/nios2-elf/lib/mno-hw-mul\libc.a(lib_a-fclose.o)
                0x000000000000de00                _fclose_r
 .text.fclose   0x000000000000de70       0x70 c:/intelfpga_lite/20.1/nios2eds/bin/gnu/h-x86_64-mingw32/bin/../lib/gcc/nios2-elf/10.1.1/../../../../../H-x86_64-mingw32/nios2-elf/lib/mno-hw-mul\libc.a(lib_a-fclose.o)
                0x000000000000de70                fclose
 .text          0x000000000000dee0        0x0 c:/intelfpga_lite/20.1/nios2eds/bin/gnu/h-x86_64-mingw32/bin/../lib/gcc/nios2-elf/10.1.1/../../../../../H-x86_64-mingw32/nios2-elf/lib/mno-hw-mul\libc.a(lib_a-fstatr.o)
 .text._fstat_r
                0x000000000000dee0       0x60 c:/intelfpga_lite/20.1/nios2eds/bin/gnu/h-x86_64-mingw32/bin/../lib/gcc/nios2-elf/10.1.1/../../../../../H-x86_64-mingw32/nios2-elf/lib/mno-hw-mul\libc.a(lib_a-fstatr.o)
                0x000000000000dee0                _fstat_r
 .text          0x000000000000df40        0x0 c:/intelfpga_lite/20.1/nios2eds/bin/gnu/h-x86_64-mingw32/bin/../lib/gcc/nios2-elf/10.1.1/../../../../../H-x86_64-mingw32/nios2-elf/lib/mno-hw-mul\libc.a(lib_a-isattyr.o)
 .text._isatty_r
                0x000000000000df40       0x58 c:/intelfpga_lite/20.1/nios2eds/bin/gnu/h-x86_64-mingw32/bin/../lib/gcc/nios2-elf/10.1.1/../../../../../H-x86_64-mingw32/nios2-elf/lib/mno-hw-mul\libc.a(lib_a-isattyr.o)
                0x000000000000df40                _isatty_r
 .text          0x000000000000df98        0x0 c:/intelfpga_lite/20.1/nios2eds/bin/gnu/h-x86_64-mingw32/bin/../lib/gcc/nios2-elf/10.1.1/../../../../../H-x86_64-mingw32/nios2-elf/lib/mno-hw-mul\libc.a(lib_a-lseekr.o)
 .text._lseek_r
                0x000000000000df98       0x64 c:/intelfpga_lite/20.1/nios2eds/bin/gnu/h-x86_64-mingw32/bin/../lib/gcc/nios2-elf/10.1.1/../../../../../H-x86_64-mingw32/nios2-elf/lib/mno-hw-mul\libc.a(lib_a-lseekr.o)
                0x000000000000df98                _lseek_r
 .text          0x000000000000dffc        0x0 c:/intelfpga_lite/20.1/nios2eds/bin/gnu/h-x86_64-mingw32/bin/../lib/gcc/nios2-elf/10.1.1/../../../../../H-x86_64-mingw32/nios2-elf/lib/mno-hw-mul\libc.a(lib_a-readr.o)
 .text._read_r  0x000000000000dffc       0x64 c:/intelfpga_lite/20.1/nios2eds/bin/gnu/h-x86_64-mingw32/bin/../lib/gcc/nios2-elf/10.1.1/../../../../../H-x86_64-mingw32/nios2-elf/lib/mno-hw-mul\libc.a(lib_a-readr.o)
                0x000000000000dffc                _read_r
 .text          0x000000000000e060       0x38 c:/GitHub/FAccel-CNN/hardware/intel_fpga/development_kits/terasic_de0_nano/quartus_projects/inference_test/20.1/software/bringup_test_bsp/\libhal_bsp.a(alt_exit.o)
                0x000000000000e060                _exit
 .text          0x000000000000e098       0xf8 c:/GitHub/FAccel-CNN/hardware/intel_fpga/development_kits/terasic_de0_nano/quartus_projects/inference_test/20.1/software/bringup_test_bsp/\libhal_bsp.a(alt_fstat.o)
                0x000000000000e0d4                fstat
 .text          0x000000000000e190       0xec c:/GitHub/FAccel-CNN/hardware/intel_fpga/development_kits/terasic_de0_nano/quartus_projects/inference_test/20.1/software/bringup_test_bsp/\libhal_bsp.a(alt_isatty.o)
                0x000000000000e1cc                isatty
 .text          0x000000000000e27c      0x11c c:/GitHub/FAccel-CNN/hardware/intel_fpga/development_kits/terasic_de0_nano/quartus_projects/inference_test/20.1/software/bringup_test_bsp/\libhal_bsp.a(alt_lseek.o)
                0x000000000000e2b8                lseek
 .text          0x000000000000e398       0x48 c:/GitHub/FAccel-CNN/hardware/intel_fpga/development_kits/terasic_de0_nano/quartus_projects/inference_test/20.1/software/bringup_test_bsp/\libhal_bsp.a(alt_malloc_lock.o)
                0x000000000000e398                __malloc_lock
                0x000000000000e3bc                __malloc_unlock
 .text          0x000000000000e3e0      0x144 c:/GitHub/FAccel-CNN/hardware/intel_fpga/development_kits/terasic_de0_nano/quartus_projects/inference_test/20.1/software/bringup_test_bsp/\libhal_bsp.a(alt_read.o)
                0x000000000000e41c                read
 .text          0x000000000000e524       0xb8 c:/GitHub/FAccel-CNN/hardware/intel_fpga/development_kits/terasic_de0_nano/quartus_projects/inference_test/20.1/software/bringup_test_bsp/\libhal_bsp.a(alt_sbrk.o)
                0x000000000000e524                sbrk
 .text          0x000000000000e5dc      0x140 c:/GitHub/FAccel-CNN/hardware/intel_fpga/development_kits/terasic_de0_nano/quartus_projects/inference_test/20.1/software/bringup_test_bsp/\libhal_bsp.a(alt_write.o)
                0x000000000000e618                write
 *(.gnu.warning.*)
 *(.fini)
                [!provide]                        PROVIDE (__etext = ABSOLUTE (.))
                [!provide]                        PROVIDE (_etext = ABSOLUTE (.))
                [!provide]                        PROVIDE (etext = ABSOLUTE (.))
 *(.eh_frame_hdr)
                0x000000000000e71c                . = ALIGN (0x4)
                [!provide]                        PROVIDE (__preinit_array_start = ABSOLUTE (.))
 *(.preinit_array)
                [!provide]                        PROVIDE (__preinit_array_end = ABSOLUTE (.))
                [!provide]                        PROVIDE (__init_array_start = ABSOLUTE (.))
 *(.init_array)
                [!provide]                        PROVIDE (__init_array_end = ABSOLUTE (.))
                [!provide]                        PROVIDE (__fini_array_start = ABSOLUTE (.))
 *(.fini_array)
                [!provide]                        PROVIDE (__fini_array_end = ABSOLUTE (.))
 *(.eh_frame)
 *(.gcc_except_table .gcc_except_table.*)
 *(.dynamic)
                0x000000000000e71c                PROVIDE (__CTOR_LIST__ = ABSOLUTE (.))
 *(.ctors)
 *(SORT_BY_NAME(.ctors.*))
                0x000000000000e71c                PROVIDE (__CTOR_END__ = ABSOLUTE (.))
                0x000000000000e71c                PROVIDE (__DTOR_LIST__ = ABSOLUTE (.))
 *(.dtors)
 *(SORT_BY_NAME(.dtors.*))
                0x000000000000e71c                PROVIDE (__DTOR_END__ = ABSOLUTE (.))
 *(.jcr)
                0x000000000000e71c                . = ALIGN (0x4)

.rodata         0x000000000000e71c      0x1fc
                0x000000000000e71c                PROVIDE (__ram_rodata_start = ABSOLUTE (.))
                0x000000000000e71c                . = ALIGN (0x4)
 *(.rodata .rodata.* .gnu.linkonce.r.*)
 .rodata        0x000000000000e71c       0x68 obj/default/bringup_test.o
 .rodata        0x000000000000e784       0x68 obj/default/printf.o
 .rodata        0x000000000000e7ec      0x100 c:/intelfpga_lite/20.1/nios2eds/bin/gnu/h-x86_64-mingw32/bin/../lib/gcc/nios2-elf/10.1.1/mno-hw-mul\libgcc.a(_clz.o)
                0x000000000000e7ec                __clz_tab
 .rodata        0x000000000000e8ec        0xf c:/GitHub/FAccel-CNN/hardware/intel_fpga/development_kits/terasic_de0_nano/quartus_projects/inference_test/20.1/software/bringup_test_bsp/\libhal_bsp.a(alt_main.o)
 *fill*         0x000000000000e8fb        0x1 
 .rodata        0x000000000000e8fc        0xf c:/GitHub/FAccel-CNN/hardware/intel_fpga/development_kits/terasic_de0_nano/quartus_projects/inference_test/20.1/software/bringup_test_bsp/\libhal_bsp.a(alt_sys_init.o)
 *fill*         0x000000000000e90b        0x1 
 .rodata        0x000000000000e90c        0xa c:/GitHub/FAccel-CNN/hardware/intel_fpga/development_kits/terasic_de0_nano/quartus_projects/inference_test/20.1/software/bringup_test_bsp/\libhal_bsp.a(alt_dev.o)
 *(.rodata1)
                0x000000000000e918                . = ALIGN (0x4)
 *fill*         0x000000000000e916        0x2 
                0x000000000000e918                PROVIDE (__ram_rodata_end = ABSOLUTE (.))
                0x000000000000e71c                PROVIDE (__flash_rodata_start = LOADADDR (.rodata))

.rwdata         0x000000000000e918     0x3a88 load address 0x00000000000123a0
                0x000000000000e918                PROVIDE (__ram_rwdata_start = ABSOLUTE (.))
                0x000000000000e918                . = ALIGN (0x4)
 *(.got.plt)
 *(.got)
 *(.data1)
 *(.data .data.* .gnu.linkonce.d.*)
 .data          0x000000000000e918        0x0 c:/GitHub/FAccel-CNN/hardware/intel_fpga/development_kits/terasic_de0_nano/quartus_projects/inference_test/20.1/software/bringup_test_bsp//obj/HAL/src/crt0.o
 .data          0x000000000000e918     0x2000 obj/default/bringup_test.o
                0x000000000000e918                image64by64
 .data          0x0000000000010918        0x0 obj/default/printf.o
 .data          0x0000000000010918        0x0 c:/intelfpga_lite/20.1/nios2eds/bin/gnu/h-x86_64-mingw32/bin/../lib/gcc/nios2-elf/10.1.1/../../../../../H-x86_64-mingw32/nios2-elf/lib/mno-hw-mul\libm.a(lib_a-wf_exp.o)
 .data          0x0000000000010918        0x0 c:/intelfpga_lite/20.1/nios2eds/bin/gnu/h-x86_64-mingw32/bin/../lib/gcc/nios2-elf/10.1.1/../../../../../H-x86_64-mingw32/nios2-elf/lib/mno-hw-mul\libm.a(lib_a-wf_log.o)
 .data          0x0000000000010918        0x0 c:/intelfpga_lite/20.1/nios2eds/bin/gnu/h-x86_64-mingw32/bin/../lib/gcc/nios2-elf/10.1.1/../../../../../H-x86_64-mingw32/nios2-elf/lib/mno-hw-mul\libm.a(lib_a-ef_exp.o)
 .data          0x0000000000010918        0x0 c:/intelfpga_lite/20.1/nios2eds/bin/gnu/h-x86_64-mingw32/bin/../lib/gcc/nios2-elf/10.1.1/../../../../../H-x86_64-mingw32/nios2-elf/lib/mno-hw-mul\libm.a(lib_a-ef_log.o)
 .data          0x0000000000010918        0x0 c:/intelfpga_lite/20.1/nios2eds/bin/gnu/h-x86_64-mingw32/bin/../lib/gcc/nios2-elf/10.1.1/../../../../../H-x86_64-mingw32/nios2-elf/lib/mno-hw-mul\libm.a(lib_a-s_lib_ver.o)
 .data          0x0000000000010918        0x0 c:/intelfpga_lite/20.1/nios2eds/bin/gnu/h-x86_64-mingw32/bin/../lib/gcc/nios2-elf/10.1.1/mno-hw-mul\libgcc.a(_fixunsdfsi.o)
 .data          0x0000000000010918        0x0 c:/intelfpga_lite/20.1/nios2eds/bin/gnu/h-x86_64-mingw32/bin/../lib/gcc/nios2-elf/10.1.1/mno-hw-mul\libgcc.a(_udivdi3.o)
 .data          0x0000000000010918        0x0 c:/intelfpga_lite/20.1/nios2eds/bin/gnu/h-x86_64-mingw32/bin/../lib/gcc/nios2-elf/10.1.1/mno-hw-mul\libgcc.a(_umoddi3.o)
 .data          0x0000000000010918        0x0 c:/intelfpga_lite/20.1/nios2eds/bin/gnu/h-x86_64-mingw32/bin/../lib/gcc/nios2-elf/10.1.1/mno-hw-mul\libgcc.a(lib2-divmod.o)
 .data          0x0000000000010918        0x0 c:/intelfpga_lite/20.1/nios2eds/bin/gnu/h-x86_64-mingw32/bin/../lib/gcc/nios2-elf/10.1.1/mno-hw-mul\libgcc.a(lib2-mul.o)
 .data          0x0000000000010918        0x0 c:/intelfpga_lite/20.1/nios2eds/bin/gnu/h-x86_64-mingw32/bin/../lib/gcc/nios2-elf/10.1.1/mno-hw-mul\libgcc.a(addsf3.o)
 .data          0x0000000000010918        0x0 c:/intelfpga_lite/20.1/nios2eds/bin/gnu/h-x86_64-mingw32/bin/../lib/gcc/nios2-elf/10.1.1/mno-hw-mul\libgcc.a(divsf3.o)
 .data          0x0000000000010918        0x0 c:/intelfpga_lite/20.1/nios2eds/bin/gnu/h-x86_64-mingw32/bin/../lib/gcc/nios2-elf/10.1.1/mno-hw-mul\libgcc.a(eqsf2.o)
 .data          0x0000000000010918        0x0 c:/intelfpga_lite/20.1/nios2eds/bin/gnu/h-x86_64-mingw32/bin/../lib/gcc/nios2-elf/10.1.1/mno-hw-mul\libgcc.a(gesf2.o)
 .data          0x0000000000010918        0x0 c:/intelfpga_lite/20.1/nios2eds/bin/gnu/h-x86_64-mingw32/bin/../lib/gcc/nios2-elf/10.1.1/mno-hw-mul\libgcc.a(lesf2.o)
 .data          0x0000000000010918        0x0 c:/intelfpga_lite/20.1/nios2eds/bin/gnu/h-x86_64-mingw32/bin/../lib/gcc/nios2-elf/10.1.1/mno-hw-mul\libgcc.a(mulsf3.o)
 .data          0x0000000000010918        0x0 c:/intelfpga_lite/20.1/nios2eds/bin/gnu/h-x86_64-mingw32/bin/../lib/gcc/nios2-elf/10.1.1/mno-hw-mul\libgcc.a(subsf3.o)
 .data          0x0000000000010918        0x0 c:/intelfpga_lite/20.1/nios2eds/bin/gnu/h-x86_64-mingw32/bin/../lib/gcc/nios2-elf/10.1.1/mno-hw-mul\libgcc.a(unordsf2.o)
 .data          0x0000000000010918        0x0 c:/intelfpga_lite/20.1/nios2eds/bin/gnu/h-x86_64-mingw32/bin/../lib/gcc/nios2-elf/10.1.1/mno-hw-mul\libgcc.a(fixsfsi.o)
 .data          0x0000000000010918        0x0 c:/intelfpga_lite/20.1/nios2eds/bin/gnu/h-x86_64-mingw32/bin/../lib/gcc/nios2-elf/10.1.1/mno-hw-mul\libgcc.a(floatsisf.o)
 .data          0x0000000000010918        0x0 c:/intelfpga_lite/20.1/nios2eds/bin/gnu/h-x86_64-mingw32/bin/../lib/gcc/nios2-elf/10.1.1/mno-hw-mul\libgcc.a(floatunsisf.o)
 .data          0x0000000000010918        0x0 c:/intelfpga_lite/20.1/nios2eds/bin/gnu/h-x86_64-mingw32/bin/../lib/gcc/nios2-elf/10.1.1/mno-hw-mul\libgcc.a(adddf3.o)
 .data          0x0000000000010918        0x0 c:/intelfpga_lite/20.1/nios2eds/bin/gnu/h-x86_64-mingw32/bin/../lib/gcc/nios2-elf/10.1.1/mno-hw-mul\libgcc.a(divdf3.o)
 .data          0x0000000000010918        0x0 c:/intelfpga_lite/20.1/nios2eds/bin/gnu/h-x86_64-mingw32/bin/../lib/gcc/nios2-elf/10.1.1/mno-hw-mul\libgcc.a(eqdf2.o)
 .data          0x0000000000010918        0x0 c:/intelfpga_lite/20.1/nios2eds/bin/gnu/h-x86_64-mingw32/bin/../lib/gcc/nios2-elf/10.1.1/mno-hw-mul\libgcc.a(gedf2.o)
 .data          0x0000000000010918        0x0 c:/intelfpga_lite/20.1/nios2eds/bin/gnu/h-x86_64-mingw32/bin/../lib/gcc/nios2-elf/10.1.1/mno-hw-mul\libgcc.a(ledf2.o)
 .data          0x0000000000010918        0x0 c:/intelfpga_lite/20.1/nios2eds/bin/gnu/h-x86_64-mingw32/bin/../lib/gcc/nios2-elf/10.1.1/mno-hw-mul\libgcc.a(muldf3.o)
 .data          0x0000000000010918        0x0 c:/intelfpga_lite/20.1/nios2eds/bin/gnu/h-x86_64-mingw32/bin/../lib/gcc/nios2-elf/10.1.1/mno-hw-mul\libgcc.a(subdf3.o)
 .data          0x0000000000010918        0x0 c:/intelfpga_lite/20.1/nios2eds/bin/gnu/h-x86_64-mingw32/bin/../lib/gcc/nios2-elf/10.1.1/mno-hw-mul\libgcc.a(fixdfsi.o)
 .data          0x0000000000010918        0x0 c:/intelfpga_lite/20.1/nios2eds/bin/gnu/h-x86_64-mingw32/bin/../lib/gcc/nios2-elf/10.1.1/mno-hw-mul\libgcc.a(floatsidf.o)
 .data          0x0000000000010918        0x0 c:/intelfpga_lite/20.1/nios2eds/bin/gnu/h-x86_64-mingw32/bin/../lib/gcc/nios2-elf/10.1.1/mno-hw-mul\libgcc.a(floatunsidf.o)
 .data          0x0000000000010918        0x0 c:/intelfpga_lite/20.1/nios2eds/bin/gnu/h-x86_64-mingw32/bin/../lib/gcc/nios2-elf/10.1.1/mno-hw-mul\libgcc.a(extendsfdf2.o)
 .data          0x0000000000010918        0x0 c:/intelfpga_lite/20.1/nios2eds/bin/gnu/h-x86_64-mingw32/bin/../lib/gcc/nios2-elf/10.1.1/mno-hw-mul\libgcc.a(_clz.o)
 .data          0x0000000000010918        0x0 c:/intelfpga_lite/20.1/nios2eds/bin/gnu/h-x86_64-mingw32/bin/../lib/gcc/nios2-elf/10.1.1/mno-hw-mul\libgcc.a(_clzsi2.o)
 .data          0x0000000000010918        0x0 c:/intelfpga_lite/20.1/nios2eds/bin/gnu/h-x86_64-mingw32/bin/../lib/gcc/nios2-elf/10.1.1/../../../../../H-x86_64-mingw32/nios2-elf/lib/mno-hw-mul\libc.a(lib_a-errno.o)
 .data          0x0000000000010918        0x0 c:/intelfpga_lite/20.1/nios2eds/bin/gnu/h-x86_64-mingw32/bin/../lib/gcc/nios2-elf/10.1.1/../../../../../H-x86_64-mingw32/nios2-elf/lib/mno-hw-mul\libc.a(lib_a-impure.o)
 .data.impure_data
                0x0000000000010918      0x424 c:/intelfpga_lite/20.1/nios2eds/bin/gnu/h-x86_64-mingw32/bin/../lib/gcc/nios2-elf/10.1.1/../../../../../H-x86_64-mingw32/nios2-elf/lib/mno-hw-mul\libc.a(lib_a-impure.o)
 .data          0x0000000000010d3c        0x0 c:/intelfpga_lite/20.1/nios2eds/bin/gnu/h-x86_64-mingw32/bin/../lib/gcc/nios2-elf/10.1.1/../../../../../H-x86_64-mingw32/nios2-elf/lib/mno-hw-mul\libc.a(lib_a-memcpy.o)
 .data          0x0000000000010d3c        0x0 c:/GitHub/FAccel-CNN/hardware/intel_fpga/development_kits/terasic_de0_nano/quartus_projects/inference_test/20.1/software/bringup_test_bsp/\libhal_bsp.a(alt_load.o)
 .data          0x0000000000010d3c        0x0 c:/GitHub/FAccel-CNN/hardware/intel_fpga/development_kits/terasic_de0_nano/quartus_projects/inference_test/20.1/software/bringup_test_bsp/\libhal_bsp.a(alt_main.o)
 .data          0x0000000000010d3c        0x0 c:/GitHub/FAccel-CNN/hardware/intel_fpga/development_kits/terasic_de0_nano/quartus_projects/inference_test/20.1/software/bringup_test_bsp/\libhal_bsp.a(alt_printf.o)
 .data          0x0000000000010d3c        0x0 c:/GitHub/FAccel-CNN/hardware/intel_fpga/development_kits/terasic_de0_nano/quartus_projects/inference_test/20.1/software/bringup_test_bsp/\libhal_bsp.a(alt_putchar.o)
 .data          0x0000000000010d3c     0x1060 c:/GitHub/FAccel-CNN/hardware/intel_fpga/development_kits/terasic_de0_nano/quartus_projects/inference_test/20.1/software/bringup_test_bsp/\libhal_bsp.a(alt_sys_init.o)
 .data          0x0000000000011d9c        0x0 c:/GitHub/FAccel-CNN/hardware/intel_fpga/development_kits/terasic_de0_nano/quartus_projects/inference_test/20.1/software/bringup_test_bsp/\libhal_bsp.a(altera_avalon_jtag_uart_fd.o)
 .data          0x0000000000011d9c        0x0 c:/GitHub/FAccel-CNN/hardware/intel_fpga/development_kits/terasic_de0_nano/quartus_projects/inference_test/20.1/software/bringup_test_bsp/\libhal_bsp.a(altera_avalon_jtag_uart_init.o)
 .data          0x0000000000011d9c        0x0 c:/GitHub/FAccel-CNN/hardware/intel_fpga/development_kits/terasic_de0_nano/quartus_projects/inference_test/20.1/software/bringup_test_bsp/\libhal_bsp.a(altera_avalon_jtag_uart_ioctl.o)
 .data          0x0000000000011d9c        0x0 c:/GitHub/FAccel-CNN/hardware/intel_fpga/development_kits/terasic_de0_nano/quartus_projects/inference_test/20.1/software/bringup_test_bsp/\libhal_bsp.a(altera_avalon_jtag_uart_read.o)
 .data          0x0000000000011d9c        0x0 c:/GitHub/FAccel-CNN/hardware/intel_fpga/development_kits/terasic_de0_nano/quartus_projects/inference_test/20.1/software/bringup_test_bsp/\libhal_bsp.a(altera_avalon_jtag_uart_write.o)
 .data          0x0000000000011d9c        0x0 c:/GitHub/FAccel-CNN/hardware/intel_fpga/development_kits/terasic_de0_nano/quartus_projects/inference_test/20.1/software/bringup_test_bsp/\libhal_bsp.a(alt_alarm_start.o)
 .data          0x0000000000011d9c        0x0 c:/GitHub/FAccel-CNN/hardware/intel_fpga/development_kits/terasic_de0_nano/quartus_projects/inference_test/20.1/software/bringup_test_bsp/\libhal_bsp.a(alt_close.o)
 .data          0x0000000000011d9c        0x0 c:/GitHub/FAccel-CNN/hardware/intel_fpga/development_kits/terasic_de0_nano/quartus_projects/inference_test/20.1/software/bringup_test_bsp/\libhal_bsp.a(alt_dcache_flush_all.o)
 .data          0x0000000000011d9c      0x1a8 c:/GitHub/FAccel-CNN/hardware/intel_fpga/development_kits/terasic_de0_nano/quartus_projects/inference_test/20.1/software/bringup_test_bsp/\libhal_bsp.a(alt_dev.o)
                0x0000000000011d9c                alt_dev_null
                0x0000000000011dc4                alt_fd_list
 .data          0x0000000000011f44        0x0 c:/GitHub/FAccel-CNN/hardware/intel_fpga/development_kits/terasic_de0_nano/quartus_projects/inference_test/20.1/software/bringup_test_bsp/\libhal_bsp.a(alt_dev_llist_insert.o)
 .data          0x0000000000011f44        0x0 c:/GitHub/FAccel-CNN/hardware/intel_fpga/development_kits/terasic_de0_nano/quartus_projects/inference_test/20.1/software/bringup_test_bsp/\libhal_bsp.a(alt_do_ctors.o)
 .data          0x0000000000011f44        0x0 c:/GitHub/FAccel-CNN/hardware/intel_fpga/development_kits/terasic_de0_nano/quartus_projects/inference_test/20.1/software/bringup_test_bsp/\libhal_bsp.a(alt_do_dtors.o)
 .data          0x0000000000011f44        0x0 c:/GitHub/FAccel-CNN/hardware/intel_fpga/development_kits/terasic_de0_nano/quartus_projects/inference_test/20.1/software/bringup_test_bsp/\libhal_bsp.a(alt_errno.o)
 .data          0x0000000000011f44        0x0 c:/GitHub/FAccel-CNN/hardware/intel_fpga/development_kits/terasic_de0_nano/quartus_projects/inference_test/20.1/software/bringup_test_bsp/\libhal_bsp.a(alt_icache_flush_all.o)
 .data          0x0000000000011f44        0x0 c:/GitHub/FAccel-CNN/hardware/intel_fpga/development_kits/terasic_de0_nano/quartus_projects/inference_test/20.1/software/bringup_test_bsp/\libhal_bsp.a(alt_iic.o)
 .data          0x0000000000011f44        0x0 c:/GitHub/FAccel-CNN/hardware/intel_fpga/development_kits/terasic_de0_nano/quartus_projects/inference_test/20.1/software/bringup_test_bsp/\libhal_bsp.a(alt_iic_isr_register.o)
 .data          0x0000000000011f44        0x0 c:/GitHub/FAccel-CNN/hardware/intel_fpga/development_kits/terasic_de0_nano/quartus_projects/inference_test/20.1/software/bringup_test_bsp/\libhal_bsp.a(alt_io_redirect.o)
 .data          0x0000000000011f44        0x0 c:/GitHub/FAccel-CNN/hardware/intel_fpga/development_kits/terasic_de0_nano/quartus_projects/inference_test/20.1/software/bringup_test_bsp/\libhal_bsp.a(alt_irq_entry.o)
 .data          0x0000000000011f44        0x0 c:/GitHub/FAccel-CNN/hardware/intel_fpga/development_kits/terasic_de0_nano/quartus_projects/inference_test/20.1/software/bringup_test_bsp/\libhal_bsp.a(alt_irq_handler.o)
 .data          0x0000000000011f44        0x0 c:/GitHub/FAccel-CNN/hardware/intel_fpga/development_kits/terasic_de0_nano/quartus_projects/inference_test/20.1/software/bringup_test_bsp/\libhal_bsp.a(alt_irq_vars.o)
 .data          0x0000000000011f44        0x0 c:/GitHub/FAccel-CNN/hardware/intel_fpga/development_kits/terasic_de0_nano/quartus_projects/inference_test/20.1/software/bringup_test_bsp/\libhal_bsp.a(alt_open.o)
 .data          0x0000000000011f44        0x0 c:/GitHub/FAccel-CNN/hardware/intel_fpga/development_kits/terasic_de0_nano/quartus_projects/inference_test/20.1/software/bringup_test_bsp/\libhal_bsp.a(alt_release_fd.o)
 .data          0x0000000000011f44        0x0 c:/GitHub/FAccel-CNN/hardware/intel_fpga/development_kits/terasic_de0_nano/quartus_projects/inference_test/20.1/software/bringup_test_bsp/\libhal_bsp.a(alt_tick.o)
 .data          0x0000000000011f44        0x0 c:/GitHub/FAccel-CNN/hardware/intel_fpga/development_kits/terasic_de0_nano/quartus_projects/inference_test/20.1/software/bringup_test_bsp/\libhal_bsp.a(altera_nios2_gen2_irq.o)
 .data          0x0000000000011f44        0x0 c:/GitHub/FAccel-CNN/hardware/intel_fpga/development_kits/terasic_de0_nano/quartus_projects/inference_test/20.1/software/bringup_test_bsp/\libhal_bsp.a(alt_exception_entry.o)
 .data          0x0000000000011f44        0x0 c:/GitHub/FAccel-CNN/hardware/intel_fpga/development_kits/terasic_de0_nano/quartus_projects/inference_test/20.1/software/bringup_test_bsp/\libhal_bsp.a(alt_find_dev.o)
 .data          0x0000000000011f44        0x0 c:/GitHub/FAccel-CNN/hardware/intel_fpga/development_kits/terasic_de0_nano/quartus_projects/inference_test/20.1/software/bringup_test_bsp/\libhal_bsp.a(alt_find_file.o)
 .data          0x0000000000011f44        0x0 c:/GitHub/FAccel-CNN/hardware/intel_fpga/development_kits/terasic_de0_nano/quartus_projects/inference_test/20.1/software/bringup_test_bsp/\libhal_bsp.a(alt_get_fd.o)
 .data          0x0000000000011f44        0x0 c:/GitHub/FAccel-CNN/hardware/intel_fpga/development_kits/terasic_de0_nano/quartus_projects/inference_test/20.1/software/bringup_test_bsp/\libhal_bsp.a(alt_instruction_exception_entry.o)
 .data          0x0000000000011f44        0x0 c:/intelfpga_lite/20.1/nios2eds/bin/gnu/h-x86_64-mingw32/bin/../lib/gcc/nios2-elf/10.1.1/../../../../../H-x86_64-mingw32/nios2-elf/lib/mno-hw-mul\libc.a(lib_a-atexit.o)
 .data          0x0000000000011f44        0x0 c:/intelfpga_lite/20.1/nios2eds/bin/gnu/h-x86_64-mingw32/bin/../lib/gcc/nios2-elf/10.1.1/../../../../../H-x86_64-mingw32/nios2-elf/lib/mno-hw-mul\libc.a(lib_a-exit.o)
 .data          0x0000000000011f44        0x0 c:/intelfpga_lite/20.1/nios2eds/bin/gnu/h-x86_64-mingw32/bin/../lib/gcc/nios2-elf/10.1.1/../../../../../H-x86_64-mingw32/nios2-elf/lib/mno-hw-mul\libc.a(lib_a-int_errno.o)
 .data          0x0000000000011f44        0x0 c:/intelfpga_lite/20.1/nios2eds/bin/gnu/h-x86_64-mingw32/bin/../lib/gcc/nios2-elf/10.1.1/../../../../../H-x86_64-mingw32/nios2-elf/lib/mno-hw-mul\libc.a(lib_a-memcmp.o)
 .data          0x0000000000011f44        0x0 c:/intelfpga_lite/20.1/nios2eds/bin/gnu/h-x86_64-mingw32/bin/../lib/gcc/nios2-elf/10.1.1/../../../../../H-x86_64-mingw32/nios2-elf/lib/mno-hw-mul\libc.a(lib_a-putchar.o)
 .data          0x0000000000011f44        0x0 c:/intelfpga_lite/20.1/nios2eds/bin/gnu/h-x86_64-mingw32/bin/../lib/gcc/nios2-elf/10.1.1/../../../../../H-x86_64-mingw32/nios2-elf/lib/mno-hw-mul\libc.a(lib_a-strlen.o)
 .data          0x0000000000011f44        0x0 c:/intelfpga_lite/20.1/nios2eds/bin/gnu/h-x86_64-mingw32/bin/../lib/gcc/nios2-elf/10.1.1/../../../../../H-x86_64-mingw32/nios2-elf/lib/mno-hw-mul\libc.a(lib_a-__atexit.o)
 .data          0x0000000000011f44        0x0 c:/intelfpga_lite/20.1/nios2eds/bin/gnu/h-x86_64-mingw32/bin/../lib/gcc/nios2-elf/10.1.1/../../../../../H-x86_64-mingw32/nios2-elf/lib/mno-hw-mul\libc.a(lib_a-__call_atexit.o)
 .data          0x0000000000011f44        0x0 c:/intelfpga_lite/20.1/nios2eds/bin/gnu/h-x86_64-mingw32/bin/../lib/gcc/nios2-elf/10.1.1/../../../../../H-x86_64-mingw32/nios2-elf/lib/mno-hw-mul\libc.a(lib_a-putc.o)
 .data          0x0000000000011f44        0x0 c:/intelfpga_lite/20.1/nios2eds/bin/gnu/h-x86_64-mingw32/bin/../lib/gcc/nios2-elf/10.1.1/../../../../../H-x86_64-mingw32/nios2-elf/lib/mno-hw-mul\libc.a(lib_a-wbuf.o)
 .data          0x0000000000011f44        0x0 c:/intelfpga_lite/20.1/nios2eds/bin/gnu/h-x86_64-mingw32/bin/../lib/gcc/nios2-elf/10.1.1/../../../../../H-x86_64-mingw32/nios2-elf/lib/mno-hw-mul\libc.a(lib_a-wsetup.o)
 .data          0x0000000000011f44        0x0 c:/intelfpga_lite/20.1/nios2eds/bin/gnu/h-x86_64-mingw32/bin/../lib/gcc/nios2-elf/10.1.1/../../../../../H-x86_64-mingw32/nios2-elf/lib/mno-hw-mul\libc.a(lib_a-fflush.o)
 .data          0x0000000000011f44        0x0 c:/intelfpga_lite/20.1/nios2eds/bin/gnu/h-x86_64-mingw32/bin/../lib/gcc/nios2-elf/10.1.1/../../../../../H-x86_64-mingw32/nios2-elf/lib/mno-hw-mul\libc.a(lib_a-findfp.o)
 .data          0x0000000000011f44        0x0 c:/intelfpga_lite/20.1/nios2eds/bin/gnu/h-x86_64-mingw32/bin/../lib/gcc/nios2-elf/10.1.1/../../../../../H-x86_64-mingw32/nios2-elf/lib/mno-hw-mul\libc.a(lib_a-freer.o)
 .data          0x0000000000011f44        0x0 c:/intelfpga_lite/20.1/nios2eds/bin/gnu/h-x86_64-mingw32/bin/../lib/gcc/nios2-elf/10.1.1/../../../../../H-x86_64-mingw32/nios2-elf/lib/mno-hw-mul\libc.a(lib_a-fwalk.o)
 .data          0x0000000000011f44        0x0 c:/intelfpga_lite/20.1/nios2eds/bin/gnu/h-x86_64-mingw32/bin/../lib/gcc/nios2-elf/10.1.1/../../../../../H-x86_64-mingw32/nios2-elf/lib/mno-hw-mul\libc.a(lib_a-makebuf.o)
 .data          0x0000000000011f44        0x0 c:/intelfpga_lite/20.1/nios2eds/bin/gnu/h-x86_64-mingw32/bin/../lib/gcc/nios2-elf/10.1.1/../../../../../H-x86_64-mingw32/nios2-elf/lib/mno-hw-mul\libc.a(lib_a-mallocr.o)
 .data.__malloc_av_
                0x0000000000011f44      0x408 c:/intelfpga_lite/20.1/nios2eds/bin/gnu/h-x86_64-mingw32/bin/../lib/gcc/nios2-elf/10.1.1/../../../../../H-x86_64-mingw32/nios2-elf/lib/mno-hw-mul\libc.a(lib_a-mallocr.o)
                0x0000000000011f44                __malloc_av_
 .data          0x000000000001234c        0x0 c:/intelfpga_lite/20.1/nios2eds/bin/gnu/h-x86_64-mingw32/bin/../lib/gcc/nios2-elf/10.1.1/../../../../../H-x86_64-mingw32/nios2-elf/lib/mno-hw-mul\libc.a(lib_a-memset.o)
 .data          0x000000000001234c        0x0 c:/intelfpga_lite/20.1/nios2eds/bin/gnu/h-x86_64-mingw32/bin/../lib/gcc/nios2-elf/10.1.1/../../../../../H-x86_64-mingw32/nios2-elf/lib/mno-hw-mul\libc.a(lib_a-sbrkr.o)
 .data          0x000000000001234c        0x0 c:/intelfpga_lite/20.1/nios2eds/bin/gnu/h-x86_64-mingw32/bin/../lib/gcc/nios2-elf/10.1.1/../../../../../H-x86_64-mingw32/nios2-elf/lib/mno-hw-mul\libc.a(lib_a-stdio.o)
 .data          0x000000000001234c        0x0 c:/intelfpga_lite/20.1/nios2eds/bin/gnu/h-x86_64-mingw32/bin/../lib/gcc/nios2-elf/10.1.1/../../../../../H-x86_64-mingw32/nios2-elf/lib/mno-hw-mul\libc.a(lib_a-writer.o)
 .data          0x000000000001234c        0x0 c:/intelfpga_lite/20.1/nios2eds/bin/gnu/h-x86_64-mingw32/bin/../lib/gcc/nios2-elf/10.1.1/../../../../../H-x86_64-mingw32/nios2-elf/lib/mno-hw-mul\libc.a(closer.o)
 .data          0x000000000001234c        0x0 c:/intelfpga_lite/20.1/nios2eds/bin/gnu/h-x86_64-mingw32/bin/../lib/gcc/nios2-elf/10.1.1/../../../../../H-x86_64-mingw32/nios2-elf/lib/mno-hw-mul\libc.a(lib_a-fclose.o)
 .data          0x000000000001234c        0x0 c:/intelfpga_lite/20.1/nios2eds/bin/gnu/h-x86_64-mingw32/bin/../lib/gcc/nios2-elf/10.1.1/../../../../../H-x86_64-mingw32/nios2-elf/lib/mno-hw-mul\libc.a(lib_a-fstatr.o)
 .data          0x000000000001234c        0x0 c:/intelfpga_lite/20.1/nios2eds/bin/gnu/h-x86_64-mingw32/bin/../lib/gcc/nios2-elf/10.1.1/../../../../../H-x86_64-mingw32/nios2-elf/lib/mno-hw-mul\libc.a(lib_a-isattyr.o)
 .data          0x000000000001234c        0x0 c:/intelfpga_lite/20.1/nios2eds/bin/gnu/h-x86_64-mingw32/bin/../lib/gcc/nios2-elf/10.1.1/../../../../../H-x86_64-mingw32/nios2-elf/lib/mno-hw-mul\libc.a(lib_a-lseekr.o)
 .data          0x000000000001234c        0x0 c:/intelfpga_lite/20.1/nios2eds/bin/gnu/h-x86_64-mingw32/bin/../lib/gcc/nios2-elf/10.1.1/../../../../../H-x86_64-mingw32/nios2-elf/lib/mno-hw-mul\libc.a(lib_a-readr.o)
 .data          0x000000000001234c        0x0 c:/GitHub/FAccel-CNN/hardware/intel_fpga/development_kits/terasic_de0_nano/quartus_projects/inference_test/20.1/software/bringup_test_bsp/\libhal_bsp.a(alt_exit.o)
 .data          0x000000000001234c        0x0 c:/GitHub/FAccel-CNN/hardware/intel_fpga/development_kits/terasic_de0_nano/quartus_projects/inference_test/20.1/software/bringup_test_bsp/\libhal_bsp.a(alt_fstat.o)
 .data          0x000000000001234c        0x0 c:/GitHub/FAccel-CNN/hardware/intel_fpga/development_kits/terasic_de0_nano/quartus_projects/inference_test/20.1/software/bringup_test_bsp/\libhal_bsp.a(alt_isatty.o)
 .data          0x000000000001234c        0x0 c:/GitHub/FAccel-CNN/hardware/intel_fpga/development_kits/terasic_de0_nano/quartus_projects/inference_test/20.1/software/bringup_test_bsp/\libhal_bsp.a(alt_lseek.o)
 .data          0x000000000001234c        0x0 c:/GitHub/FAccel-CNN/hardware/intel_fpga/development_kits/terasic_de0_nano/quartus_projects/inference_test/20.1/software/bringup_test_bsp/\libhal_bsp.a(alt_malloc_lock.o)
 .data          0x000000000001234c        0x0 c:/GitHub/FAccel-CNN/hardware/intel_fpga/development_kits/terasic_de0_nano/quartus_projects/inference_test/20.1/software/bringup_test_bsp/\libhal_bsp.a(alt_read.o)
 .data          0x000000000001234c        0x0 c:/GitHub/FAccel-CNN/hardware/intel_fpga/development_kits/terasic_de0_nano/quartus_projects/inference_test/20.1/software/bringup_test_bsp/\libhal_bsp.a(alt_sbrk.o)
 .data          0x000000000001234c        0x0 c:/GitHub/FAccel-CNN/hardware/intel_fpga/development_kits/terasic_de0_nano/quartus_projects/inference_test/20.1/software/bringup_test_bsp/\libhal_bsp.a(alt_write.o)
                0x000000000001a34c                _gp = ABSOLUTE ((. + 0x8000))
                [!provide]                        PROVIDE (gp = _gp)
 *(.rwdata .rwdata.*)
 *(.sdata .sdata.* .gnu.linkonce.s.*)
 .sdata.ln2LO   0x000000000001234c        0x8 c:/intelfpga_lite/20.1/nios2eds/bin/gnu/h-x86_64-mingw32/bin/../lib/gcc/nios2-elf/10.1.1/../../../../../H-x86_64-mingw32/nios2-elf/lib/mno-hw-mul\libm.a(lib_a-ef_exp.o)
 .sdata.ln2HI   0x0000000000012354        0x8 c:/intelfpga_lite/20.1/nios2eds/bin/gnu/h-x86_64-mingw32/bin/../lib/gcc/nios2-elf/10.1.1/../../../../../H-x86_64-mingw32/nios2-elf/lib/mno-hw-mul\libm.a(lib_a-ef_exp.o)
 .sdata.halF    0x000000000001235c        0x8 c:/intelfpga_lite/20.1/nios2eds/bin/gnu/h-x86_64-mingw32/bin/../lib/gcc/nios2-elf/10.1.1/../../../../../H-x86_64-mingw32/nios2-elf/lib/mno-hw-mul\libm.a(lib_a-ef_exp.o)
 .sdata.__fdlib_version
                0x0000000000012364        0x4 c:/intelfpga_lite/20.1/nios2eds/bin/gnu/h-x86_64-mingw32/bin/../lib/gcc/nios2-elf/10.1.1/../../../../../H-x86_64-mingw32/nios2-elf/lib/mno-hw-mul\libm.a(lib_a-s_lib_ver.o)
                0x0000000000012364                __fdlib_version
 .sdata._global_impure_ptr
                0x0000000000012368        0x4 c:/intelfpga_lite/20.1/nios2eds/bin/gnu/h-x86_64-mingw32/bin/../lib/gcc/nios2-elf/10.1.1/../../../../../H-x86_64-mingw32/nios2-elf/lib/mno-hw-mul\libc.a(lib_a-impure.o)
                0x0000000000012368                _global_impure_ptr
 .sdata._impure_ptr
                0x000000000001236c        0x4 c:/intelfpga_lite/20.1/nios2eds/bin/gnu/h-x86_64-mingw32/bin/../lib/gcc/nios2-elf/10.1.1/../../../../../H-x86_64-mingw32/nios2-elf/lib/mno-hw-mul\libc.a(lib_a-impure.o)
                0x000000000001236c                _impure_ptr
 .sdata         0x0000000000012370       0x14 c:/GitHub/FAccel-CNN/hardware/intel_fpga/development_kits/terasic_de0_nano/quartus_projects/inference_test/20.1/software/bringup_test_bsp/\libhal_bsp.a(alt_dev.o)
                0x0000000000012370                alt_fs_list
                0x0000000000012378                alt_dev_list
                0x0000000000012380                alt_max_fd
 .sdata         0x0000000000012384        0x4 c:/GitHub/FAccel-CNN/hardware/intel_fpga/development_kits/terasic_de0_nano/quartus_projects/inference_test/20.1/software/bringup_test_bsp/\libhal_bsp.a(alt_errno.o)
                0x0000000000012384                alt_errno
 .sdata         0x0000000000012388        0x4 c:/GitHub/FAccel-CNN/hardware/intel_fpga/development_kits/terasic_de0_nano/quartus_projects/inference_test/20.1/software/bringup_test_bsp/\libhal_bsp.a(alt_irq_vars.o)
                0x0000000000012388                alt_priority_mask
 .sdata         0x000000000001238c        0x8 c:/GitHub/FAccel-CNN/hardware/intel_fpga/development_kits/terasic_de0_nano/quartus_projects/inference_test/20.1/software/bringup_test_bsp/\libhal_bsp.a(alt_tick.o)
                0x000000000001238c                alt_alarm_list
 .sdata.__malloc_sbrk_base
                0x0000000000012394        0x4 c:/intelfpga_lite/20.1/nios2eds/bin/gnu/h-x86_64-mingw32/bin/../lib/gcc/nios2-elf/10.1.1/../../../../../H-x86_64-mingw32/nios2-elf/lib/mno-hw-mul\libc.a(lib_a-mallocr.o)
                0x0000000000012394                __malloc_sbrk_base
 .sdata.__malloc_trim_threshold
                0x0000000000012398        0x4 c:/intelfpga_lite/20.1/nios2eds/bin/gnu/h-x86_64-mingw32/bin/../lib/gcc/nios2-elf/10.1.1/../../../../../H-x86_64-mingw32/nios2-elf/lib/mno-hw-mul\libc.a(lib_a-mallocr.o)
                0x0000000000012398                __malloc_trim_threshold
 .sdata         0x000000000001239c        0x4 c:/GitHub/FAccel-CNN/hardware/intel_fpga/development_kits/terasic_de0_nano/quartus_projects/inference_test/20.1/software/bringup_test_bsp/\libhal_bsp.a(alt_sbrk.o)
 *(.sdata2 .sdata2.* .gnu.linkonce.s2.*)
                0x00000000000123a0                . = ALIGN (0x4)
                0x00000000000123a0                _edata = ABSOLUTE (.)
                [!provide]                        PROVIDE (edata = ABSOLUTE (.))
                0x00000000000123a0                PROVIDE (__ram_rwdata_end = ABSOLUTE (.))
                0x00000000000123a0                PROVIDE (__flash_rwdata_start = LOADADDR (.rwdata))

.bss            0x0000000000015e28      0x154
                0x0000000000015e28                __bss_start = ABSOLUTE (.)
                [!provide]                        PROVIDE (__sbss_start = ABSOLUTE (.))
                [!provide]                        PROVIDE (___sbss_start = ABSOLUTE (.))
 *(.dynsbss)
 *(.sbss .sbss.* .gnu.linkonce.sb.*)
 .sbss          0x0000000000015e28        0xc c:/GitHub/FAccel-CNN/hardware/intel_fpga/development_kits/terasic_de0_nano/quartus_projects/inference_test/20.1/software/bringup_test_bsp/\libhal_bsp.a(alt_main.o)
                0x0000000000015e28                alt_argc
                0x0000000000015e2c                alt_argv
                0x0000000000015e30                alt_envp
 .sbss          0x0000000000015e34        0x4 c:/GitHub/FAccel-CNN/hardware/intel_fpga/development_kits/terasic_de0_nano/quartus_projects/inference_test/20.1/software/bringup_test_bsp/\libhal_bsp.a(alt_irq_vars.o)
                0x0000000000015e34                alt_irq_active
 .sbss          0x0000000000015e38        0x8 c:/GitHub/FAccel-CNN/hardware/intel_fpga/development_kits/terasic_de0_nano/quartus_projects/inference_test/20.1/software/bringup_test_bsp/\libhal_bsp.a(alt_tick.o)
                0x0000000000015e38                _alt_tick_rate
                0x0000000000015e3c                _alt_nticks
 .sbss          0x0000000000015e40        0x4 c:/GitHub/FAccel-CNN/hardware/intel_fpga/development_kits/terasic_de0_nano/quartus_projects/inference_test/20.1/software/bringup_test_bsp/\libhal_bsp.a(alt_instruction_exception_entry.o)
                0x0000000000015e40                alt_instruction_exception_handler
 .sbss.errno    0x0000000000015e44        0x4 c:/intelfpga_lite/20.1/nios2eds/bin/gnu/h-x86_64-mingw32/bin/../lib/gcc/nios2-elf/10.1.1/../../../../../H-x86_64-mingw32/nios2-elf/lib/mno-hw-mul\libc.a(lib_a-int_errno.o)
                0x0000000000015e44                errno
 .sbss.__malloc_max_total_mem
                0x0000000000015e48        0x4 c:/intelfpga_lite/20.1/nios2eds/bin/gnu/h-x86_64-mingw32/bin/../lib/gcc/nios2-elf/10.1.1/../../../../../H-x86_64-mingw32/nios2-elf/lib/mno-hw-mul\libc.a(lib_a-mallocr.o)
                0x0000000000015e48                __malloc_max_total_mem
 .sbss.__malloc_max_sbrked_mem
                0x0000000000015e4c        0x4 c:/intelfpga_lite/20.1/nios2eds/bin/gnu/h-x86_64-mingw32/bin/../lib/gcc/nios2-elf/10.1.1/../../../../../H-x86_64-mingw32/nios2-elf/lib/mno-hw-mul\libc.a(lib_a-mallocr.o)
                0x0000000000015e4c                __malloc_max_sbrked_mem
 .sbss.__malloc_top_pad
                0x0000000000015e50        0x4 c:/intelfpga_lite/20.1/nios2eds/bin/gnu/h-x86_64-mingw32/bin/../lib/gcc/nios2-elf/10.1.1/../../../../../H-x86_64-mingw32/nios2-elf/lib/mno-hw-mul\libc.a(lib_a-mallocr.o)
                0x0000000000015e50                __malloc_top_pad
 *(.sbss2 .sbss2.* .gnu.linkonce.sb2.*)
 *(.scommon)
                [!provide]                        PROVIDE (__sbss_end = ABSOLUTE (.))
                [!provide]                        PROVIDE (___sbss_end = ABSOLUTE (.))
 *(.dynbss)
 *(.bss .bss.* .gnu.linkonce.b.*)
 .bss           0x0000000000015e54        0x0 c:/GitHub/FAccel-CNN/hardware/intel_fpga/development_kits/terasic_de0_nano/quartus_projects/inference_test/20.1/software/bringup_test_bsp//obj/HAL/src/crt0.o
 .bss           0x0000000000015e54        0x0 obj/default/bringup_test.o
 .bss           0x0000000000015e54        0x0 obj/default/printf.o
 .bss           0x0000000000015e54        0x0 c:/intelfpga_lite/20.1/nios2eds/bin/gnu/h-x86_64-mingw32/bin/../lib/gcc/nios2-elf/10.1.1/../../../../../H-x86_64-mingw32/nios2-elf/lib/mno-hw-mul\libm.a(lib_a-wf_exp.o)
 .bss           0x0000000000015e54        0x0 c:/intelfpga_lite/20.1/nios2eds/bin/gnu/h-x86_64-mingw32/bin/../lib/gcc/nios2-elf/10.1.1/../../../../../H-x86_64-mingw32/nios2-elf/lib/mno-hw-mul\libm.a(lib_a-wf_log.o)
 .bss           0x0000000000015e54        0x0 c:/intelfpga_lite/20.1/nios2eds/bin/gnu/h-x86_64-mingw32/bin/../lib/gcc/nios2-elf/10.1.1/../../../../../H-x86_64-mingw32/nios2-elf/lib/mno-hw-mul\libm.a(lib_a-ef_exp.o)
 .bss           0x0000000000015e54        0x0 c:/intelfpga_lite/20.1/nios2eds/bin/gnu/h-x86_64-mingw32/bin/../lib/gcc/nios2-elf/10.1.1/../../../../../H-x86_64-mingw32/nios2-elf/lib/mno-hw-mul\libm.a(lib_a-ef_log.o)
 .bss           0x0000000000015e54        0x0 c:/intelfpga_lite/20.1/nios2eds/bin/gnu/h-x86_64-mingw32/bin/../lib/gcc/nios2-elf/10.1.1/../../../../../H-x86_64-mingw32/nios2-elf/lib/mno-hw-mul\libm.a(lib_a-s_lib_ver.o)
 .bss           0x0000000000015e54        0x0 c:/intelfpga_lite/20.1/nios2eds/bin/gnu/h-x86_64-mingw32/bin/../lib/gcc/nios2-elf/10.1.1/mno-hw-mul\libgcc.a(_fixunsdfsi.o)
 .bss           0x0000000000015e54        0x0 c:/intelfpga_lite/20.1/nios2eds/bin/gnu/h-x86_64-mingw32/bin/../lib/gcc/nios2-elf/10.1.1/mno-hw-mul\libgcc.a(_udivdi3.o)
 .bss           0x0000000000015e54        0x0 c:/intelfpga_lite/20.1/nios2eds/bin/gnu/h-x86_64-mingw32/bin/../lib/gcc/nios2-elf/10.1.1/mno-hw-mul\libgcc.a(_umoddi3.o)
 .bss           0x0000000000015e54        0x0 c:/intelfpga_lite/20.1/nios2eds/bin/gnu/h-x86_64-mingw32/bin/../lib/gcc/nios2-elf/10.1.1/mno-hw-mul\libgcc.a(lib2-divmod.o)
 .bss           0x0000000000015e54        0x0 c:/intelfpga_lite/20.1/nios2eds/bin/gnu/h-x86_64-mingw32/bin/../lib/gcc/nios2-elf/10.1.1/mno-hw-mul\libgcc.a(lib2-mul.o)
 .bss           0x0000000000015e54        0x0 c:/intelfpga_lite/20.1/nios2eds/bin/gnu/h-x86_64-mingw32/bin/../lib/gcc/nios2-elf/10.1.1/mno-hw-mul\libgcc.a(addsf3.o)
 .bss           0x0000000000015e54        0x0 c:/intelfpga_lite/20.1/nios2eds/bin/gnu/h-x86_64-mingw32/bin/../lib/gcc/nios2-elf/10.1.1/mno-hw-mul\libgcc.a(divsf3.o)
 .bss           0x0000000000015e54        0x0 c:/intelfpga_lite/20.1/nios2eds/bin/gnu/h-x86_64-mingw32/bin/../lib/gcc/nios2-elf/10.1.1/mno-hw-mul\libgcc.a(eqsf2.o)
 .bss           0x0000000000015e54        0x0 c:/intelfpga_lite/20.1/nios2eds/bin/gnu/h-x86_64-mingw32/bin/../lib/gcc/nios2-elf/10.1.1/mno-hw-mul\libgcc.a(gesf2.o)
 .bss           0x0000000000015e54        0x0 c:/intelfpga_lite/20.1/nios2eds/bin/gnu/h-x86_64-mingw32/bin/../lib/gcc/nios2-elf/10.1.1/mno-hw-mul\libgcc.a(lesf2.o)
 .bss           0x0000000000015e54        0x0 c:/intelfpga_lite/20.1/nios2eds/bin/gnu/h-x86_64-mingw32/bin/../lib/gcc/nios2-elf/10.1.1/mno-hw-mul\libgcc.a(mulsf3.o)
 .bss           0x0000000000015e54        0x0 c:/intelfpga_lite/20.1/nios2eds/bin/gnu/h-x86_64-mingw32/bin/../lib/gcc/nios2-elf/10.1.1/mno-hw-mul\libgcc.a(subsf3.o)
 .bss           0x0000000000015e54        0x0 c:/intelfpga_lite/20.1/nios2eds/bin/gnu/h-x86_64-mingw32/bin/../lib/gcc/nios2-elf/10.1.1/mno-hw-mul\libgcc.a(unordsf2.o)
 .bss           0x0000000000015e54        0x0 c:/intelfpga_lite/20.1/nios2eds/bin/gnu/h-x86_64-mingw32/bin/../lib/gcc/nios2-elf/10.1.1/mno-hw-mul\libgcc.a(fixsfsi.o)
 .bss           0x0000000000015e54        0x0 c:/intelfpga_lite/20.1/nios2eds/bin/gnu/h-x86_64-mingw32/bin/../lib/gcc/nios2-elf/10.1.1/mno-hw-mul\libgcc.a(floatsisf.o)
 .bss           0x0000000000015e54        0x0 c:/intelfpga_lite/20.1/nios2eds/bin/gnu/h-x86_64-mingw32/bin/../lib/gcc/nios2-elf/10.1.1/mno-hw-mul\libgcc.a(floatunsisf.o)
 .bss           0x0000000000015e54        0x0 c:/intelfpga_lite/20.1/nios2eds/bin/gnu/h-x86_64-mingw32/bin/../lib/gcc/nios2-elf/10.1.1/mno-hw-mul\libgcc.a(adddf3.o)
 .bss           0x0000000000015e54        0x0 c:/intelfpga_lite/20.1/nios2eds/bin/gnu/h-x86_64-mingw32/bin/../lib/gcc/nios2-elf/10.1.1/mno-hw-mul\libgcc.a(divdf3.o)
 .bss           0x0000000000015e54        0x0 c:/intelfpga_lite/20.1/nios2eds/bin/gnu/h-x86_64-mingw32/bin/../lib/gcc/nios2-elf/10.1.1/mno-hw-mul\libgcc.a(eqdf2.o)
 .bss           0x0000000000015e54        0x0 c:/intelfpga_lite/20.1/nios2eds/bin/gnu/h-x86_64-mingw32/bin/../lib/gcc/nios2-elf/10.1.1/mno-hw-mul\libgcc.a(gedf2.o)
 .bss           0x0000000000015e54        0x0 c:/intelfpga_lite/20.1/nios2eds/bin/gnu/h-x86_64-mingw32/bin/../lib/gcc/nios2-elf/10.1.1/mno-hw-mul\libgcc.a(ledf2.o)
 .bss           0x0000000000015e54        0x0 c:/intelfpga_lite/20.1/nios2eds/bin/gnu/h-x86_64-mingw32/bin/../lib/gcc/nios2-elf/10.1.1/mno-hw-mul\libgcc.a(muldf3.o)
 .bss           0x0000000000015e54        0x0 c:/intelfpga_lite/20.1/nios2eds/bin/gnu/h-x86_64-mingw32/bin/../lib/gcc/nios2-elf/10.1.1/mno-hw-mul\libgcc.a(subdf3.o)
 .bss           0x0000000000015e54        0x0 c:/intelfpga_lite/20.1/nios2eds/bin/gnu/h-x86_64-mingw32/bin/../lib/gcc/nios2-elf/10.1.1/mno-hw-mul\libgcc.a(fixdfsi.o)
 .bss           0x0000000000015e54        0x0 c:/intelfpga_lite/20.1/nios2eds/bin/gnu/h-x86_64-mingw32/bin/../lib/gcc/nios2-elf/10.1.1/mno-hw-mul\libgcc.a(floatsidf.o)
 .bss           0x0000000000015e54        0x0 c:/intelfpga_lite/20.1/nios2eds/bin/gnu/h-x86_64-mingw32/bin/../lib/gcc/nios2-elf/10.1.1/mno-hw-mul\libgcc.a(floatunsidf.o)
 .bss           0x0000000000015e54        0x0 c:/intelfpga_lite/20.1/nios2eds/bin/gnu/h-x86_64-mingw32/bin/../lib/gcc/nios2-elf/10.1.1/mno-hw-mul\libgcc.a(extendsfdf2.o)
 .bss           0x0000000000015e54        0x0 c:/intelfpga_lite/20.1/nios2eds/bin/gnu/h-x86_64-mingw32/bin/../lib/gcc/nios2-elf/10.1.1/mno-hw-mul\libgcc.a(_clz.o)
 .bss           0x0000000000015e54        0x0 c:/intelfpga_lite/20.1/nios2eds/bin/gnu/h-x86_64-mingw32/bin/../lib/gcc/nios2-elf/10.1.1/mno-hw-mul\libgcc.a(_clzsi2.o)
 .bss           0x0000000000015e54        0x0 c:/intelfpga_lite/20.1/nios2eds/bin/gnu/h-x86_64-mingw32/bin/../lib/gcc/nios2-elf/10.1.1/../../../../../H-x86_64-mingw32/nios2-elf/lib/mno-hw-mul\libc.a(lib_a-errno.o)
 .bss           0x0000000000015e54        0x0 c:/intelfpga_lite/20.1/nios2eds/bin/gnu/h-x86_64-mingw32/bin/../lib/gcc/nios2-elf/10.1.1/../../../../../H-x86_64-mingw32/nios2-elf/lib/mno-hw-mul\libc.a(lib_a-impure.o)
 .bss           0x0000000000015e54        0x0 c:/intelfpga_lite/20.1/nios2eds/bin/gnu/h-x86_64-mingw32/bin/../lib/gcc/nios2-elf/10.1.1/../../../../../H-x86_64-mingw32/nios2-elf/lib/mno-hw-mul\libc.a(lib_a-memcpy.o)
 .bss           0x0000000000015e54        0x0 c:/GitHub/FAccel-CNN/hardware/intel_fpga/development_kits/terasic_de0_nano/quartus_projects/inference_test/20.1/software/bringup_test_bsp/\libhal_bsp.a(alt_load.o)
 .bss           0x0000000000015e54        0x0 c:/GitHub/FAccel-CNN/hardware/intel_fpga/development_kits/terasic_de0_nano/quartus_projects/inference_test/20.1/software/bringup_test_bsp/\libhal_bsp.a(alt_main.o)
 .bss           0x0000000000015e54        0x0 c:/GitHub/FAccel-CNN/hardware/intel_fpga/development_kits/terasic_de0_nano/quartus_projects/inference_test/20.1/software/bringup_test_bsp/\libhal_bsp.a(alt_printf.o)